Archive member included because of file (symbol)

c:/altera/13.0sp1good/nios2eds/bin/gnu/h-i686-mingw32/bin/../lib/gcc/nios2-elf/4.1.2\libgcc.a(_mul_df.o)
                              obj/default/touchScreen.o (__muldf3)
c:/altera/13.0sp1good/nios2eds/bin/gnu/h-i686-mingw32/bin/../lib/gcc/nios2-elf/4.1.2\libgcc.a(_div_df.o)
                              obj/default/touchScreen.o (__divdf3)
c:/altera/13.0sp1good/nios2eds/bin/gnu/h-i686-mingw32/bin/../lib/gcc/nios2-elf/4.1.2\libgcc.a(_si_to_df.o)
                              obj/default/touchScreen.o (__floatsidf)
c:/altera/13.0sp1good/nios2eds/bin/gnu/h-i686-mingw32/bin/../lib/gcc/nios2-elf/4.1.2\libgcc.a(_df_to_si.o)
                              obj/default/touchScreen.o (__fixdfsi)
c:/altera/13.0sp1good/nios2eds/bin/gnu/h-i686-mingw32/bin/../lib/gcc/nios2-elf/4.1.2\libgcc.a(_thenan_df.o)
                              c:/altera/13.0sp1good/nios2eds/bin/gnu/h-i686-mingw32/bin/../lib/gcc/nios2-elf/4.1.2\libgcc.a(_mul_df.o) (__thenan_df)
c:/altera/13.0sp1good/nios2eds/bin/gnu/h-i686-mingw32/bin/../lib/gcc/nios2-elf/4.1.2\libgcc.a(_muldi3.o)
                              c:/altera/13.0sp1good/nios2eds/bin/gnu/h-i686-mingw32/bin/../lib/gcc/nios2-elf/4.1.2\libgcc.a(_mul_df.o) (__muldi3)
c:/altera/13.0sp1good/nios2eds/bin/gnu/h-i686-mingw32/bin/../lib/gcc/nios2-elf/4.1.2\libgcc.a(_clzsi2.o)
                              c:/altera/13.0sp1good/nios2eds/bin/gnu/h-i686-mingw32/bin/../lib/gcc/nios2-elf/4.1.2\libgcc.a(_si_to_df.o) (__clzsi2)
c:/altera/13.0sp1good/nios2eds/bin/gnu/h-i686-mingw32/bin/../lib/gcc/nios2-elf/4.1.2\libgcc.a(_pack_df.o)
                              c:/altera/13.0sp1good/nios2eds/bin/gnu/h-i686-mingw32/bin/../lib/gcc/nios2-elf/4.1.2\libgcc.a(_mul_df.o) (__pack_d)
c:/altera/13.0sp1good/nios2eds/bin/gnu/h-i686-mingw32/bin/../lib/gcc/nios2-elf/4.1.2\libgcc.a(_unpack_df.o)
                              c:/altera/13.0sp1good/nios2eds/bin/gnu/h-i686-mingw32/bin/../lib/gcc/nios2-elf/4.1.2\libgcc.a(_mul_df.o) (__unpack_d)
c:/altera/13.0sp1good/nios2eds/bin/gnu/h-i686-mingw32/bin/../lib/gcc/nios2-elf/4.1.2\libgcc.a(_clz.o)
                              c:/altera/13.0sp1good/nios2eds/bin/gnu/h-i686-mingw32/bin/../lib/gcc/nios2-elf/4.1.2\libgcc.a(_clzsi2.o) (__clz_tab)
c:/altera/13.0sp1good/nios2eds/bin/gnu/h-i686-mingw32/bin/../lib/gcc/nios2-elf/4.1.2/../../../../nios2-elf/lib\libc.a(lib_a-puts.o)
                              obj/default/touchButtonMain.o (puts)
c:/altera/13.0sp1good/nios2eds/bin/gnu/h-i686-mingw32/bin/../lib/gcc/nios2-elf/4.1.2/../../../../nios2-elf/lib\libc.a(lib_a-strlen.o)
                              c:/altera/13.0sp1good/nios2eds/bin/gnu/h-i686-mingw32/bin/../lib/gcc/nios2-elf/4.1.2/../../../../nios2-elf/lib\libc.a(lib_a-puts.o) (strlen)
c:/altera/13.0sp1good/nios2eds/bin/gnu/h-i686-mingw32/bin/../lib/gcc/nios2-elf/4.1.2/../../../../nios2-elf/lib\libc.a(lib_a-fvwrite.o)
                              c:/altera/13.0sp1good/nios2eds/bin/gnu/h-i686-mingw32/bin/../lib/gcc/nios2-elf/4.1.2/../../../../nios2-elf/lib\libc.a(lib_a-puts.o) (__sfvwrite_r)
c:/altera/13.0sp1good/nios2eds/bin/gnu/h-i686-mingw32/bin/../lib/gcc/nios2-elf/4.1.2/../../../../nios2-elf/lib\libc.a(lib_a-impure.o)
                              c:/altera/13.0sp1good/nios2eds/bin/gnu/h-i686-mingw32/bin/../lib/gcc/nios2-elf/4.1.2/../../../../nios2-elf/lib\libc.a(lib_a-puts.o) (_impure_ptr)
c:/altera/13.0sp1good/nios2eds/bin/gnu/h-i686-mingw32/bin/../lib/gcc/nios2-elf/4.1.2/../../../../nios2-elf/lib\libc.a(lib_a-mallocr.o)
                              c:/altera/13.0sp1good/nios2eds/bin/gnu/h-i686-mingw32/bin/../lib/gcc/nios2-elf/4.1.2/../../../../nios2-elf/lib\libc.a(lib_a-fvwrite.o) (_malloc_r)
c:/altera/13.0sp1good/nios2eds/bin/gnu/h-i686-mingw32/bin/../lib/gcc/nios2-elf/4.1.2/../../../../nios2-elf/lib\libc.a(lib_a-memchr.o)
                              c:/altera/13.0sp1good/nios2eds/bin/gnu/h-i686-mingw32/bin/../lib/gcc/nios2-elf/4.1.2/../../../../nios2-elf/lib\libc.a(lib_a-fvwrite.o) (memchr)
c:/altera/13.0sp1good/nios2eds/bin/gnu/h-i686-mingw32/bin/../lib/gcc/nios2-elf/4.1.2/../../../../nios2-elf/lib\libc.a(lib_a-memcpy.o)
                              c:/altera/13.0sp1good/nios2eds/bin/gnu/h-i686-mingw32/bin/../lib/gcc/nios2-elf/4.1.2/../../../../nios2-elf/lib\libc.a(lib_a-fvwrite.o) (memcpy)
c:/altera/13.0sp1good/nios2eds/bin/gnu/h-i686-mingw32/bin/../lib/gcc/nios2-elf/4.1.2/../../../../nios2-elf/lib\libc.a(lib_a-memmove.o)
                              c:/altera/13.0sp1good/nios2eds/bin/gnu/h-i686-mingw32/bin/../lib/gcc/nios2-elf/4.1.2/../../../../nios2-elf/lib\libc.a(lib_a-fvwrite.o) (memmove)
c:/altera/13.0sp1good/nios2eds/bin/gnu/h-i686-mingw32/bin/../lib/gcc/nios2-elf/4.1.2/../../../../nios2-elf/lib\libc.a(lib_a-reallocr.o)
                              c:/altera/13.0sp1good/nios2eds/bin/gnu/h-i686-mingw32/bin/../lib/gcc/nios2-elf/4.1.2/../../../../nios2-elf/lib\libc.a(lib_a-fvwrite.o) (_realloc_r)
[...]
Memory Configuration

Name             Origin             Length             Attributes
onchip_memory2_0 0x00000000         0x00001000
reset            0x01000000         0x00000020
new_sdram_controller_0 0x01000020         0x007fffe0
*default*        0x00000000         0xffffffff

Linker script and memory map

LOAD ../touchButtonEx_bsp//obj/HAL/src/crt0.o
LOAD obj/default/graphics.o
LOAD obj/default/touchButtonMain.o
LOAD obj/default/touchScreen.o
LOAD c:/altera/13.0sp1good/nios2eds/bin/gnu/h-i686-mingw32/bin/../lib/gcc/nios2-elf/4.1.2/../../../../nios2-elf/lib\libstdc++.a
LOAD c:/altera/13.0sp1good/nios2eds/bin/gnu/h-i686-mingw32/bin/../lib/gcc/nios2-elf/4.1.2/../../../../nios2-elf/lib\libm.a
LOAD c:/altera/13.0sp1good/nios2eds/bin/gnu/h-i686-mingw32/bin/../lib/gcc/nios2-elf/4.1.2\libgcc.a
START GROUP
LOAD c:/altera/13.0sp1good/nios2eds/bin/gnu/h-i686-mingw32/bin/../lib/gcc/nios2-elf/4.1.2/../../../../nios2-elf/lib\libc.a
LOAD c:/altera/13.0sp1good/nios2eds/bin/gnu/h-i686-mingw32/bin/../lib/gcc/nios2-elf/4.1.2\libgcc.a
LOAD ../touchButtonEx_bsp/\libhal_bsp.a
END GROUP
LOAD c:/altera/13.0sp1good/nios2eds/bin/gnu/h-i686-mingw32/bin/../lib/gcc/nios2-elf/4.1.2\libgcc.a
                0x00000000                __alt_mem_onchip_memory2_0 = 0x0
                0x01000000                __alt_mem_new_sdram_controller_0 = 0x1000000

.entry          0x01000000       0x20
 *(.entry)
 .entry         0x01000000       0x20 ../touchButtonEx_bsp//obj/HAL/src/crt0.o
                0x01000000                __reset

.exceptions     0x01000020      0x198
                0x01000020                PROVIDE (__ram_exceptions_start, ABSOLUTE (.))
                0x01000020                . = ALIGN (0x20)
 *(.irq)
 *(.exceptions.entry.label)
 .exceptions.entry.label
                0x01000020        0x0 ../touchButtonEx_bsp/\libhal_bsp.a(alt_irq_entry.o)
                0x01000020                alt_irq_entry
 .exceptions.entry.label
                0x01000020        0x0 ../touchButtonEx_bsp/\libhal_bsp.a(alt_exception_entry.o)
                0x01000020                alt_exception
 *(.exceptions.entry.user)
 *(.exceptions.entry)
 .exceptions.entry
                0x01000020       0x54 ../touchButtonEx_bsp/\libhal_bsp.a(alt_exception_entry.o)
 *(.exceptions.irqtest.user)
 *(.exceptions.irqtest)
 .exceptions.irqtest
                0x01000074       0x10 ../touchButtonEx_bsp/\libhal_bsp.a(alt_irq_entry.o)
 *(.exceptions.irqhandler.user)
 *(.exceptions.irqhandler)
 .exceptions.irqhandler
                0x01000084        0x4 ../touchButtonEx_bsp/\libhal_bsp.a(alt_irq_entry.o)
 *(.exceptions.irqreturn.user)
 *(.exceptions.irqreturn)
 .exceptions.irqreturn
                0x01000088        0x4 ../touchButtonEx_bsp/\libhal_bsp.a(alt_irq_entry.o)
 *(.exceptions.notirq.label)
 .exceptions.notirq.label
                0x0100008c        0x0 ../touchButtonEx_bsp/\libhal_bsp.a(alt_irq_entry.o)
 *(.exceptions.notirq.user)
 *(.exceptions.notirq)
 .exceptions.notirq
                0x0100008c        0x8 ../touchButtonEx_bsp/\libhal_bsp.a(alt_exception_entry.o)
 *(.exceptions.soft.user)
 *(.exceptions.soft)
 *(.exceptions.unknown.user)
 *(.exceptions.unknown)
 .exceptions.unknown
                0x01000094        0x4 ../touchButtonEx_bsp/\libhal_bsp.a(alt_exception_entry.o)
 *(.exceptions.exit.label)
 .exceptions.exit.label
                0x01000098        0x0 ../touchButtonEx_bsp/\libhal_bsp.a(alt_irq_entry.o)
 .exceptions.exit.label
                0x01000098        0x0 ../touchButtonEx_bsp/\libhal_bsp.a(alt_exception_entry.o)
 *(.exceptions.exit.user)
 *(.exceptions.exit)
 .exceptions.exit
                0x01000098       0x54 ../touchButtonEx_bsp/\libhal_bsp.a(alt_exception_entry.o)
 *(.exceptions)
 .exceptions    0x010000ec       0xcc ../touchButtonEx_bsp/\libhal_bsp.a(alt_irq_handler.o)
                0x010000ec                alt_irq_handler
                0x010001b8                PROVIDE (__ram_exceptions_end, ABSOLUTE (.))
                0x01000020                PROVIDE (__flash_exceptions_start, LOADADDR (.exceptions))

.text           0x010001b8     0x8094
                0x010001b8                PROVIDE (stext, ABSOLUTE (.))
 *(.interp)
 *(.hash)
 *(.dynsym)
 *(.dynstr)
 *(.gnu.version)
 *(.gnu.version_d)
 *(.gnu.version_r)
 *(.rel.init)
 *(.rela.init)
 *(.rel.text .rel.text.* .rel.gnu.linkonce.t.*)
 *(.rela.text .rela.text.* .rela.gnu.linkonce.t.*)
 *(.rel.fini)
 *(.rela.fini)
 *(.rel.rodata .rel.rodata.* .rel.gnu.linkonce.r.*)
 *(.rela.rodata .rela.rodata.* .rela.gnu.linkonce.r.*)
 *(.rel.data .rel.data.* .rel.gnu.linkonce.d.*)
 *(.rela.data .rela.data.* .rela.gnu.linkonce.d.*)
 *(.rel.tdata .rel.tdata.* .rel.gnu.linkonce.td.*)
 *(.rela.tdata .rela.tdata.* .rela.gnu.linkonce.td.*)
 *(.rel.tbss .rel.tbss.* .rel.gnu.linkonce.tb.*)
 *(.rela.tbss .rela.tbss.* .rela.gnu.linkonce.tb.*)
 *(.rel.ctors)
 *(.rela.ctors)
 *(.rel.dtors)
 *(.rela.dtors)
 *(.rel.got)
 *(.rela.got)
 *(.rel.sdata .rel.sdata.* .rel.gnu.linkonce.s.*)
 *(.rela.sdata .rela.sdata.* .rela.gnu.linkonce.s.*)
 *(.rel.sbss .rel.sbss.* .rel.gnu.linkonce.sb.*)
 *(.rela.sbss .rela.sbss.* .rela.gnu.linkonce.sb.*)
 *(.rel.sdata2 .rel.sdata2.* .rel.gnu.linkonce.s2.*)
 *(.rela.sdata2 .rela.sdata2.* .rela.gnu.linkonce.s2.*)
 *(.rel.sbss2 .rel.sbss2.* .rel.gnu.linkonce.sb2.*)
 *(.rela.sbss2 .rela.sbss2.* .rela.gnu.linkonce.sb2.*)
 *(.rel.bss .rel.bss.* .rel.gnu.linkonce.b.*)
 *(.rela.bss .rela.bss.* .rela.gnu.linkonce.b.*)
 *(.rel.plt)
 *(.rela.plt)
 *(.rel.dyn)
 *(.init)
 *(.plt)
 *(.text .stub .text.* .gnu.linkonce.t.*)
 .text          0x010001b8       0x4c ../touchButtonEx_bsp//obj/HAL/src/crt0.o
                0x010001b8                _start
 .text          0x01000204      0x6dc obj/default/graphics.o
                0x01000204                WriteAPixel
                0x01000280                ReadAPixel
                0x01000310                WriteHLine
                0x010003b0                WriteVLine
                0x01000450                WriteLine
                0x010004f0                ProgramPalette
                0x0100056c                HLine
                0x010005dc                VLine
                0x0100064c                abs
                0x01000694                sign
                0x010006ec                Line
 .text          0x010008e0      0xafc obj/default/touchButtonMain.o
                0x010008e0                black_screen
                0x0100093c                white_red_screen
                0x010009d0                speed_comparison
                0x01000c14                line_comparison
                0x01001028                connect_points
                0x010011b8                draw_bottom_part
                0x010012d0                draw_top_part
                0x01001338                main
 .text          0x010013dc      0x5ac obj/default/touchScreen.o
                0x010013dc                Init_Touch
                0x010014cc                ScreenTouched
                0x01001534                WaitForTouch
                0x01001564                GetPress
                0x01001758                GetRelease
 .text          0x01001988      0x3c4 c:/altera/13.0sp1good/nios2eds/bin/gnu/h-i686-mingw32/bin/../lib/gcc/nios2-elf/4.1.2\libgcc.a(_mul_df.o)
                0x01001988                __muldf3
 .text          0x01001d4c      0x258 c:/altera/13.0sp1good/nios2eds/bin/gnu/h-i686-mingw32/bin/../lib/gcc/nios2-elf/4.1.2\libgcc.a(_div_df.o)
                0x01001d4c                __divdf3
 .text          0x01001fa4       0xf8 c:/altera/13.0sp1good/nios2eds/bin/gnu/h-i686-mingw32/bin/../lib/gcc/nios2-elf/4.1.2\libgcc.a(_si_to_df.o)
                0x01001fa4                __floatsidf
 .text          0x0100209c       0xd8 c:/altera/13.0sp1good/nios2eds/bin/gnu/h-i686-mingw32/bin/../lib/gcc/nios2-elf/4.1.2\libgcc.a(_df_to_si.o)
                0x0100209c                __fixdfsi
 .text          0x01002174        0x0 c:/altera/13.0sp1good/nios2eds/bin/gnu/h-i686-mingw32/bin/../lib/gcc/nios2-elf/4.1.2\libgcc.a(_thenan_df.o)
 .text          0x01002174       0x98 c:/altera/13.0sp1good/nios2eds/bin/gnu/h-i686-mingw32/bin/../lib/gcc/nios2-elf/4.1.2\libgcc.a(_muldi3.o)
                0x01002174                __muldi3
 .text          0x0100220c       0x80 c:/altera/13.0sp1good/nios2eds/bin/gnu/h-i686-mingw32/bin/../lib/gcc/nios2-elf/4.1.2\libgcc.a(_clzsi2.o)
                0x0100220c                __clzsi2
 .text          0x0100228c      0x314 c:/altera/13.0sp1good/nios2eds/bin/gnu/h-i686-mingw32/bin/../lib/gcc/nios2-elf/4.1.2\libgcc.a(_pack_df.o)
                0x0100228c                __pack_d
 .text          0x010025a0      0x138 c:/altera/13.0sp1good/nios2eds/bin/gnu/h-i686-mingw32/bin/../lib/gcc/nios2-elf/4.1.2\libgcc.a(_unpack_df.o)
                0x010025a0                __unpack_d
 .text          0x010026d8        0x0 c:/altera/13.0sp1good/nios2eds/bin/gnu/h-i686-mingw32/bin/../lib/gcc/nios2-elf/4.1.2\libgcc.a(_clz.o)
 .text          0x010026d8       0xb4 c:/altera/13.0sp1good/nios2eds/bin/gnu/h-i686-mingw32/bin/../lib/gcc/nios2-elf/4.1.2/../../../../nios2-elf/lib\libc.a(lib_a-puts.o)
                0x010026d8                _puts_r
                0x01002778                puts
 .text          0x0100278c       0x74 c:/altera/13.0sp1good/nios2eds/bin/gnu/h-i686-mingw32/bin/../lib/gcc/nios2-elf/4.1.2/../../../../nios2-elf/lib\libc.a(lib_a-strlen.o)
                0x0100278c                strlen
 .text          0x01002800      0x49c c:/altera/13.0sp1good/nios2eds/bin/gnu/h-i686-mingw32/bin/../lib/gcc/nios2-elf/4.1.2/../../../../nios2-elf/lib\libc.a(lib_a-fvwrite.o)
                0x01002800                __sfvwrite_r
 .text          0x01002c9c        0x0 c:/altera/13.0sp1good/nios2eds/bin/gnu/h-i686-mingw32/bin/../lib/gcc/nios2-elf/4.1.2/../../../../nios2-elf/lib\libc.a(lib_a-impure.o)
 .text          0x01002c9c      0x740 c:/altera/13.0sp1good/nios2eds/bin/gnu/h-i686-mingw32/bin/../lib/gcc/nios2-elf/4.1.2/../../../../nios2-elf/lib\libc.a(lib_a-mallocr.o)
                0x01002c9c                _malloc_r
 .text          0x010033dc       0xe4 c:/altera/13.0sp1good/nios2eds/bin/gnu/h-i686-mingw32/bin/../lib/gcc/nios2-elf/4.1.2/../../../../nios2-elf/lib\libc.a(lib_a-memchr.o)
                0x010033dc                memchr
 .text          0x010034c0       0xa0 c:/altera/13.0sp1good/nios2eds/bin/gnu/h-i686-mingw32/bin/../lib/gcc/nios2-elf/4.1.2/../../../../nios2-elf/lib\libc.a(lib_a-memcpy.o)
                0x010034c0                memcpy
 .text          0x01003560       0xe0 c:/altera/13.0sp1good/nios2eds/bin/gnu/h-i686-mingw32/bin/../lib/gcc/nios2-elf/4.1.2/../../../../nios2-elf/lib\libc.a(lib_a-memmove.o)
                0x01003560                memmove
 .text          0x01003640      0x5f4 c:/altera/13.0sp1good/nios2eds/bin/gnu/h-i686-mingw32/bin/../lib/gcc/nios2-elf/4.1.2/../../../../nios2-elf/lib\libc.a(lib_a-reallocr.o)
                0x01003640                _realloc_r
 .text          0x01003c34       0x70 c:/altera/13.0sp1good/nios2eds/bin/gnu/h-i686-mingw32/bin/../lib/gcc/nios2-elf/4.1.2/../../../../nios2-elf/lib\libc.a(lib_a-sbrkr.o)
                0x01003c34                _sbrk_r
 .text          0x01003ca4      0x13c c:/altera/13.0sp1good/nios2eds/bin/gnu/h-i686-mingw32/bin/../lib/gcc/nios2-elf/4.1.2/../../../../nios2-elf/lib\libc.a(lib_a-wsetup.o)
                0x01003ca4                __swsetup_r
 .text          0x01003de0      0x230 c:/altera/13.0sp1good/nios2eds/bin/gnu/h-i686-mingw32/bin/../lib/gcc/nios2-elf/4.1.2/../../../../nios2-elf/lib\libc.a(lib_a-fflush.o)
                0x01003de0                _fflush_r
                0x01003fdc                fflush
 .text          0x01004010      0x2c0 c:/altera/13.0sp1good/nios2eds/bin/gnu/h-i686-mingw32/bin/../lib/gcc/nios2-elf/4.1.2/../../../../nios2-elf/lib\libc.a(lib_a-findfp.o)
                0x01004068                __sfp_lock_acquire
                0x0100406c                __sfp_lock_release
                0x01004070                __sinit_lock_acquire
                0x01004074                __sinit_lock_release
                0x01004078                __sinit
                0x0100412c                __fp_unlock_all
                0x01004144                __fp_lock_all
                0x0100415c                _cleanup_r
                0x01004168                _cleanup
                0x01004178                __sfmoreglue
                0x010041e0                __sfp
 .text          0x010042d0      0x440 c:/altera/13.0sp1good/nios2eds/bin/gnu/h-i686-mingw32/bin/../lib/gcc/nios2-elf/4.1.2/../../../../nios2-elf/lib\libc.a(lib_a-freer.o)
                0x010042d0                _malloc_trim_r
                0x010043fc                _free_r
 .text          0x01004710      0x180 c:/altera/13.0sp1good/nios2eds/bin/gnu/h-i686-mingw32/bin/../lib/gcc/nios2-elf/4.1.2/../../../../nios2-elf/lib\libc.a(lib_a-fwalk.o)
                0x01004710                _fwalk_reent
                0x010047d8                _fwalk
 .text          0x01004890        0x0 c:/altera/13.0sp1good/nios2eds/bin/gnu/h-i686-mingw32/bin/../lib/gcc/nios2-elf/4.1.2/../../../../nios2-elf/lib\libc.a(lib_a-int_errno.o)
 .text          0x01004890      0x194 c:/altera/13.0sp1good/nios2eds/bin/gnu/h-i686-mingw32/bin/../lib/gcc/nios2-elf/4.1.2/../../../../nios2-elf/lib\libc.a(lib_a-makebuf.o)
                0x01004890                __smakebuf_r
 .text          0x01004a24       0x98 c:/altera/13.0sp1good/nios2eds/bin/gnu/h-i686-mingw32/bin/../lib/gcc/nios2-elf/4.1.2/../../../../nios2-elf/lib\libc.a(lib_a-memset.o)
                0x01004a24                memset
 .text          0x01004abc      0x14c c:/altera/13.0sp1good/nios2eds/bin/gnu/h-i686-mingw32/bin/../lib/gcc/nios2-elf/4.1.2/../../../../nios2-elf/lib\libc.a(lib_a-stdio.o)
                0x01004abc                __sclose
                0x01004ac4                __sseek
                0x01004b2c                __swrite
                0x01004ba8                __sread
 .text          0x01004c08       0x78 c:/altera/13.0sp1good/nios2eds/bin/gnu/h-i686-mingw32/bin/../lib/gcc/nios2-elf/4.1.2/../../../../nios2-elf/lib\libc.a(lib_a-writer.o)
                0x01004c08                _write_r
 .text          0x01004c80       0x70 c:/altera/13.0sp1good/nios2eds/bin/gnu/h-i686-mingw32/bin/../lib/gcc/nios2-elf/4.1.2/../../../../nios2-elf/lib\libc.a(lib_a-closer.o)
                0x01004c80                _close_r
 .text          0x01004cf0      0x124 c:/altera/13.0sp1good/nios2eds/bin/gnu/h-i686-mingw32/bin/../lib/gcc/nios2-elf/4.1.2/../../../../nios2-elf/lib\libc.a(lib_a-fclose.o)
                0x01004cf0                _fclose_r
                0x01004e00                fclose
 .text          0x01004e14       0x74 c:/altera/13.0sp1good/nios2eds/bin/gnu/h-i686-mingw32/bin/../lib/gcc/nios2-elf/4.1.2/../../../../nios2-elf/lib\libc.a(lib_a-fstatr.o)
                0x01004e14                _fstat_r
 .text          0x01004e88       0x70 c:/altera/13.0sp1good/nios2eds/bin/gnu/h-i686-mingw32/bin/../lib/gcc/nios2-elf/4.1.2/../../../../nios2-elf/lib\libc.a(lib_a-isattyr.o)
                0x01004e88                _isatty_r
 .text          0x01004ef8       0x78 c:/altera/13.0sp1good/nios2eds/bin/gnu/h-i686-mingw32/bin/../lib/gcc/nios2-elf/4.1.2/../../../../nios2-elf/lib\libc.a(lib_a-lseekr.o)
                0x01004ef8                _lseek_r
 .text          0x01004f70       0x78 c:/altera/13.0sp1good/nios2eds/bin/gnu/h-i686-mingw32/bin/../lib/gcc/nios2-elf/4.1.2/../../../../nios2-elf/lib\libc.a(lib_a-readr.o)
                0x01004f70                _read_r
 .text          0x01004fe8      0x15c ../touchButtonEx_bsp/\libhal_bsp.a(alt_close.o)
                0x01004fe8                close
 .text          0x01005144       0x2c ../touchButtonEx_bsp/\libhal_bsp.a(alt_dev.o)
 .text          0x01005170        0x0 ../touchButtonEx_bsp/\libhal_bsp.a(alt_errno.o)
 .text          0x01005170      0x134 ../touchButtonEx_bsp/\libhal_bsp.a(alt_fstat.o)
                0x01005170                fstat
 .text          0x010052a4      0x120 ../touchButtonEx_bsp/\libhal_bsp.a(alt_isatty.o)
                0x010052a4                isatty
 .text          0x010053c4       0xec ../touchButtonEx_bsp/\libhal_bsp.a(alt_load.o)
                0x010053c4                alt_load
 .text          0x010054b0      0x150 ../touchButtonEx_bsp/\libhal_bsp.a(alt_lseek.o)
                0x010054b0                lseek
 .text          0x01005600       0x6c ../touchButtonEx_bsp/\libhal_bsp.a(alt_main.o)
                0x01005600                alt_main
 .text          0x0100566c       0x40 ../touchButtonEx_bsp/\libhal_bsp.a(alt_malloc_lock.o)
                0x0100566c                __malloc_lock
                0x0100568c                __malloc_unlock
 .text          0x010056ac      0x180 ../touchButtonEx_bsp/\libhal_bsp.a(alt_read.o)
                0x010056ac                read
 .text          0x0100582c       0x60 ../touchButtonEx_bsp/\libhal_bsp.a(alt_release_fd.o)
                0x0100582c                alt_release_fd
 .text          0x0100588c       0xbc ../touchButtonEx_bsp/\libhal_bsp.a(alt_sbrk.o)
                0x0100588c                sbrk
 .text          0x01005948      0x180 ../touchButtonEx_bsp/\libhal_bsp.a(alt_write.o)
                0x01005948                write
 .text          0x01005ac8       0xe8 ../touchButtonEx_bsp/\libhal_bsp.a(alt_sys_init.o)
                0x01005ac8                alt_irq_init
                0x01005afc                alt_sys_init
 .text          0x01005bb0      0x148 ../touchButtonEx_bsp/\libhal_bsp.a(altera_avalon_jtag_uart_fd.o)
                0x01005bb0                altera_avalon_jtag_uart_read_fd
                0x01005c08                altera_avalon_jtag_uart_write_fd
                0x01005c60                altera_avalon_jtag_uart_close_fd
                0x01005ca8                altera_avalon_jtag_uart_ioctl_fd
 .text          0x01005cf8      0x408 ../touchButtonEx_bsp/\libhal_bsp.a(altera_avalon_jtag_uart_init.o)
                0x01005cf8                altera_avalon_jtag_uart_init
                0x0100608c                altera_avalon_jtag_uart_close
 .text          0x01006100       0xf4 ../touchButtonEx_bsp/\libhal_bsp.a(altera_avalon_jtag_uart_ioctl.o)
                0x01006100                altera_avalon_jtag_uart_ioctl
 .text          0x010061f4      0x224 ../touchButtonEx_bsp/\libhal_bsp.a(altera_avalon_jtag_uart_read.o)
                0x010061f4                altera_avalon_jtag_uart_read
 .text          0x01006418      0x240 ../touchButtonEx_bsp/\libhal_bsp.a(altera_avalon_jtag_uart_write.o)
                0x01006418                altera_avalon_jtag_uart_write
 .text          0x01006658       0xfc ../touchButtonEx_bsp/\libhal_bsp.a(altera_avalon_timer_sc.o)
                0x010066cc                alt_avalon_timer_sc_init
 .text          0x01006754      0x530 ../touchButtonEx_bsp/\libhal_bsp.a(altera_up_avalon_character_lcd.o)
                0x01006754                get_DDRAM_addr
                0x010067d0                alt_up_character_lcd_send_cmd
                0x01006804                alt_up_character_lcd_init
                0x01006838                alt_up_character_lcd_open_dev
                0x01006878                alt_up_character_lcd_write
                0x010068f0                alt_up_character_lcd_string
                0x01006968                alt_up_character_lcd_write_fd
                0x010069b4                alt_up_character_lcd_set_cursor_pos
                0x01006a2c                alt_up_character_lcd_shift_cursor
                0x01006adc                alt_up_character_lcd_shift_display
                0x01006b8c                alt_up_character_lcd_erase_pos
                0x01006c1c                alt_up_character_lcd_cursor_off
                0x01006c50                alt_up_character_lcd_cursor_blink_on
 .text          0x01006c84      0x398 ../touchButtonEx_bsp/\libhal_bsp.a(altera_up_avalon_rs232.o)
                0x01006c84                alt_up_rs232_enable_read_interrupt
                0x01006cd8                alt_up_rs232_disable_read_interrupt
                0x01006d30                alt_up_rs232_get_used_space_in_read_FIFO
                0x01006d6c                alt_up_rs232_get_available_space_in_write_FIFO
                0x01006dac                alt_up_rs232_check_parity
                0x01006dfc                alt_up_rs232_write_data
                0x01006e44                alt_up_rs232_read_data
                0x01006eb8                alt_up_rs232_read_fd
                0x01006f48                alt_up_rs232_write_fd
                0x01006fdc                alt_up_rs232_open_dev
 .text          0x0100701c      0x154 ../touchButtonEx_bsp/\libhal_bsp.a(alt_alarm_start.o)
                0x0100701c                alt_alarm_start
 .text          0x01007170       0x44 ../touchButtonEx_bsp/\libhal_bsp.a(alt_dcache_flush_all.o)
                0x01007170                alt_dcache_flush_all
 .text          0x010071b4      0x114 ../touchButtonEx_bsp/\libhal_bsp.a(alt_dev_llist_insert.o)
                0x010071b4                alt_dev_llist_insert
 .text          0x010072c8       0x64 ../touchButtonEx_bsp/\libhal_bsp.a(alt_do_ctors.o)
                0x010072c8                _do_ctors
 .text          0x0100732c       0x64 ../touchButtonEx_bsp/\libhal_bsp.a(alt_do_dtors.o)
                0x0100732c                _do_dtors
 .text          0x01007390       0x94 ../touchButtonEx_bsp/\libhal_bsp.a(alt_find_dev.o)
                0x01007390                alt_find_dev
 .text          0x01007424       0x30 ../touchButtonEx_bsp/\libhal_bsp.a(alt_icache_flush_all.o)
                0x01007424                alt_icache_flush_all
 .text          0x01007454      0x13c ../touchButtonEx_bsp/\libhal_bsp.a(alt_io_redirect.o)
                0x01007518                alt_io_redirect
 .text          0x01007590      0x1c0 ../touchButtonEx_bsp/\libhal_bsp.a(alt_irq_register.o)
                0x01007590                alt_irq_register
 .text          0x01007750        0x0 ../touchButtonEx_bsp/\libhal_bsp.a(alt_irq_vars.o)
 .text          0x01007750      0x2c4 ../touchButtonEx_bsp/\libhal_bsp.a(alt_open.o)
                0x0100782c                open
 .text          0x01007a14      0x1a4 ../touchButtonEx_bsp/\libhal_bsp.a(alt_tick.o)
                0x01007a14                alt_alarm_stop
                0x01007aac                alt_tick
 .text          0x01007bb8       0x20 ../touchButtonEx_bsp/\libhal_bsp.a(altera_nios2_qsys_irq.o)
                0x01007bb8                altera_nios2_qsys_irq_init
 .text          0x01007bd8      0x120 ../touchButtonEx_bsp/\libhal_bsp.a(alt_find_file.o)
                0x01007bd8                alt_find_file
 .text          0x01007cf8       0xb8 ../touchButtonEx_bsp/\libhal_bsp.a(alt_get_fd.o)
                0x01007cf8                alt_get_fd
 .text          0x01007db0       0x90 ../touchButtonEx_bsp/\libhal_bsp.a(alt_icache_flush.o)
                0x01007db0                alt_icache_flush
 .text          0x01007e40        0x0 ../touchButtonEx_bsp/\libhal_bsp.a(alt_irq_entry.o)
 .text          0x01007e40        0x0 ../touchButtonEx_bsp/\libhal_bsp.a(alt_irq_handler.o)
 .text          0x01007e40        0x0 ../touchButtonEx_bsp/\libhal_bsp.a(alt_exception_entry.o)
 .text          0x01007e40       0x14 c:/altera/13.0sp1good/nios2eds/bin/gnu/h-i686-mingw32/bin/../lib/gcc/nios2-elf/4.1.2/../../../../nios2-elf/lib\libc.a(lib_a-atexit.o)
                0x01007e40                atexit
 .text          0x01007e54       0x38 c:/altera/13.0sp1good/nios2eds/bin/gnu/h-i686-mingw32/bin/../lib/gcc/nios2-elf/4.1.2/../../../../nios2-elf/lib\libc.a(lib_a-exit.o)
                0x01007e54                exit
 .text          0x01007e8c       0x74 c:/altera/13.0sp1good/nios2eds/bin/gnu/h-i686-mingw32/bin/../lib/gcc/nios2-elf/4.1.2/../../../../nios2-elf/lib\libc.a(lib_a-memcmp.o)
                0x01007e8c                memcmp
 .text          0x01007f00      0x134 c:/altera/13.0sp1good/nios2eds/bin/gnu/h-i686-mingw32/bin/../lib/gcc/nios2-elf/4.1.2/../../../../nios2-elf/lib\libc.a(lib_a-__atexit.o)
                0x01007f00                __register_exitproc
 .text          0x01008034      0x1b4 c:/altera/13.0sp1good/nios2eds/bin/gnu/h-i686-mingw32/bin/../lib/gcc/nios2-elf/4.1.2/../../../../nios2-elf/lib\libc.a(lib_a-__call_atexit.o)
                0x01008038                __call_exitprocs
 .text          0x010081e8       0x60 ../touchButtonEx_bsp/\libhal_bsp.a(alt_exit.o)
                0x01008228                _exit
 *(.gnu.warning.*)
 *(.fini)
                0x01008248                PROVIDE (__etext, ABSOLUTE (.))
                0x01008248                PROVIDE (_etext, ABSOLUTE (.))
                0x01008248                PROVIDE (etext, ABSOLUTE (.))
 *(.eh_frame_hdr)
                0x01008248                . = ALIGN (0x4)
                0x01008248                PROVIDE (__preinit_array_start, ABSOLUTE (.))
 *(.preinit_array)
                0x01008248                PROVIDE (__preinit_array_end, ABSOLUTE (.))
                0x01008248                PROVIDE (__init_array_start, ABSOLUTE (.))
 *(.init_array)
                0x01008248                PROVIDE (__init_array_end, ABSOLUTE (.))
                0x01008248                PROVIDE (__fini_array_start, ABSOLUTE (.))
 *(.fini_array)
                0x01008248                PROVIDE (__fini_array_end, ABSOLUTE (.))
 *(.eh_frame)
 *(.gcc_except_table)
 *(.dynamic)
                0x01008248                PROVIDE (__CTOR_LIST__, ABSOLUTE (.))
 *(.ctors)
 *(SORT(.ctors.*))
 .ctors.65535   0x01008248        0x4 c:/altera/13.0sp1good/nios2eds/bin/gnu/h-i686-mingw32/bin/../lib/gcc/nios2-elf/4.1.2/../../../../nios2-elf/lib\libc.a(lib_a-__call_atexit.o)
                0x0100824c                PROVIDE (__CTOR_END__, ABSOLUTE (.))
                0x0100824c                PROVIDE (__DTOR_LIST__, ABSOLUTE (.))
 *(.dtors)
 *(SORT(.dtors.*))
                0x0100824c                PROVIDE (__DTOR_END__, ABSOLUTE (.))
 *(.jcr)
                0x0100824c                . = ALIGN (0x4)

.rodata         0x0100824c      0x184
                0x0100824c                PROVIDE (__ram_rodata_start, ABSOLUTE (.))
                0x0100824c                . = ALIGN (0x4)
 *(.rodata .rodata.* .gnu.linkonce.r.*)
 .rodata        0x0100824c        0xc obj/default/touchButtonMain.o
 .rodata        0x01008258       0x14 c:/altera/13.0sp1good/nios2eds/bin/gnu/h-i686-mingw32/bin/../lib/gcc/nios2-elf/4.1.2\libgcc.a(_thenan_df.o)
                0x01008258                __thenan_df
 .rodata        0x0100826c      0x100 c:/altera/13.0sp1good/nios2eds/bin/gnu/h-i686-mingw32/bin/../lib/gcc/nios2-elf/4.1.2\libgcc.a(_clz.o)
                0x0100826c                __clz_tab
 .rodata.str1.4
                0x0100836c        0x2 c:/altera/13.0sp1good/nios2eds/bin/gnu/h-i686-mingw32/bin/../lib/gcc/nios2-elf/4.1.2/../../../../nios2-elf/lib\libc.a(lib_a-puts.o)
                                  0x4 (size before relaxing)
 *fill*         0x0100836e        0x2 00
 .rodata.str1.4
                0x01008370        0x4 c:/altera/13.0sp1good/nios2eds/bin/gnu/h-i686-mingw32/bin/../lib/gcc/nios2-elf/4.1.2/../../../../nios2-elf/lib\libc.a(lib_a-impure.o)
 .rodata        0x01008374        0xc ../touchButtonEx_bsp/\libhal_bsp.a(alt_dev.o)
 .rodata        0x01008380       0x14 ../touchButtonEx_bsp/\libhal_bsp.a(alt_main.o)
 .rodata        0x01008394       0x3c ../touchButtonEx_bsp/\libhal_bsp.a(alt_sys_init.o)
 *(.rodata1)
                0x010083d0                . = ALIGN (0x4)
                0x010083d0                PROVIDE (__ram_rodata_end, ABSOLUTE (.))
                0x0100824c                PROVIDE (__flash_rodata_start, LOADADDR (.rodata))

.rwdata         0x010083d0     0x1aa0 load address 0x01009e70
                0x010083d0                PROVIDE (__ram_rwdata_start, ABSOLUTE (.))
                0x010083d0                . = ALIGN (0x4)
 *(.got.plt)
 *(.got)
 *(.data1)
 *(.data .data.* .gnu.linkonce.d.*)
 .data          0x010083d0        0x0 ../touchButtonEx_bsp//obj/HAL/src/crt0.o
 .data          0x010083d0        0x0 obj/default/graphics.o
 .data          0x010083d0        0x0 obj/default/touchButtonMain.o
 .data          0x010083d0        0x0 obj/default/touchScreen.o
 .data          0x010083d0        0x0 c:/altera/13.0sp1good/nios2eds/bin/gnu/h-i686-mingw32/bin/../lib/gcc/nios2-elf/4.1.2\libgcc.a(_mul_df.o)
 .data          0x010083d0        0x0 c:/altera/13.0sp1good/nios2eds/bin/gnu/h-i686-mingw32/bin/../lib/gcc/nios2-elf/4.1.2\libgcc.a(_div_df.o)
 .data          0x010083d0        0x0 c:/altera/13.0sp1good/nios2eds/bin/gnu/h-i686-mingw32/bin/../lib/gcc/nios2-elf/4.1.2\libgcc.a(_si_to_df.o)
 .data          0x010083d0        0x0 c:/altera/13.0sp1good/nios2eds/bin/gnu/h-i686-mingw32/bin/../lib/gcc/nios2-elf/4.1.2\libgcc.a(_df_to_si.o)
 .data          0x010083d0        0x0 c:/altera/13.0sp1good/nios2eds/bin/gnu/h-i686-mingw32/bin/../lib/gcc/nios2-elf/4.1.2\libgcc.a(_thenan_df.o)
 .data          0x010083d0        0x0 c:/altera/13.0sp1good/nios2eds/bin/gnu/h-i686-mingw32/bin/../lib/gcc/nios2-elf/4.1.2\libgcc.a(_muldi3.o)
 .data          0x010083d0        0x0 c:/altera/13.0sp1good/nios2eds/bin/gnu/h-i686-mingw32/bin/../lib/gcc/nios2-elf/4.1.2\libgcc.a(_clzsi2.o)
 .data          0x010083d0        0x0 c:/altera/13.0sp1good/nios2eds/bin/gnu/h-i686-mingw32/bin/../lib/gcc/nios2-elf/4.1.2\libgcc.a(_pack_df.o)
 .data          0x010083d0        0x0 c:/altera/13.0sp1good/nios2eds/bin/gnu/h-i686-mingw32/bin/../lib/gcc/nios2-elf/4.1.2\libgcc.a(_unpack_df.o)
 .data          0x010083d0        0x0 c:/altera/13.0sp1good/nios2eds/bin/gnu/h-i686-mingw32/bin/../lib/gcc/nios2-elf/4.1.2\libgcc.a(_clz.o)
 .data          0x010083d0        0x0 c:/altera/13.0sp1good/nios2eds/bin/gnu/h-i686-mingw32/bin/../lib/gcc/nios2-elf/4.1.2/../../../../nios2-elf/lib\libc.a(lib_a-puts.o)
 .data          0x010083d0        0x0 c:/altera/13.0sp1good/nios2eds/bin/gnu/h-i686-mingw32/bin/../lib/gcc/nios2-elf/4.1.2/../../../../nios2-elf/lib\libc.a(lib_a-strlen.o)
 .data          0x010083d0        0x0 c:/altera/13.0sp1good/nios2eds/bin/gnu/h-i686-mingw32/bin/../lib/gcc/nios2-elf/4.1.2/../../../../nios2-elf/lib\libc.a(lib_a-fvwrite.o)
 .data          0x010083d0      0x400 c:/altera/13.0sp1good/nios2eds/bin/gnu/h-i686-mingw32/bin/../lib/gcc/nios2-elf/4.1.2/../../../../nios2-elf/lib\libc.a(lib_a-impure.o)
 .data          0x010087d0      0x408 c:/altera/13.0sp1good/nios2eds/bin/gnu/h-i686-mingw32/bin/../lib/gcc/nios2-elf/4.1.2/../../../../nios2-elf/lib\libc.a(lib_a-mallocr.o)
                0x010087d0                __malloc_av_
 .data          0x01008bd8        0x0 c:/altera/13.0sp1good/nios2eds/bin/gnu/h-i686-mingw32/bin/../lib/gcc/nios2-elf/4.1.2/../../../../nios2-elf/lib\libc.a(lib_a-memchr.o)
 .data          0x01008bd8        0x0 c:/altera/13.0sp1good/nios2eds/bin/gnu/h-i686-mingw32/bin/../lib/gcc/nios2-elf/4.1.2/../../../../nios2-elf/lib\libc.a(lib_a-memcpy.o)
 .data          0x01008bd8        0x0 c:/altera/13.0sp1good/nios2eds/bin/gnu/h-i686-mingw32/bin/../lib/gcc/nios2-elf/4.1.2/../../../../nios2-elf/lib\libc.a(lib_a-memmove.o)
 .data          0x01008bd8        0x0 c:/altera/13.0sp1good/nios2eds/bin/gnu/h-i686-mingw32/bin/../lib/gcc/nios2-elf/4.1.2/../../../../nios2-elf/lib\libc.a(lib_a-reallocr.o)
 .data          0x01008bd8        0x0 c:/altera/13.0sp1good/nios2eds/bin/gnu/h-i686-mingw32/bin/../lib/gcc/nios2-elf/4.1.2/../../../../nios2-elf/lib\libc.a(lib_a-sbrkr.o)
 .data          0x01008bd8        0x0 c:/altera/13.0sp1good/nios2eds/bin/gnu/h-i686-mingw32/bin/../lib/gcc/nios2-elf/4.1.2/../../../../nios2-elf/lib\libc.a(lib_a-wsetup.o)
 .data          0x01008bd8        0x0 c:/altera/13.0sp1good/nios2eds/bin/gnu/h-i686-mingw32/bin/../lib/gcc/nios2-elf/4.1.2/../../../../nios2-elf/lib\libc.a(lib_a-fflush.o)
 .data          0x01008bd8        0x0 c:/altera/13.0sp1good/nios2eds/bin/gnu/h-i686-mingw32/bin/../lib/gcc/nios2-elf/4.1.2/../../../../nios2-elf/lib\libc.a(lib_a-findfp.o)
 .data          0x01008bd8        0x0 c:/altera/13.0sp1good/nios2eds/bin/gnu/h-i686-mingw32/bin/../lib/gcc/nios2-elf/4.1.2/../../../../nios2-elf/lib\libc.a(lib_a-freer.o)
 .data          0x01008bd8        0x0 c:/altera/13.0sp1good/nios2eds/bin/gnu/h-i686-mingw32/bin/../lib/gcc/nios2-elf/4.1.2/../../../../nios2-elf/lib\libc.a(lib_a-fwalk.o)
 .data          0x01008bd8        0x0 c:/altera/13.0sp1good/nios2eds/bin/gnu/h-i686-mingw32/bin/../lib/gcc/nios2-elf/4.1.2/../../../../nios2-elf/lib\libc.a(lib_a-int_errno.o)
 .data          0x01008bd8        0x0 c:/altera/13.0sp1good/nios2eds/bin/gnu/h-i686-mingw32/bin/../lib/gcc/nios2-elf/4.1.2/../../../../nios2-elf/lib\libc.a(lib_a-makebuf.o)
 .data          0x01008bd8        0x0 c:/altera/13.0sp1good/nios2eds/bin/gnu/h-i686-mingw32/bin/../lib/gcc/nios2-elf/4.1.2/../../../../nios2-elf/lib\libc.a(lib_a-memset.o)
 .data          0x01008bd8        0x0 c:/altera/13.0sp1good/nios2eds/bin/gnu/h-i686-mingw32/bin/../lib/gcc/nios2-elf/4.1.2/../../../../nios2-elf/lib\libc.a(lib_a-stdio.o)
 .data          0x01008bd8        0x0 c:/altera/13.0sp1good/nios2eds/bin/gnu/h-i686-mingw32/bin/../lib/gcc/nios2-elf/4.1.2/../../../../nios2-elf/lib\libc.a(lib_a-writer.o)
 .data          0x01008bd8        0x0 c:/altera/13.0sp1good/nios2eds/bin/gnu/h-i686-mingw32/bin/../lib/gcc/nios2-elf/4.1.2/../../../../nios2-elf/lib\libc.a(lib_a-closer.o)
 .data          0x01008bd8        0x0 c:/altera/13.0sp1good/nios2eds/bin/gnu/h-i686-mingw32/bin/../lib/gcc/nios2-elf/4.1.2/../../../../nios2-elf/lib\libc.a(lib_a-fclose.o)
 .data          0x01008bd8        0x0 c:/altera/13.0sp1good/nios2eds/bin/gnu/h-i686-mingw32/bin/../lib/gcc/nios2-elf/4.1.2/../../../../nios2-elf/lib\libc.a(lib_a-fstatr.o)
 .data          0x01008bd8        0x0 c:/altera/13.0sp1good/nios2eds/bin/gnu/h-i686-mingw32/bin/../lib/gcc/nios2-elf/4.1.2/../../../../nios2-elf/lib\libc.a(lib_a-isattyr.o)
 .data          0x01008bd8        0x0 c:/altera/13.0sp1good/nios2eds/bin/gnu/h-i686-mingw32/bin/../lib/gcc/nios2-elf/4.1.2/../../../../nios2-elf/lib\libc.a(lib_a-lseekr.o)
 .data          0x01008bd8        0x0 c:/altera/13.0sp1good/nios2eds/bin/gnu/h-i686-mingw32/bin/../lib/gcc/nios2-elf/4.1.2/../../../../nios2-elf/lib\libc.a(lib_a-readr.o)
 .data          0x01008bd8        0x0 ../touchButtonEx_bsp/\libhal_bsp.a(alt_close.o)
 .data          0x01008bd8      0x1a8 ../touchButtonEx_bsp/\libhal_bsp.a(alt_dev.o)
                0x01008bd8                alt_dev_null
                0x01008c00                alt_fd_list
 .data          0x01008d80        0x0 ../touchButtonEx_bsp/\libhal_bsp.a(alt_errno.o)
 .data          0x01008d80        0x0 ../touchButtonEx_bsp/\libhal_bsp.a(alt_fstat.o)
 .data          0x01008d80        0x0 ../touchButtonEx_bsp/\libhal_bsp.a(alt_isatty.o)
 .data          0x01008d80        0x0 ../touchButtonEx_bsp/\libhal_bsp.a(alt_load.o)
 .data          0x01008d80        0x0 ../touchButtonEx_bsp/\libhal_bsp.a(alt_lseek.o)
 .data          0x01008d80        0x0 ../touchButtonEx_bsp/\libhal_bsp.a(alt_main.o)
 .data          0x01008d80        0x0 ../touchButtonEx_bsp/\libhal_bsp.a(alt_malloc_lock.o)
 .data          0x01008d80        0x0 ../touchButtonEx_bsp/\libhal_bsp.a(alt_read.o)
 .data          0x01008d80        0x0 ../touchButtonEx_bsp/\libhal_bsp.a(alt_release_fd.o)
 .data          0x01008d80        0x0 ../touchButtonEx_bsp/\libhal_bsp.a(alt_sbrk.o)
 .data          0x01008d80        0x0 ../touchButtonEx_bsp/\libhal_bsp.a(alt_write.o)
 .data          0x01008d80     0x10b8 ../touchButtonEx_bsp/\libhal_bsp.a(alt_sys_init.o)
 .data          0x01009e38        0x0 ../touchButtonEx_bsp/\libhal_bsp.a(altera_avalon_jtag_uart_fd.o)
 .data          0x01009e38        0x0 ../touchButtonEx_bsp/\libhal_bsp.a(altera_avalon_jtag_uart_init.o)
 .data          0x01009e38        0x0 ../touchButtonEx_bsp/\libhal_bsp.a(altera_avalon_jtag_uart_ioctl.o)
 .data          0x01009e38        0x0 ../touchButtonEx_bsp/\libhal_bsp.a(altera_avalon_jtag_uart_read.o)
 .data          0x01009e38        0x0 ../touchButtonEx_bsp/\libhal_bsp.a(altera_avalon_jtag_uart_write.o)
 .data          0x01009e38        0x0 ../touchButtonEx_bsp/\libhal_bsp.a(altera_avalon_timer_sc.o)
 .data          0x01009e38        0x0 ../touchButtonEx_bsp/\libhal_bsp.a(altera_up_avalon_character_lcd.o)
 .data          0x01009e38        0x0 ../touchButtonEx_bsp/\libhal_bsp.a(altera_up_avalon_rs232.o)
 .data          0x01009e38        0x0 ../touchButtonEx_bsp/\libhal_bsp.a(alt_alarm_start.o)
 .data          0x01009e38        0x0 ../touchButtonEx_bsp/\libhal_bsp.a(alt_dcache_flush_all.o)
 .data          0x01009e38        0x0 ../touchButtonEx_bsp/\libhal_bsp.a(alt_dev_llist_insert.o)
 .data          0x01009e38        0x0 ../touchButtonEx_bsp/\libhal_bsp.a(alt_do_ctors.o)
 .data          0x01009e38        0x0 ../touchButtonEx_bsp/\libhal_bsp.a(alt_do_dtors.o)
 .data          0x01009e38        0x0 ../touchButtonEx_bsp/\libhal_bsp.a(alt_find_dev.o)
 .data          0x01009e38        0x0 ../touchButtonEx_bsp/\libhal_bsp.a(alt_icache_flush_all.o)
 .data          0x01009e38        0x0 ../touchButtonEx_bsp/\libhal_bsp.a(alt_io_redirect.o)
 .data          0x01009e38        0x0 ../touchButtonEx_bsp/\libhal_bsp.a(alt_irq_register.o)
 .data          0x01009e38        0x0 ../touchButtonEx_bsp/\libhal_bsp.a(alt_irq_vars.o)
 .data          0x01009e38        0x0 ../touchButtonEx_bsp/\libhal_bsp.a(alt_open.o)
 .data          0x01009e38        0x0 ../touchButtonEx_bsp/\libhal_bsp.a(alt_tick.o)
 .data          0x01009e38        0x0 ../touchButtonEx_bsp/\libhal_bsp.a(altera_nios2_qsys_irq.o)
 .data          0x01009e38        0x0 ../touchButtonEx_bsp/\libhal_bsp.a(alt_find_file.o)
 .data          0x01009e38        0x0 ../touchButtonEx_bsp/\libhal_bsp.a(alt_get_fd.o)
 .data          0x01009e38        0x0 ../touchButtonEx_bsp/\libhal_bsp.a(alt_icache_flush.o)
 .data          0x01009e38        0x0 ../touchButtonEx_bsp/\libhal_bsp.a(alt_irq_entry.o)
 .data          0x01009e38        0x0 ../touchButtonEx_bsp/\libhal_bsp.a(alt_irq_handler.o)
 .data          0x01009e38        0x0 ../touchButtonEx_bsp/\libhal_bsp.a(alt_exception_entry.o)
 .data          0x01009e38        0x0 c:/altera/13.0sp1good/nios2eds/bin/gnu/h-i686-mingw32/bin/../lib/gcc/nios2-elf/4.1.2/../../../../nios2-elf/lib\libc.a(lib_a-atexit.o)
 .data          0x01009e38        0x0 c:/altera/13.0sp1good/nios2eds/bin/gnu/h-i686-mingw32/bin/../lib/gcc/nios2-elf/4.1.2/../../../../nios2-elf/lib\libc.a(lib_a-exit.o)
 .data          0x01009e38        0x0 c:/altera/13.0sp1good/nios2eds/bin/gnu/h-i686-mingw32/bin/../lib/gcc/nios2-elf/4.1.2/../../../../nios2-elf/lib\libc.a(lib_a-memcmp.o)
 .data          0x01009e38        0x0 c:/altera/13.0sp1good/nios2eds/bin/gnu/h-i686-mingw32/bin/../lib/gcc/nios2-elf/4.1.2/../../../../nios2-elf/lib\libc.a(lib_a-__atexit.o)
 .data          0x01009e38        0x0 c:/altera/13.0sp1good/nios2eds/bin/gnu/h-i686-mingw32/bin/../lib/gcc/nios2-elf/4.1.2/../../../../nios2-elf/lib\libc.a(lib_a-__call_atexit.o)
 .data          0x01009e38        0x0 ../touchButtonEx_bsp/\libhal_bsp.a(alt_exit.o)
                0x01011e38                _gp = ABSOLUTE ((. + 0x8000))
                0x01011e38                PROVIDE (gp, _gp)
 *(.rwdata .rwdata.*)
 *(.sdata .sdata.* .gnu.linkonce.s.*)
 .sdata         0x01009e38        0x8 c:/altera/13.0sp1good/nios2eds/bin/gnu/h-i686-mingw32/bin/../lib/gcc/nios2-elf/4.1.2/../../../../nios2-elf/lib\libc.a(lib_a-impure.o)
                0x01009e38                _impure_ptr
                0x01009e3c                _global_impure_ptr
 .sdata         0x01009e40        0x8 c:/altera/13.0sp1good/nios2eds/bin/gnu/h-i686-mingw32/bin/../lib/gcc/nios2-elf/4.1.2/../../../../nios2-elf/lib\libc.a(lib_a-mallocr.o)
                0x01009e40                __malloc_trim_threshold
                0x01009e44                __malloc_sbrk_base
 .sdata         0x01009e48       0x14 ../touchButtonEx_bsp/\libhal_bsp.a(alt_dev.o)
                0x01009e48                alt_fs_list
                0x01009e50                alt_dev_list
                0x01009e58                alt_max_fd
 .sdata         0x01009e5c        0x4 ../touchButtonEx_bsp/\libhal_bsp.a(alt_errno.o)
                0x01009e5c                alt_errno
 .sdata         0x01009e60        0x4 ../touchButtonEx_bsp/\libhal_bsp.a(alt_sbrk.o)
 .sdata         0x01009e64        0x4 ../touchButtonEx_bsp/\libhal_bsp.a(alt_irq_vars.o)
                0x01009e64                alt_priority_mask
 .sdata         0x01009e68        0x8 ../touchButtonEx_bsp/\libhal_bsp.a(alt_tick.o)
                0x01009e68                alt_alarm_list
 *(.sdata2 .sdata2.* .gnu.linkonce.s2.*)
                0x01009e70                . = ALIGN (0x4)
                0x01009e70                _edata = ABSOLUTE (.)
                0x01009e70                PROVIDE (edata, ABSOLUTE (.))
                0x01009e70                PROVIDE (__ram_rwdata_end, ABSOLUTE (.))
                0x01009e70                PROVIDE (__flash_rwdata_start, LOADADDR (.rwdata))

.bss            0x0100b910      0x2e0
                0x0100b910                __bss_start = ABSOLUTE (.)
                0x0100b910                PROVIDE (__sbss_start, ABSOLUTE (.))
                0x0100b910                PROVIDE (___sbss_start, ABSOLUTE (.))
 *(.dynsbss)
 *(.sbss .sbss.* .gnu.linkonce.sb.*)
 .sbss          0x0100b910        0xc c:/altera/13.0sp1good/nios2eds/bin/gnu/h-i686-mingw32/bin/../lib/gcc/nios2-elf/4.1.2/../../../../nios2-elf/lib\libc.a(lib_a-mallocr.o)
                0x0100b910                __malloc_top_pad
                0x0100b914                __malloc_max_sbrked_mem
                0x0100b918                __malloc_max_total_mem
 .sbss          0x0100b91c        0x4 c:/altera/13.0sp1good/nios2eds/bin/gnu/h-i686-mingw32/bin/../lib/gcc/nios2-elf/4.1.2/../../../../nios2-elf/lib\libc.a(lib_a-int_errno.o)
                0x0100b91c                errno
 .sbss          0x0100b920        0xc ../touchButtonEx_bsp/\libhal_bsp.a(alt_main.o)
                0x0100b920                alt_argc
                0x0100b924                alt_argv
                0x0100b928                alt_envp
 .sbss          0x0100b92c        0x4 ../touchButtonEx_bsp/\libhal_bsp.a(alt_irq_vars.o)
                0x0100b92c                alt_irq_active
 .sbss          0x0100b930        0x8 ../touchButtonEx_bsp/\libhal_bsp.a(alt_tick.o)
                0x0100b930                _alt_tick_rate
                0x0100b934                _alt_nticks
 *(.sbss2 .sbss2.* .gnu.linkonce.sb2.*)
 *(.scommon)
                0x0100b938                PROVIDE (__sbss_end, ABSOLUTE (.))
                0x0100b938                PROVIDE (___sbss_end, ABSOLUTE (.))
 *(.dynbss)
 *(.bss .bss.* .gnu.linkonce.b.*)
 .bss           0x0100b938        0x0 ../touchButtonEx_bsp//obj/HAL/src/crt0.o
 .bss           0x0100b938        0x0 obj/default/graphics.o
 .bss           0x0100b938        0x0 obj/default/touchButtonMain.o
 .bss           0x0100b938        0x0 obj/default/touchScreen.o
 .bss           0x0100b938        0x0 c:/altera/13.0sp1good/nios2eds/bin/gnu/h-i686-mingw32/bin/../lib/gcc/nios2-elf/4.1.2\libgcc.a(_mul_df.o)
 .bss           0x0100b938        0x0 c:/altera/13.0sp1good/nios2eds/bin/gnu/h-i686-mingw32/bin/../lib/gcc/nios2-elf/4.1.2\libgcc.a(_div_df.o)
 .bss           0x0100b938        0x0 c:/altera/13.0sp1good/nios2eds/bin/gnu/h-i686-mingw32/bin/../lib/gcc/nios2-elf/4.1.2\libgcc.a(_si_to_df.o)
 .bss           0x0100b938        0x0 c:/altera/13.0sp1good/nios2eds/bin/gnu/h-i686-mingw32/bin/../lib/gcc/nios2-elf/4.1.2\libgcc.a(_df_to_si.o)
 .bss           0x0100b938        0x0 c:/altera/13.0sp1good/nios2eds/bin/gnu/h-i686-mingw32/bin/../lib/gcc/nios2-elf/4.1.2\libgcc.a(_thenan_df.o)
 .bss           0x0100b938        0x0 c:/altera/13.0sp1good/nios2eds/bin/gnu/h-i686-mingw32/bin/../lib/gcc/nios2-elf/4.1.2\libgcc.a(_muldi3.o)
 .bss           0x0100b938        0x0 c:/altera/13.0sp1good/nios2eds/bin/gnu/h-i686-mingw32/bin/../lib/gcc/nios2-elf/4.1.2\libgcc.a(_clzsi2.o)
 .bss           0x0100b938        0x0 c:/altera/13.0sp1good/nios2eds/bin/gnu/h-i686-mingw32/bin/../lib/gcc/nios2-elf/4.1.2\libgcc.a(_pack_df.o)
 .bss           0x0100b938        0x0 c:/altera/13.0sp1good/nios2eds/bin/gnu/h-i686-mingw32/bin/../lib/gcc/nios2-elf/4.1.2\libgcc.a(_unpack_df.o)
 .bss           0x0100b938        0x0 c:/altera/13.0sp1good/nios2eds/bin/gnu/h-i686-mingw32/bin/../lib/gcc/nios2-elf/4.1.2\libgcc.a(_clz.o)
 .bss           0x0100b938        0x0 c:/altera/13.0sp1good/nios2eds/bin/gnu/h-i686-mingw32/bin/../lib/gcc/nios2-elf/4.1.2/../../../../nios2-elf/lib\libc.a(lib_a-puts.o)
 .bss           0x0100b938        0x0 c:/altera/13.0sp1good/nios2eds/bin/gnu/h-i686-mingw32/bin/../lib/gcc/nios2-elf/4.1.2/../../../../nios2-elf/lib\libc.a(lib_a-strlen.o)
 .bss           0x0100b938        0x0 c:/altera/13.0sp1good/nios2eds/bin/gnu/h-i686-mingw32/bin/../lib/gcc/nios2-elf/4.1.2/../../../../nios2-elf/lib\libc.a(lib_a-fvwrite.o)
 .bss           0x0100b938        0x0 c:/altera/13.0sp1good/nios2eds/bin/gnu/h-i686-mingw32/bin/../lib/gcc/nios2-elf/4.1.2/../../../../nios2-elf/lib\libc.a(lib_a-impure.o)
 .bss           0x0100b938       0x28 c:/altera/13.0sp1good/nios2eds/bin/gnu/h-i686-mingw32/bin/../lib/gcc/nios2-elf/4.1.2/../../../../nios2-elf/lib\libc.a(lib_a-mallocr.o)
                0x0100b938                __malloc_current_mallinfo
 .bss           0x0100b960        0x0 c:/altera/13.0sp1good/nios2eds/bin/gnu/h-i686-mingw32/bin/../lib/gcc/nios2-elf/4.1.2/../../../../nios2-elf/lib\libc.a(lib_a-memchr.o)
 .bss           0x0100b960        0x0 c:/altera/13.0sp1good/nios2eds/bin/gnu/h-i686-mingw32/bin/../lib/gcc/nios2-elf/4.1.2/../../../../nios2-elf/lib\libc.a(lib_a-memcpy.o)
 .bss           0x0100b960        0x0 c:/altera/13.0sp1good/nios2eds/bin/gnu/h-i686-mingw32/bin/../lib/gcc/nios2-elf/4.1.2/../../../../nios2-elf/lib\libc.a(lib_a-memmove.o)
 .bss           0x0100b960        0x0 c:/altera/13.0sp1good/nios2eds/bin/gnu/h-i686-mingw32/bin/../lib/gcc/nios2-elf/4.1.2/../../../../nios2-elf/lib\libc.a(lib_a-reallocr.o)
 .bss           0x0100b960        0x0 c:/altera/13.0sp1good/nios2eds/bin/gnu/h-i686-mingw32/bin/../lib/gcc/nios2-elf/4.1.2/../../../../nios2-elf/lib\libc.a(lib_a-sbrkr.o)
 .bss           0x0100b960        0x0 c:/altera/13.0sp1good/nios2eds/bin/gnu/h-i686-mingw32/bin/../lib/gcc/nios2-elf/4.1.2/../../../../nios2-elf/lib\libc.a(lib_a-wsetup.o)
 .bss           0x0100b960        0x0 c:/altera/13.0sp1good/nios2eds/bin/gnu/h-i686-mingw32/bin/../lib/gcc/nios2-elf/4.1.2/../../../../nios2-elf/lib\libc.a(lib_a-fflush.o)
 .bss           0x0100b960        0x0 c:/altera/13.0sp1good/nios2eds/bin/gnu/h-i686-mingw32/bin/../lib/gcc/nios2-elf/4.1.2/../../../../nios2-elf/lib\libc.a(lib_a-findfp.o)
 .bss           0x0100b960        0x0 c:/altera/13.0sp1good/nios2eds/bin/gnu/h-i686-mingw32/bin/../lib/gcc/nios2-elf/4.1.2/../../../../nios2-elf/lib\libc.a(lib_a-freer.o)
 .bss           0x0100b960        0x0 c:/altera/13.0sp1good/nios2eds/bin/gnu/h-i686-mingw32/bin/../lib/gcc/nios2-elf/4.1.2/../../../../nios2-elf/lib\libc.a(lib_a-fwalk.o)
 .bss           0x0100b960        0x0 c:/altera/13.0sp1good/nios2eds/bin/gnu/h-i686-mingw32/bin/../lib/gcc/nios2-elf/4.1.2/../../../../nios2-elf/lib\libc.a(lib_a-int_errno.o)
 .bss           0x0100b960        0x0 c:/altera/13.0sp1good/nios2eds/bin/gnu/h-i686-mingw32/bin/../lib/gcc/nios2-elf/4.1.2/../../../../nios2-elf/lib\libc.a(lib_a-makebuf.o)
 .bss           0x0100b960        0x0 c:/altera/13.0sp1good/nios2eds/bin/gnu/h-i686-mingw32/bin/../lib/gcc/nios2-elf/4.1.2/../../../../nios2-elf/lib\libc.a(lib_a-memset.o)
 .bss           0x0100b960        0x0 c:/altera/13.0sp1good/nios2eds/bin/gnu/h-i686-mingw32/bin/../lib/gcc/nios2-elf/4.1.2/../../../../nios2-elf/lib\libc.a(lib_a-stdio.o)
 .bss           0x0100b960        0x0 c:/altera/13.0sp1good/nios2eds/bin/gnu/h-i686-mingw32/bin/../lib/gcc/nios2-elf/4.1.2/../../../../nios2-elf/lib\libc.a(lib_a-writer.o)
 .bss           0x0100b960        0x0 c:/altera/13.0sp1good/nios2eds/bin/gnu/h-i686-mingw32/bin/../lib/gcc/nios2-elf/4.1.2/../../../../nios2-elf/lib\libc.a(lib_a-closer.o)
 .bss           0x0100b960        0x0 c:/altera/13.0sp1good/nios2eds/bin/gnu/h-i686-mingw32/bin/../lib/gcc/nios2-elf/4.1.2/../../../../nios2-elf/lib\libc.a(lib_a-fclose.o)
 .bss           0x0100b960        0x0 c:/altera/13.0sp1good/nios2eds/bin/gnu/h-i686-mingw32/bin/../lib/gcc/nios2-elf/4.1.2/../../../../nios2-elf/lib\libc.a(lib_a-fstatr.o)
 .bss           0x0100b960        0x0 c:/altera/13.0sp1good/nios2eds/bin/gnu/h-i686-mingw32/bin/../lib/gcc/nios2-elf/4.1.2/../../../../nios2-elf/lib\libc.a(lib_a-isattyr.o)
 .bss           0x0100b960        0x0 c:/altera/13.0sp1good/nios2eds/bin/gnu/h-i686-mingw32/bin/../lib/gcc/nios2-elf/4.1.2/../../../../nios2-elf/lib\libc.a(lib_a-lseekr.o)
 .bss           0x0100b960        0x0 c:/altera/13.0sp1good/nios2eds/bin/gnu/h-i686-mingw32/bin/../lib/gcc/nios2-elf/4.1.2/../../../../nios2-elf/lib\libc.a(lib_a-readr.o)
 .bss           0x0100b960        0x0 ../touchButtonEx_bsp/\libhal_bsp.a(alt_close.o)
 .bss           0x0100b960        0x0 ../touchButtonEx_bsp/\libhal_bsp.a(alt_dev.o)
 .bss           0x0100b960        0x0 ../touchButtonEx_bsp/\libhal_bsp.a(alt_errno.o)
 .bss           0x0100b960        0x0 ../touchButtonEx_bsp/\libhal_bsp.a(alt_fstat.o)
 .bss           0x0100b960        0x0 ../touchButtonEx_bsp/\libhal_bsp.a(alt_isatty.o)
 .bss           0x0100b960        0x0 ../touchButtonEx_bsp/\libhal_bsp.a(alt_load.o)
 .bss           0x0100b960        0x0 ../touchButtonEx_bsp/\libhal_bsp.a(alt_lseek.o)
 .bss           0x0100b960        0x0 ../touchButtonEx_bsp/\libhal_bsp.a(alt_main.o)
 .bss           0x0100b960        0x0 ../touchButtonEx_bsp/\libhal_bsp.a(alt_malloc_lock.o)
 .bss           0x0100b960        0x0 ../touchButtonEx_bsp/\libhal_bsp.a(alt_read.o)
 .bss           0x0100b960        0x0 ../touchButtonEx_bsp/\libhal_bsp.a(alt_release_fd.o)
 .bss           0x0100b960        0x0 ../touchButtonEx_bsp/\libhal_bsp.a(alt_sbrk.o)
 .bss           0x0100b960        0x0 ../touchButtonEx_bsp/\libhal_bsp.a(alt_write.o)
 .bss           0x0100b960        0x0 ../touchButtonEx_bsp/\libhal_bsp.a(alt_sys_init.o)
 .bss           0x0100b960        0x0 ../touchButtonEx_bsp/\libhal_bsp.a(altera_avalon_jtag_uart_fd.o)
 .bss           0x0100b960        0x0 ../touchButtonEx_bsp/\libhal_bsp.a(altera_avalon_jtag_uart_init.o)
 .bss           0x0100b960        0x0 ../touchButtonEx_bsp/\libhal_bsp.a(altera_avalon_jtag_uart_ioctl.o)
 .bss           0x0100b960        0x0 ../touchButtonEx_bsp/\libhal_bsp.a(altera_avalon_jtag_uart_read.o)
 .bss           0x0100b960        0x0 ../touchButtonEx_bsp/\libhal_bsp.a(altera_avalon_jtag_uart_write.o)
 .bss           0x0100b960        0x0 ../touchButtonEx_bsp/\libhal_bsp.a(altera_avalon_timer_sc.o)
 .bss           0x0100b960        0x0 ../touchButtonEx_bsp/\libhal_bsp.a(altera_up_avalon_character_lcd.o)
 .bss           0x0100b960        0x0 ../touchButtonEx_bsp/\libhal_bsp.a(altera_up_avalon_rs232.o)
 .bss           0x0100b960        0x0 ../touchButtonEx_bsp/\libhal_bsp.a(alt_alarm_start.o)
 .bss           0x0100b960        0x0 ../touchButtonEx_bsp/\libhal_bsp.a(alt_dcache_flush_all.o)
 .bss           0x0100b960        0x0 ../touchButtonEx_bsp/\libhal_bsp.a(alt_dev_llist_insert.o)
 .bss           0x0100b960        0x0 ../touchButtonEx_bsp/\libhal_bsp.a(alt_do_ctors.o)
 .bss           0x0100b960        0x0 ../touchButtonEx_bsp/\libhal_bsp.a(alt_do_dtors.o)
 .bss           0x0100b960        0x0 ../touchButtonEx_bsp/\libhal_bsp.a(alt_find_dev.o)
 .bss           0x0100b960        0x0 ../touchButtonEx_bsp/\libhal_bsp.a(alt_icache_flush_all.o)
 .bss           0x0100b960        0x0 ../touchButtonEx_bsp/\libhal_bsp.a(alt_io_redirect.o)
 .bss           0x0100b960        0x0 ../touchButtonEx_bsp/\libhal_bsp.a(alt_irq_register.o)
 .bss           0x0100b960        0x0 ../touchButtonEx_bsp/\libhal_bsp.a(alt_irq_vars.o)
 .bss           0x0100b960        0x0 ../touchButtonEx_bsp/\libhal_bsp.a(alt_open.o)
 .bss           0x0100b960        0x0 ../touchButtonEx_bsp/\libhal_bsp.a(alt_tick.o)
 .bss           0x0100b960        0x0 ../touchButtonEx_bsp/\libhal_bsp.a(altera_nios2_qsys_irq.o)
 .bss           0x0100b960        0x0 ../touchButtonEx_bsp/\libhal_bsp.a(alt_find_file.o)
 .bss           0x0100b960        0x0 ../touchButtonEx_bsp/\libhal_bsp.a(alt_get_fd.o)
 .bss           0x0100b960        0x0 ../touchButtonEx_bsp/\libhal_bsp.a(alt_icache_flush.o)
 .bss           0x0100b960        0x0 ../touchButtonEx_bsp/\libhal_bsp.a(alt_irq_entry.o)
 .bss           0x0100b960        0x0 ../touchButtonEx_bsp/\libhal_bsp.a(alt_irq_handler.o)
 .bss           0x0100b960        0x0 ../touchButtonEx_bsp/\libhal_bsp.a(alt_exception_entry.o)
 .bss           0x0100b960        0x0 c:/altera/13.0sp1good/nios2eds/bin/gnu/h-i686-mingw32/bin/../lib/gcc/nios2-elf/4.1.2/../../../../nios2-elf/lib\libc.a(lib_a-atexit.o)
 .bss           0x0100b960        0x0 c:/altera/13.0sp1good/nios2eds/bin/gnu/h-i686-mingw32/bin/../lib/gcc/nios2-elf/4.1.2/../../../../nios2-elf/lib\libc.a(lib_a-exit.o)
 .bss           0x0100b960        0x0 c:/altera/13.0sp1good/nios2eds/bin/gnu/h-i686-mingw32/bin/../lib/gcc/nios2-elf/4.1.2/../../../../nios2-elf/lib\libc.a(lib_a-memcmp.o)
 .bss           0x0100b960        0x0 c:/altera/13.0sp1good/nios2eds/bin/gnu/h-i686-mingw32/bin/../lib/gcc/nios2-elf/4.1.2/../../../../nios2-elf/lib\libc.a(lib_a-__atexit.o)
 .bss           0x0100b960        0x0 c:/altera/13.0sp1good/nios2eds/bin/gnu/h-i686-mingw32/bin/../lib/gcc/nios2-elf/4.1.2/../../../../nios2-elf/lib\libc.a(lib_a-__call_atexit.o)
 .bss           0x0100b960        0x0 ../touchButtonEx_bsp/\libhal_bsp.a(alt_exit.o)
 *(COMMON)
 COMMON         0x0100b960      0x100 ../touchButtonEx_bsp/\libhal_bsp.a(alt_irq_handler.o)
                0x0100b960                alt_irq
 COMMON         0x0100ba60      0x190 c:/altera/13.0sp1good/nios2eds/bin/gnu/h-i686-mingw32/bin/../lib/gcc/nios2-elf/4.1.2/../../../../nios2-elf/lib\libc.a(lib_a-atexit.o)
                0x0100ba60                _atexit0
                0x0100bbf0                . = ALIGN (0x4)
                0x0100bbf0                __bss_end = ABSOLUTE (.)

.onchip_memory2_0
                0x00000000        0x0 load address 0x0100bbf0
                0x00000000                PROVIDE (_alt_partition_onchip_memory2_0_start, ABSOLUTE (.))
 *(.onchip_memory2_0. onchip_memory2_0.*)
                0x00000000                . = ALIGN (0x4)
                0x00000000                PROVIDE (_alt_partition_onchip_memory2_0_end, ABSOLUTE (.))
                0x0100bbf0                PROVIDE (_alt_partition_onchip_memory2_0_load_addr, LOADADDR (.onchip_memory2_0))

.new_sdram_controller_0
                0x0100bbf0        0x0
                0x0100bbf0                PROVIDE (_alt_partition_new_sdram_controller_0_start, ABSOLUTE (.))
 *(.new_sdram_controller_0. new_sdram_controller_0.*)
                0x0100bbf0                . = ALIGN (0x4)
                0x0100bbf0                PROVIDE (_alt_partition_new_sdram_controller_0_end, ABSOLUTE (.))
                0x0100bbf0                _end = ABSOLUTE (.)
                0x0100bbf0                end = ABSOLUTE (.)
                0x0100bbf0                __alt_stack_base = ABSOLUTE (.)
                0x0100bbf0                PROVIDE (_alt_partition_new_sdram_controller_0_load_addr, LOADADDR (.new_sdram_controller_0))

.stab
 *(.stab)

.stabstr
 *(.stabstr)

.stab.excl
 *(.stab.excl)

.stab.exclstr
 *(.stab.exclstr)

.stab.index
 *(.stab.index)

.stab.indexstr
 *(.stab.indexstr)

.comment        0x00000000       0x26
 *(.comment)
 .comment       0x00000000       0x26 obj/default/graphics.o
                                 0x27 (size before relaxing)
 .comment       0x00000000       0x27 obj/default/touchButtonMain.o
 .comment       0x00000000       0x27 obj/default/touchScreen.o
 .comment       0x00000000       0x27 c:/altera/13.0sp1good/nios2eds/bin/gnu/h-i686-mingw32/bin/../lib/gcc/nios2-elf/4.1.2\libgcc.a(_mul_df.o)
 .comment       0x00000000       0x27 c:/altera/13.0sp1good/nios2eds/bin/gnu/h-i686-mingw32/bin/../lib/gcc/nios2-elf/4.1.2\libgcc.a(_div_df.o)
 .comment       0x00000000       0x27 c:/altera/13.0sp1good/nios2eds/bin/gnu/h-i686-mingw32/bin/../lib/gcc/nios2-elf/4.1.2\libgcc.a(_si_to_df.o)
 .comment       0x00000000       0x27 c:/altera/13.0sp1good/nios2eds/bin/gnu/h-i686-mingw32/bin/../lib/gcc/nios2-elf/4.1.2\libgcc.a(_df_to_si.o)
 .comment       0x00000000       0x27 c:/altera/13.0sp1good/nios2eds/bin/gnu/h-i686-mingw32/bin/../lib/gcc/nios2-elf/4.1.2\libgcc.a(_thenan_df.o)
 .comment       0x00000000       0x27 c:/altera/13.0sp1good/nios2eds/bin/gnu/h-i686-mingw32/bin/../lib/gcc/nios2-elf/4.1.2\libgcc.a(_muldi3.o)
 .comment       0x00000000       0x27 c:/altera/13.0sp1good/nios2eds/bin/gnu/h-i686-mingw32/bin/../lib/gcc/nios2-elf/4.1.2\libgcc.a(_clzsi2.o)
 .comment       0x00000000       0x27 c:/altera/13.0sp1good/nios2eds/bin/gnu/h-i686-mingw32/bin/../lib/gcc/nios2-elf/4.1.2\libgcc.a(_pack_df.o)
 .comment       0x00000000       0x27 c:/altera/13.0sp1good/nios2eds/bin/gnu/h-i686-mingw32/bin/../lib/gcc/nios2-elf/4.1.2\libgcc.a(_unpack_df.o)
 .comment       0x00000000       0x27 c:/altera/13.0sp1good/nios2eds/bin/gnu/h-i686-mingw32/bin/../lib/gcc/nios2-elf/4.1.2\libgcc.a(_clz.o)
 .comment       0x00000000       0x27 c:/altera/13.0sp1good/nios2eds/bin/gnu/h-i686-mingw32/bin/../lib/gcc/nios2-elf/4.1.2/../../../../nios2-elf/lib\libc.a(lib_a-puts.o)
 .comment       0x00000000       0x27 c:/altera/13.0sp1good/nios2eds/bin/gnu/h-i686-mingw32/bin/../lib/gcc/nios2-elf/4.1.2/../../../../nios2-elf/lib\libc.a(lib_a-strlen.o)
 .comment       0x00000000       0x27 c:/altera/13.0sp1good/nios2eds/bin/gnu/h-i686-mingw32/bin/../lib/gcc/nios2-elf/4.1.2/../../../../nios2-elf/lib\libc.a(lib_a-fvwrite.o)
 .comment       0x00000000       0x27 c:/altera/13.0sp1good/nios2eds/bin/gnu/h-i686-mingw32/bin/../lib/gcc/nios2-elf/4.1.2/../../../../nios2-elf/lib\libc.a(lib_a-impure.o)
 .comment       0x00000000       0x27 c:/altera/13.0sp1good/nios2eds/bin/gnu/h-i686-mingw32/bin/../lib/gcc/nios2-elf/4.1.2/../../../../nios2-elf/lib\libc.a(lib_a-mallocr.o)
 .comment       0x00000000       0x27 c:/altera/13.0sp1good/nios2eds/bin/gnu/h-i686-mingw32/bin/../lib/gcc/nios2-elf/4.1.2/../../../../nios2-elf/lib\libc.a(lib_a-memchr.o)
 .comment       0x00000000       0x27 c:/altera/13.0sp1good/nios2eds/bin/gnu/h-i686-mingw32/bin/../lib/gcc/nios2-elf/4.1.2/../../../../nios2-elf/lib\libc.a(lib_a-memcpy.o)
 .comment       0x00000000       0x27 c:/altera/13.0sp1good/nios2eds/bin/gnu/h-i686-mingw32/bin/../lib/gcc/nios2-elf/4.1.2/../../../../nios2-elf/lib\libc.a(lib_a-memmove.o)
 .comment       0x00000000       0x27 c:/altera/13.0sp1good/nios2eds/bin/gnu/h-i686-mingw32/bin/../lib/gcc/nios2-elf/4.1.2/../../../../nios2-elf/lib\libc.a(lib_a-reallocr.o)
 .comment       0x00000000       0x27 c:/altera/13.0sp1good/nios2eds/bin/gnu/h-i686-mingw32/bin/../lib/gcc/nios2-elf/4.1.2/../../../../nios2-elf/lib\libc.a(lib_a-sbrkr.o)
 .comment       0x00000000       0x27 c:/altera/13.0sp1good/nios2eds/bin/gnu/h-i686-mingw32/bin/../lib/gcc/nios2-elf/4.1.2/../../../../nios2-elf/lib\libc.a(lib_a-wsetup.o)
 .comment       0x00000000       0x27 c:/altera/13.0sp1good/nios2eds/bin/gnu/h-i686-mingw32/bin/../lib/gcc/nios2-elf/4.1.2/../../../../nios2-elf/lib\libc.a(lib_a-fflush.o)
 .comment       0x00000000       0x27 c:/altera/13.0sp1good/nios2eds/bin/gnu/h-i686-mingw32/bin/../lib/gcc/nios2-elf/4.1.2/../../../../nios2-elf/lib\libc.a(lib_a-findfp.o)
 .comment       0x00000000       0x27 c:/altera/13.0sp1good/nios2eds/bin/gnu/h-i686-mingw32/bin/../lib/gcc/nios2-elf/4.1.2/../../../../nios2-elf/lib\libc.a(lib_a-freer.o)
 .comment       0x00000000       0x27 c:/altera/13.0sp1good/nios2eds/bin/gnu/h-i686-mingw32/bin/../lib/gcc/nios2-elf/4.1.2/../../../../nios2-elf/lib\libc.a(lib_a-fwalk.o)
 .comment       0x00000000       0x27 c:/altera/13.0sp1good/nios2eds/bin/gnu/h-i686-mingw32/bin/../lib/gcc/nios2-elf/4.1.2/../../../../nios2-elf/lib\libc.a(lib_a-int_errno.o)
 .comment       0x00000000       0x27 c:/altera/13.0sp1good/nios2eds/bin/gnu/h-i686-mingw32/bin/../lib/gcc/nios2-elf/4.1.2/../../../../nios2-elf/lib\libc.a(lib_a-makebuf.o)
 .comment       0x00000000       0x27 c:/altera/13.0sp1good/nios2eds/bin/gnu/h-i686-mingw32/bin/../lib/gcc/nios2-elf/4.1.2/../../../../nios2-elf/lib\libc.a(lib_a-memset.o)
 .comment       0x00000000       0x27 c:/altera/13.0sp1good/nios2eds/bin/gnu/h-i686-mingw32/bin/../lib/gcc/nios2-elf/4.1.2/../../../../nios2-elf/lib\libc.a(lib_a-stdio.o)
 .comment       0x00000000       0x27 c:/altera/13.0sp1good/nios2eds/bin/gnu/h-i686-mingw32/bin/../lib/gcc/nios2-elf/4.1.2/../../../../nios2-elf/lib\libc.a(lib_a-writer.o)
 .comment       0x00000000       0x27 c:/altera/13.0sp1good/nios2eds/bin/gnu/h-i686-mingw32/bin/../lib/gcc/nios2-elf/4.1.2/../../../../nios2-elf/lib\libc.a(lib_a-closer.o)
 .comment       0x00000000       0x27 c:/altera/13.0sp1good/nios2eds/bin/gnu/h-i686-mingw32/bin/../lib/gcc/nios2-elf/4.1.2/../../../../nios2-elf/lib\libc.a(lib_a-fclose.o)
 .comment       0x00000000       0x27 c:/altera/13.0sp1good/nios2eds/bin/gnu/h-i686-mingw32/bin/../lib/gcc/nios2-elf/4.1.2/../../../../nios2-elf/lib\libc.a(lib_a-fstatr.o)
 .comment       0x00000000       0x27 c:/altera/13.0sp1good/nios2eds/bin/gnu/h-i686-mingw32/bin/../lib/gcc/nios2-elf/4.1.2/../../../../nios2-elf/lib\libc.a(lib_a-isattyr.o)
 .comment       0x00000000       0x27 c:/altera/13.0sp1good/nios2eds/bin/gnu/h-i686-mingw32/bin/../lib/gcc/nios2-elf/4.1.2/../../../../nios2-elf/lib\libc.a(lib_a-lseekr.o)
 .comment       0x00000000       0x27 c:/altera/13.0sp1good/nios2eds/bin/gnu/h-i686-mingw32/bin/../lib/gcc/nios2-elf/4.1.2/../../../../nios2-elf/lib\libc.a(lib_a-readr.o)
 .comment       0x00000000       0x27 ../touchButtonEx_bsp/\libhal_bsp.a(alt_close.o)
 .comment       0x00000000       0x27 ../touchButtonEx_bsp/\libhal_bsp.a(alt_dev.o)
 .comment       0x00000000       0x27 ../touchButtonEx_bsp/\libhal_bsp.a(alt_errno.o)
 .comment       0x00000000       0x27 ../touchButtonEx_bsp/\libhal_bsp.a(alt_fstat.o)
 .comment       0x00000000       0x27 ../touchButtonEx_bsp/\libhal_bsp.a(alt_isatty.o)
 .comment       0x00000000       0x27 ../touchButtonEx_bsp/\libhal_bsp.a(alt_load.o)
 .comment       0x00000000       0x27 ../touchButtonEx_bsp/\libhal_bsp.a(alt_lseek.o)
 .comment       0x00000000       0x27 ../touchButtonEx_bsp/\libhal_bsp.a(alt_main.o)
 .comment       0x00000000       0x27 ../touchButtonEx_bsp/\libhal_bsp.a(alt_malloc_lock.o)
 .comment       0x00000000       0x27 ../touchButtonEx_bsp/\libhal_bsp.a(alt_read.o)
 .comment       0x00000000       0x27 ../touchButtonEx_bsp/\libhal_bsp.a(alt_release_fd.o)
 .comment       0x00000000       0x27 ../touchButtonEx_bsp/\libhal_bsp.a(alt_sbrk.o)
 .comment       0x00000000       0x27 ../touchButtonEx_bsp/\libhal_bsp.a(alt_write.o)
 .comment       0x00000000       0x27 ../touchButtonEx_bsp/\libhal_bsp.a(alt_sys_init.o)
 .comment       0x00000000       0x27 ../touchButtonEx_bsp/\libhal_bsp.a(altera_avalon_jtag_uart_fd.o)
 .comment       0x00000000       0x27 ../touchButtonEx_bsp/\libhal_bsp.a(altera_avalon_jtag_uart_init.o)
 .comment       0x00000000       0x27 ../touchButtonEx_bsp/\libhal_bsp.a(altera_avalon_jtag_uart_ioctl.o)
 .comment       0x00000000       0x27 ../touchButtonEx_bsp/\libhal_bsp.a(altera_avalon_jtag_uart_read.o)
 .comment       0x00000000       0x27 ../touchButtonEx_bsp/\libhal_bsp.a(altera_avalon_jtag_uart_write.o)
 .comment       0x00000000       0x27 ../touchButtonEx_bsp/\libhal_bsp.a(altera_avalon_timer_sc.o)
 .comment       0x00000000       0x27 ../touchButtonEx_bsp/\libhal_bsp.a(altera_up_avalon_character_lcd.o)
 .comment       0x00000000       0x27 ../touchButtonEx_bsp/\libhal_bsp.a(altera_up_avalon_rs232.o)
 .comment       0x00000000       0x27 ../touchButtonEx_bsp/\libhal_bsp.a(alt_alarm_start.o)
 .comment       0x00000000       0x27 ../touchButtonEx_bsp/\libhal_bsp.a(alt_dcache_flush_all.o)
 .comment       0x00000000       0x27 ../touchButtonEx_bsp/\libhal_bsp.a(alt_dev_llist_insert.o)
 .comment       0x00000000       0x27 ../touchButtonEx_bsp/\libhal_bsp.a(alt_do_ctors.o)
 .comment       0x00000000       0x27 ../touchButtonEx_bsp/\libhal_bsp.a(alt_do_dtors.o)
 .comment       0x00000000       0x27 ../touchButtonEx_bsp/\libhal_bsp.a(alt_find_dev.o)
 .comment       0x00000000       0x27 ../touchButtonEx_bsp/\libhal_bsp.a(alt_icache_flush_all.o)
 .comment       0x00000000       0x27 ../touchButtonEx_bsp/\libhal_bsp.a(alt_io_redirect.o)
 .comment       0x00000000       0x27 ../touchButtonEx_bsp/\libhal_bsp.a(alt_irq_register.o)
 .comment       0x00000000       0x27 ../touchButtonEx_bsp/\libhal_bsp.a(alt_irq_vars.o)
 .comment       0x00000000       0x27 ../touchButtonEx_bsp/\libhal_bsp.a(alt_open.o)
 .comment       0x00000000       0x27 ../touchButtonEx_bsp/\libhal_bsp.a(alt_tick.o)
 .comment       0x00000000       0x27 ../touchButtonEx_bsp/\libhal_bsp.a(altera_nios2_qsys_irq.o)
 .comment       0x00000000       0x27 ../touchButtonEx_bsp/\libhal_bsp.a(alt_find_file.o)
 .comment       0x00000000       0x27 ../touchButtonEx_bsp/\libhal_bsp.a(alt_get_fd.o)
 .comment       0x00000000       0x27 ../touchButtonEx_bsp/\libhal_bsp.a(alt_icache_flush.o)
 .comment       0x00000000       0x27 ../touchButtonEx_bsp/\libhal_bsp.a(alt_irq_handler.o)
 .comment       0x00000000       0x27 c:/altera/13.0sp1good/nios2eds/bin/gnu/h-i686-mingw32/bin/../lib/gcc/nios2-elf/4.1.2/../../../../nios2-elf/lib\libc.a(lib_a-atexit.o)
 .comment       0x00000000       0x27 c:/altera/13.0sp1good/nios2eds/bin/gnu/h-i686-mingw32/bin/../lib/gcc/nios2-elf/4.1.2/../../../../nios2-elf/lib\libc.a(lib_a-exit.o)
 .comment       0x00000000       0x27 c:/altera/13.0sp1good/nios2eds/bin/gnu/h-i686-mingw32/bin/../lib/gcc/nios2-elf/4.1.2/../../../../nios2-elf/lib\libc.a(lib_a-memcmp.o)
 .comment       0x00000000       0x27 c:/altera/13.0sp1good/nios2eds/bin/gnu/h-i686-mingw32/bin/../lib/gcc/nios2-elf/4.1.2/../../../../nios2-elf/lib\libc.a(lib_a-__atexit.o)
 .comment       0x00000000       0x27 c:/altera/13.0sp1good/nios2eds/bin/gnu/h-i686-mingw32/bin/../lib/gcc/nios2-elf/4.1.2/../../../../nios2-elf/lib\libc.a(lib_a-__call_atexit.o)
 .comment       0x00000000       0x27 ../touchButtonEx_bsp/\libhal_bsp.a(alt_exit.o)

.debug
 *(.debug)

.line
 *(.line)

.debug_srcinfo
 *(.debug_srcinfo)

.debug_sfnames
 *(.debug_sfnames)

.debug_aranges  0x00000000      0xa58
 *(.debug_aranges)
 .debug_aranges
                0x00000000       0x28 ../touchButtonEx_bsp//obj/HAL/src/crt0.o
 .debug_aranges
                0x00000028       0x20 obj/default/graphics.o
 .debug_aranges
                0x00000048       0x20 obj/default/touchButtonMain.o
 .debug_aranges
                0x00000068       0x20 obj/default/touchScreen.o
 .debug_aranges
                0x00000088       0x20 c:/altera/13.0sp1good/nios2eds/bin/gnu/h-i686-mingw32/bin/../lib/gcc/nios2-elf/4.1.2\libgcc.a(_mul_df.o)
 .debug_aranges
                0x000000a8       0x20 c:/altera/13.0sp1good/nios2eds/bin/gnu/h-i686-mingw32/bin/../lib/gcc/nios2-elf/4.1.2\libgcc.a(_div_df.o)
 .debug_aranges
                0x000000c8       0x20 c:/altera/13.0sp1good/nios2eds/bin/gnu/h-i686-mingw32/bin/../lib/gcc/nios2-elf/4.1.2\libgcc.a(_si_to_df.o)
 .debug_aranges
                0x000000e8       0x20 c:/altera/13.0sp1good/nios2eds/bin/gnu/h-i686-mingw32/bin/../lib/gcc/nios2-elf/4.1.2\libgcc.a(_df_to_si.o)
 .debug_aranges
                0x00000108       0x20 c:/altera/13.0sp1good/nios2eds/bin/gnu/h-i686-mingw32/bin/../lib/gcc/nios2-elf/4.1.2\libgcc.a(_muldi3.o)
 .debug_aranges
                0x00000128       0x20 c:/altera/13.0sp1good/nios2eds/bin/gnu/h-i686-mingw32/bin/../lib/gcc/nios2-elf/4.1.2\libgcc.a(_clzsi2.o)
 .debug_aranges
                0x00000148       0x20 c:/altera/13.0sp1good/nios2eds/bin/gnu/h-i686-mingw32/bin/../lib/gcc/nios2-elf/4.1.2\libgcc.a(_pack_df.o)
 .debug_aranges
                0x00000168       0x20 c:/altera/13.0sp1good/nios2eds/bin/gnu/h-i686-mingw32/bin/../lib/gcc/nios2-elf/4.1.2\libgcc.a(_unpack_df.o)
 .debug_aranges
                0x00000188       0x20 c:/altera/13.0sp1good/nios2eds/bin/gnu/h-i686-mingw32/bin/../lib/gcc/nios2-elf/4.1.2/../../../../nios2-elf/lib\libc.a(lib_a-puts.o)
 .debug_aranges
                0x000001a8       0x20 c:/altera/13.0sp1good/nios2eds/bin/gnu/h-i686-mingw32/bin/../lib/gcc/nios2-elf/4.1.2/../../../../nios2-elf/lib\libc.a(lib_a-strlen.o)
 .debug_aranges
                0x000001c8       0x20 c:/altera/13.0sp1good/nios2eds/bin/gnu/h-i686-mingw32/bin/../lib/gcc/nios2-elf/4.1.2/../../../../nios2-elf/lib\libc.a(lib_a-fvwrite.o)
 .debug_aranges
                0x000001e8       0x20 c:/altera/13.0sp1good/nios2eds/bin/gnu/h-i686-mingw32/bin/../lib/gcc/nios2-elf/4.1.2/../../../../nios2-elf/lib\libc.a(lib_a-mallocr.o)
 .debug_aranges
                0x00000208       0x20 c:/altera/13.0sp1good/nios2eds/bin/gnu/h-i686-mingw32/bin/../lib/gcc/nios2-elf/4.1.2/../../../../nios2-elf/lib\libc.a(lib_a-memchr.o)
 .debug_aranges
                0x00000228       0x20 c:/altera/13.0sp1good/nios2eds/bin/gnu/h-i686-mingw32/bin/../lib/gcc/nios2-elf/4.1.2/../../../../nios2-elf/lib\libc.a(lib_a-memcpy.o)
 .debug_aranges
                0x00000248       0x20 c:/altera/13.0sp1good/nios2eds/bin/gnu/h-i686-mingw32/bin/../lib/gcc/nios2-elf/4.1.2/../../../../nios2-elf/lib\libc.a(lib_a-memmove.o)
 .debug_aranges
                0x00000268       0x20 c:/altera/13.0sp1good/nios2eds/bin/gnu/h-i686-mingw32/bin/../lib/gcc/nios2-elf/4.1.2/../../../../nios2-elf/lib\libc.a(lib_a-reallocr.o)
 .debug_aranges
                0x00000288       0x20 c:/altera/13.0sp1good/nios2eds/bin/gnu/h-i686-mingw32/bin/../lib/gcc/nios2-elf/4.1.2/../../../../nios2-elf/lib\libc.a(lib_a-sbrkr.o)
 .debug_aranges
                0x000002a8       0x20 c:/altera/13.0sp1good/nios2eds/bin/gnu/h-i686-mingw32/bin/../lib/gcc/nios2-elf/4.1.2/../../../../nios2-elf/lib\libc.a(lib_a-wsetup.o)
 .debug_aranges
                0x000002c8       0x20 c:/altera/13.0sp1good/nios2eds/bin/gnu/h-i686-mingw32/bin/../lib/gcc/nios2-elf/4.1.2/../../../../nios2-elf/lib\libc.a(lib_a-fflush.o)
 .debug_aranges
                0x000002e8       0x20 c:/altera/13.0sp1good/nios2eds/bin/gnu/h-i686-mingw32/bin/../lib/gcc/nios2-elf/4.1.2/../../../../nios2-elf/lib\libc.a(lib_a-findfp.o)
 .debug_aranges
                0x00000308       0x20 c:/altera/13.0sp1good/nios2eds/bin/gnu/h-i686-mingw32/bin/../lib/gcc/nios2-elf/4.1.2/../../../../nios2-elf/lib\libc.a(lib_a-freer.o)
 .debug_aranges
                0x00000328       0x20 c:/altera/13.0sp1good/nios2eds/bin/gnu/h-i686-mingw32/bin/../lib/gcc/nios2-elf/4.1.2/../../../../nios2-elf/lib\libc.a(lib_a-fwalk.o)
 .debug_aranges
                0x00000348       0x20 c:/altera/13.0sp1good/nios2eds/bin/gnu/h-i686-mingw32/bin/../lib/gcc/nios2-elf/4.1.2/../../../../nios2-elf/lib\libc.a(lib_a-makebuf.o)
 .debug_aranges
                0x00000368       0x20 c:/altera/13.0sp1good/nios2eds/bin/gnu/h-i686-mingw32/bin/../lib/gcc/nios2-elf/4.1.2/../../../../nios2-elf/lib\libc.a(lib_a-memset.o)
 .debug_aranges
                0x00000388       0x20 c:/altera/13.0sp1good/nios2eds/bin/gnu/h-i686-mingw32/bin/../lib/gcc/nios2-elf/4.1.2/../../../../nios2-elf/lib\libc.a(lib_a-stdio.o)
 .debug_aranges
                0x000003a8       0x20 c:/altera/13.0sp1good/nios2eds/bin/gnu/h-i686-mingw32/bin/../lib/gcc/nios2-elf/4.1.2/../../../../nios2-elf/lib\libc.a(lib_a-writer.o)
 .debug_aranges
                0x000003c8       0x20 c:/altera/13.0sp1good/nios2eds/bin/gnu/h-i686-mingw32/bin/../lib/gcc/nios2-elf/4.1.2/../../../../nios2-elf/lib\libc.a(lib_a-closer.o)
 .debug_aranges
                0x000003e8       0x20 c:/altera/13.0sp1good/nios2eds/bin/gnu/h-i686-mingw32/bin/../lib/gcc/nios2-elf/4.1.2/../../../../nios2-elf/lib\libc.a(lib_a-fclose.o)
 .debug_aranges
                0x00000408       0x20 c:/altera/13.0sp1good/nios2eds/bin/gnu/h-i686-mingw32/bin/../lib/gcc/nios2-elf/4.1.2/../../../../nios2-elf/lib\libc.a(lib_a-fstatr.o)
 .debug_aranges
                0x00000428       0x20 c:/altera/13.0sp1good/nios2eds/bin/gnu/h-i686-mingw32/bin/../lib/gcc/nios2-elf/4.1.2/../../../../nios2-elf/lib\libc.a(lib_a-isattyr.o)
 .debug_aranges
                0x00000448       0x20 c:/altera/13.0sp1good/nios2eds/bin/gnu/h-i686-mingw32/bin/../lib/gcc/nios2-elf/4.1.2/../../../../nios2-elf/lib\libc.a(lib_a-lseekr.o)
 .debug_aranges
                0x00000468       0x20 c:/altera/13.0sp1good/nios2eds/bin/gnu/h-i686-mingw32/bin/../lib/gcc/nios2-elf/4.1.2/../../../../nios2-elf/lib\libc.a(lib_a-readr.o)
 .debug_aranges
                0x00000488       0x20 ../touchButtonEx_bsp/\libhal_bsp.a(alt_close.o)
 .debug_aranges
                0x000004a8       0x20 ../touchButtonEx_bsp/\libhal_bsp.a(alt_dev.o)
 .debug_aranges
                0x000004c8       0x20 ../touchButtonEx_bsp/\libhal_bsp.a(alt_fstat.o)
 .debug_aranges
                0x000004e8       0x20 ../touchButtonEx_bsp/\libhal_bsp.a(alt_isatty.o)
 .debug_aranges
                0x00000508       0x20 ../touchButtonEx_bsp/\libhal_bsp.a(alt_load.o)
 .debug_aranges
                0x00000528       0x20 ../touchButtonEx_bsp/\libhal_bsp.a(alt_lseek.o)
 .debug_aranges
                0x00000548       0x20 ../touchButtonEx_bsp/\libhal_bsp.a(alt_main.o)
 .debug_aranges
                0x00000568       0x20 ../touchButtonEx_bsp/\libhal_bsp.a(alt_malloc_lock.o)
 .debug_aranges
                0x00000588       0x20 ../touchButtonEx_bsp/\libhal_bsp.a(alt_read.o)
 .debug_aranges
                0x000005a8       0x20 ../touchButtonEx_bsp/\libhal_bsp.a(alt_release_fd.o)
 .debug_aranges
                0x000005c8       0x20 ../touchButtonEx_bsp/\libhal_bsp.a(alt_sbrk.o)
 .debug_aranges
                0x000005e8       0x20 ../touchButtonEx_bsp/\libhal_bsp.a(alt_write.o)
 .debug_aranges
                0x00000608       0x20 ../touchButtonEx_bsp/\libhal_bsp.a(alt_sys_init.o)
 .debug_aranges
                0x00000628       0x20 ../touchButtonEx_bsp/\libhal_bsp.a(altera_avalon_jtag_uart_fd.o)
 .debug_aranges
                0x00000648       0x20 ../touchButtonEx_bsp/\libhal_bsp.a(altera_avalon_jtag_uart_init.o)
 .debug_aranges
                0x00000668       0x20 ../touchButtonEx_bsp/\libhal_bsp.a(altera_avalon_jtag_uart_ioctl.o)
 .debug_aranges
                0x00000688       0x20 ../touchButtonEx_bsp/\libhal_bsp.a(altera_avalon_jtag_uart_read.o)
 .debug_aranges
                0x000006a8       0x20 ../touchButtonEx_bsp/\libhal_bsp.a(altera_avalon_jtag_uart_write.o)
 .debug_aranges
                0x000006c8       0x20 ../touchButtonEx_bsp/\libhal_bsp.a(altera_avalon_timer_sc.o)
 .debug_aranges
                0x000006e8       0x20 ../touchButtonEx_bsp/\libhal_bsp.a(altera_up_avalon_character_lcd.o)
 .debug_aranges
                0x00000708       0x20 ../touchButtonEx_bsp/\libhal_bsp.a(altera_up_avalon_rs232.o)
 .debug_aranges
                0x00000728       0x20 ../touchButtonEx_bsp/\libhal_bsp.a(alt_alarm_start.o)
 .debug_aranges
                0x00000748       0x20 ../touchButtonEx_bsp/\libhal_bsp.a(alt_dcache_flush_all.o)
 .debug_aranges
                0x00000768       0x20 ../touchButtonEx_bsp/\libhal_bsp.a(alt_dev_llist_insert.o)
 .debug_aranges
                0x00000788       0x20 ../touchButtonEx_bsp/\libhal_bsp.a(alt_do_ctors.o)
 .debug_aranges
                0x000007a8       0x20 ../touchButtonEx_bsp/\libhal_bsp.a(alt_do_dtors.o)
 .debug_aranges
                0x000007c8       0x20 ../touchButtonEx_bsp/\libhal_bsp.a(alt_find_dev.o)
 .debug_aranges
                0x000007e8       0x20 ../touchButtonEx_bsp/\libhal_bsp.a(alt_icache_flush_all.o)
 .debug_aranges
                0x00000808       0x20 ../touchButtonEx_bsp/\libhal_bsp.a(alt_io_redirect.o)
 .debug_aranges
                0x00000828       0x20 ../touchButtonEx_bsp/\libhal_bsp.a(alt_irq_register.o)
 .debug_aranges
                0x00000848       0x20 ../touchButtonEx_bsp/\libhal_bsp.a(alt_open.o)
 .debug_aranges
                0x00000868       0x20 ../touchButtonEx_bsp/\libhal_bsp.a(alt_tick.o)
 .debug_aranges
                0x00000888       0x20 ../touchButtonEx_bsp/\libhal_bsp.a(altera_nios2_qsys_irq.o)
 .debug_aranges
                0x000008a8       0x20 ../touchButtonEx_bsp/\libhal_bsp.a(alt_find_file.o)
 .debug_aranges
                0x000008c8       0x20 ../touchButtonEx_bsp/\libhal_bsp.a(alt_get_fd.o)
 .debug_aranges
                0x000008e8       0x20 ../touchButtonEx_bsp/\libhal_bsp.a(alt_icache_flush.o)
 .debug_aranges
                0x00000908       0x30 ../touchButtonEx_bsp/\libhal_bsp.a(alt_irq_entry.o)
 .debug_aranges
                0x00000938       0x28 ../touchButtonEx_bsp/\libhal_bsp.a(alt_irq_handler.o)
 .debug_aranges
                0x00000960       0x38 ../touchButtonEx_bsp/\libhal_bsp.a(alt_exception_entry.o)
 .debug_aranges
                0x00000998       0x20 c:/altera/13.0sp1good/nios2eds/bin/gnu/h-i686-mingw32/bin/../lib/gcc/nios2-elf/4.1.2/../../../../nios2-elf/lib\libc.a(lib_a-atexit.o)
 .debug_aranges
                0x000009b8       0x20 c:/altera/13.0sp1good/nios2eds/bin/gnu/h-i686-mingw32/bin/../lib/gcc/nios2-elf/4.1.2/../../../../nios2-elf/lib\libc.a(lib_a-exit.o)
 .debug_aranges
                0x000009d8       0x20 c:/altera/13.0sp1good/nios2eds/bin/gnu/h-i686-mingw32/bin/../lib/gcc/nios2-elf/4.1.2/../../../../nios2-elf/lib\libc.a(lib_a-memcmp.o)
 .debug_aranges
                0x000009f8       0x20 c:/altera/13.0sp1good/nios2eds/bin/gnu/h-i686-mingw32/bin/../lib/gcc/nios2-elf/4.1.2/../../../../nios2-elf/lib\libc.a(lib_a-__atexit.o)
 .debug_aranges
                0x00000a18       0x20 c:/altera/13.0sp1good/nios2eds/bin/gnu/h-i686-mingw32/bin/../lib/gcc/nios2-elf/4.1.2/../../../../nios2-elf/lib\libc.a(lib_a-__call_atexit.o)
 .debug_aranges
                0x00000a38       0x20 ../touchButtonEx_bsp/\libhal_bsp.a(alt_exit.o)

.debug_pubnames
                0x00000000     0x12d6
 *(.debug_pubnames)
 .debug_pubnames
                0x00000000       0x9e obj/default/graphics.o
 .debug_pubnames
                0x0000009e       0xa4 obj/default/touchButtonMain.o
 .debug_pubnames
                0x00000142       0x60 obj/default/touchScreen.o
 .debug_pubnames
                0x000001a2       0x1f c:/altera/13.0sp1good/nios2eds/bin/gnu/h-i686-mingw32/bin/../lib/gcc/nios2-elf/4.1.2\libgcc.a(_mul_df.o)
 .debug_pubnames
                0x000001c1       0x1f c:/altera/13.0sp1good/nios2eds/bin/gnu/h-i686-mingw32/bin/../lib/gcc/nios2-elf/4.1.2\libgcc.a(_div_df.o)
 .debug_pubnames
                0x000001e0       0x22 c:/altera/13.0sp1good/nios2eds/bin/gnu/h-i686-mingw32/bin/../lib/gcc/nios2-elf/4.1.2\libgcc.a(_si_to_df.o)
 .debug_pubnames
                0x00000202       0x20 c:/altera/13.0sp1good/nios2eds/bin/gnu/h-i686-mingw32/bin/../lib/gcc/nios2-elf/4.1.2\libgcc.a(_df_to_si.o)
 .debug_pubnames
                0x00000222       0x22 c:/altera/13.0sp1good/nios2eds/bin/gnu/h-i686-mingw32/bin/../lib/gcc/nios2-elf/4.1.2\libgcc.a(_thenan_df.o)
 .debug_pubnames
                0x00000244       0x1f c:/altera/13.0sp1good/nios2eds/bin/gnu/h-i686-mingw32/bin/../lib/gcc/nios2-elf/4.1.2\libgcc.a(_muldi3.o)
 .debug_pubnames
                0x00000263       0x1f c:/altera/13.0sp1good/nios2eds/bin/gnu/h-i686-mingw32/bin/../lib/gcc/nios2-elf/4.1.2\libgcc.a(_clzsi2.o)
 .debug_pubnames
                0x00000282       0x1f c:/altera/13.0sp1good/nios2eds/bin/gnu/h-i686-mingw32/bin/../lib/gcc/nios2-elf/4.1.2\libgcc.a(_pack_df.o)
 .debug_pubnames
                0x000002a1       0x21 c:/altera/13.0sp1good/nios2eds/bin/gnu/h-i686-mingw32/bin/../lib/gcc/nios2-elf/4.1.2\libgcc.a(_unpack_df.o)
 .debug_pubnames
                0x000002c2       0x20 c:/altera/13.0sp1good/nios2eds/bin/gnu/h-i686-mingw32/bin/../lib/gcc/nios2-elf/4.1.2\libgcc.a(_clz.o)
 .debug_pubnames
                0x000002e2       0x27 c:/altera/13.0sp1good/nios2eds/bin/gnu/h-i686-mingw32/bin/../lib/gcc/nios2-elf/4.1.2/../../../../nios2-elf/lib\libc.a(lib_a-puts.o)
 .debug_pubnames
                0x00000309       0x1d c:/altera/13.0sp1good/nios2eds/bin/gnu/h-i686-mingw32/bin/../lib/gcc/nios2-elf/4.1.2/../../../../nios2-elf/lib\libc.a(lib_a-strlen.o)
 .debug_pubnames
                0x00000326       0x23 c:/altera/13.0sp1good/nios2eds/bin/gnu/h-i686-mingw32/bin/../lib/gcc/nios2-elf/4.1.2/../../../../nios2-elf/lib\libc.a(lib_a-fvwrite.o)
 .debug_pubnames
                0x00000349       0x39 c:/altera/13.0sp1good/nios2eds/bin/gnu/h-i686-mingw32/bin/../lib/gcc/nios2-elf/4.1.2/../../../../nios2-elf/lib\libc.a(lib_a-impure.o)
 .debug_pubnames
                0x00000382       0xce c:/altera/13.0sp1good/nios2eds/bin/gnu/h-i686-mingw32/bin/../lib/gcc/nios2-elf/4.1.2/../../../../nios2-elf/lib\libc.a(lib_a-mallocr.o)
 .debug_pubnames
                0x00000450       0x1d c:/altera/13.0sp1good/nios2eds/bin/gnu/h-i686-mingw32/bin/../lib/gcc/nios2-elf/4.1.2/../../../../nios2-elf/lib\libc.a(lib_a-memchr.o)
 .debug_pubnames
                0x0000046d       0x1d c:/altera/13.0sp1good/nios2eds/bin/gnu/h-i686-mingw32/bin/../lib/gcc/nios2-elf/4.1.2/../../../../nios2-elf/lib\libc.a(lib_a-memcpy.o)
 .debug_pubnames
                0x0000048a       0x1e c:/altera/13.0sp1good/nios2eds/bin/gnu/h-i686-mingw32/bin/../lib/gcc/nios2-elf/4.1.2/../../../../nios2-elf/lib\libc.a(lib_a-memmove.o)
 .debug_pubnames
                0x000004a8       0x21 c:/altera/13.0sp1good/nios2eds/bin/gnu/h-i686-mingw32/bin/../lib/gcc/nios2-elf/4.1.2/../../../../nios2-elf/lib\libc.a(lib_a-reallocr.o)
 .debug_pubnames
                0x000004c9       0x1e c:/altera/13.0sp1good/nios2eds/bin/gnu/h-i686-mingw32/bin/../lib/gcc/nios2-elf/4.1.2/../../../../nios2-elf/lib\libc.a(lib_a-sbrkr.o)
 .debug_pubnames
                0x000004e7       0x22 c:/altera/13.0sp1good/nios2eds/bin/gnu/h-i686-mingw32/bin/../lib/gcc/nios2-elf/4.1.2/../../../../nios2-elf/lib\libc.a(lib_a-wsetup.o)
 .debug_pubnames
                0x00000509       0x2b c:/altera/13.0sp1good/nios2eds/bin/gnu/h-i686-mingw32/bin/../lib/gcc/nios2-elf/4.1.2/../../../../nios2-elf/lib\libc.a(lib_a-fflush.o)
 .debug_pubnames
                0x00000534       0xdb c:/altera/13.0sp1good/nios2eds/bin/gnu/h-i686-mingw32/bin/../lib/gcc/nios2-elf/4.1.2/../../../../nios2-elf/lib\libc.a(lib_a-findfp.o)
 .debug_pubnames
                0x0000060f       0x31 c:/altera/13.0sp1good/nios2eds/bin/gnu/h-i686-mingw32/bin/../lib/gcc/nios2-elf/4.1.2/../../../../nios2-elf/lib\libc.a(lib_a-freer.o)
 .debug_pubnames
                0x00000640       0x2e c:/altera/13.0sp1good/nios2eds/bin/gnu/h-i686-mingw32/bin/../lib/gcc/nios2-elf/4.1.2/../../../../nios2-elf/lib\libc.a(lib_a-fwalk.o)
 .debug_pubnames
                0x0000066e       0x1c c:/altera/13.0sp1good/nios2eds/bin/gnu/h-i686-mingw32/bin/../lib/gcc/nios2-elf/4.1.2/../../../../nios2-elf/lib\libc.a(lib_a-int_errno.o)
 .debug_pubnames
                0x0000068a       0x23 c:/altera/13.0sp1good/nios2eds/bin/gnu/h-i686-mingw32/bin/../lib/gcc/nios2-elf/4.1.2/../../../../nios2-elf/lib\libc.a(lib_a-makebuf.o)
 .debug_pubnames
                0x000006ad       0x1d c:/altera/13.0sp1good/nios2eds/bin/gnu/h-i686-mingw32/bin/../lib/gcc/nios2-elf/4.1.2/../../../../nios2-elf/lib\libc.a(lib_a-memset.o)
 .debug_pubnames
                0x000006ca       0x44 c:/altera/13.0sp1good/nios2eds/bin/gnu/h-i686-mingw32/bin/../lib/gcc/nios2-elf/4.1.2/../../../../nios2-elf/lib\libc.a(lib_a-stdio.o)
 .debug_pubnames
                0x0000070e       0x1f c:/altera/13.0sp1good/nios2eds/bin/gnu/h-i686-mingw32/bin/../lib/gcc/nios2-elf/4.1.2/../../../../nios2-elf/lib\libc.a(lib_a-writer.o)
 .debug_pubnames
                0x0000072d       0x1f c:/altera/13.0sp1good/nios2eds/bin/gnu/h-i686-mingw32/bin/../lib/gcc/nios2-elf/4.1.2/../../../../nios2-elf/lib\libc.a(lib_a-closer.o)
 .debug_pubnames
                0x0000074c       0x2b c:/altera/13.0sp1good/nios2eds/bin/gnu/h-i686-mingw32/bin/../lib/gcc/nios2-elf/4.1.2/../../../../nios2-elf/lib\libc.a(lib_a-fclose.o)
 .debug_pubnames
                0x00000777       0x1f c:/altera/13.0sp1good/nios2eds/bin/gnu/h-i686-mingw32/bin/../lib/gcc/nios2-elf/4.1.2/../../../../nios2-elf/lib\libc.a(lib_a-fstatr.o)
 .debug_pubnames
                0x00000796       0x20 c:/altera/13.0sp1good/nios2eds/bin/gnu/h-i686-mingw32/bin/../lib/gcc/nios2-elf/4.1.2/../../../../nios2-elf/lib\libc.a(lib_a-isattyr.o)
 .debug_pubnames
                0x000007b6       0x1f c:/altera/13.0sp1good/nios2eds/bin/gnu/h-i686-mingw32/bin/../lib/gcc/nios2-elf/4.1.2/../../../../nios2-elf/lib\libc.a(lib_a-lseekr.o)
 .debug_pubnames
                0x000007d5       0x1e c:/altera/13.0sp1good/nios2eds/bin/gnu/h-i686-mingw32/bin/../lib/gcc/nios2-elf/4.1.2/../../../../nios2-elf/lib\libc.a(lib_a-readr.o)
 .debug_pubnames
                0x000007f3       0x1c ../touchButtonEx_bsp/\libhal_bsp.a(alt_close.o)
 .debug_pubnames
                0x0000080f       0x63 ../touchButtonEx_bsp/\libhal_bsp.a(alt_dev.o)
 .debug_pubnames
                0x00000872       0x20 ../touchButtonEx_bsp/\libhal_bsp.a(alt_errno.o)
 .debug_pubnames
                0x00000892       0x1c ../touchButtonEx_bsp/\libhal_bsp.a(alt_fstat.o)
 .debug_pubnames
                0x000008ae       0x1d ../touchButtonEx_bsp/\libhal_bsp.a(alt_isatty.o)
 .debug_pubnames
                0x000008cb       0x1f ../touchButtonEx_bsp/\libhal_bsp.a(alt_load.o)
 .debug_pubnames
                0x000008ea       0x1c ../touchButtonEx_bsp/\libhal_bsp.a(alt_lseek.o)
 .debug_pubnames
                0x00000906       0x46 ../touchButtonEx_bsp/\libhal_bsp.a(alt_main.o)
 .debug_pubnames
                0x0000094c       0x38 ../touchButtonEx_bsp/\libhal_bsp.a(alt_malloc_lock.o)
 .debug_pubnames
                0x00000984       0x1b ../touchButtonEx_bsp/\libhal_bsp.a(alt_read.o)
 .debug_pubnames
                0x0000099f       0x25 ../touchButtonEx_bsp/\libhal_bsp.a(alt_release_fd.o)
 .debug_pubnames
                0x000009c4       0x1b ../touchButtonEx_bsp/\libhal_bsp.a(alt_sbrk.o)
 .debug_pubnames
                0x000009df       0x1c ../touchButtonEx_bsp/\libhal_bsp.a(alt_write.o)
 .debug_pubnames
                0x000009fb       0x34 ../touchButtonEx_bsp/\libhal_bsp.a(alt_sys_init.o)
 .debug_pubnames
                0x00000a2f       0xa5 ../touchButtonEx_bsp/\libhal_bsp.a(altera_avalon_jtag_uart_fd.o)
 .debug_pubnames
                0x00000ad4       0x55 ../touchButtonEx_bsp/\libhal_bsp.a(altera_avalon_jtag_uart_init.o)
 .debug_pubnames
                0x00000b29       0x34 ../touchButtonEx_bsp/\libhal_bsp.a(altera_avalon_jtag_uart_ioctl.o)
 .debug_pubnames
                0x00000b5d       0x33 ../touchButtonEx_bsp/\libhal_bsp.a(altera_avalon_jtag_uart_read.o)
 .debug_pubnames
                0x00000b90       0x34 ../touchButtonEx_bsp/\libhal_bsp.a(altera_avalon_jtag_uart_write.o)
 .debug_pubnames
                0x00000bc4       0x2f ../touchButtonEx_bsp/\libhal_bsp.a(altera_avalon_timer_sc.o)
 .debug_pubnames
                0x00000bf3      0x1cd ../touchButtonEx_bsp/\libhal_bsp.a(altera_up_avalon_character_lcd.o)
 .debug_pubnames
                0x00000dc0      0x163 ../touchButtonEx_bsp/\libhal_bsp.a(altera_up_avalon_rs232.o)
 .debug_pubnames
                0x00000f23       0x26 ../touchButtonEx_bsp/\libhal_bsp.a(alt_alarm_start.o)
 .debug_pubnames
                0x00000f49       0x2b ../touchButtonEx_bsp/\libhal_bsp.a(alt_dcache_flush_all.o)
 .debug_pubnames
                0x00000f74       0x2b ../touchButtonEx_bsp/\libhal_bsp.a(alt_dev_llist_insert.o)
 .debug_pubnames
                0x00000f9f       0x20 ../touchButtonEx_bsp/\libhal_bsp.a(alt_do_ctors.o)
 .debug_pubnames
                0x00000fbf       0x20 ../touchButtonEx_bsp/\libhal_bsp.a(alt_do_dtors.o)
 .debug_pubnames
                0x00000fdf       0x23 ../touchButtonEx_bsp/\libhal_bsp.a(alt_find_dev.o)
 .debug_pubnames
                0x00001002       0x2b ../touchButtonEx_bsp/\libhal_bsp.a(alt_icache_flush_all.o)
 .debug_pubnames
                0x0000102d       0x26 ../touchButtonEx_bsp/\libhal_bsp.a(alt_io_redirect.o)
 .debug_pubnames
                0x00001053       0x27 ../touchButtonEx_bsp/\libhal_bsp.a(alt_irq_register.o)
 .debug_pubnames
                0x0000107a       0x3b ../touchButtonEx_bsp/\libhal_bsp.a(alt_irq_vars.o)
 .debug_pubnames
                0x000010b5       0x1b ../touchButtonEx_bsp/\libhal_bsp.a(alt_open.o)
 .debug_pubnames
                0x000010d0       0x68 ../touchButtonEx_bsp/\libhal_bsp.a(alt_tick.o)
 .debug_pubnames
                0x00001138       0x31 ../touchButtonEx_bsp/\libhal_bsp.a(altera_nios2_qsys_irq.o)
 .debug_pubnames
                0x00001169       0x24 ../touchButtonEx_bsp/\libhal_bsp.a(alt_find_file.o)
 .debug_pubnames
                0x0000118d       0x21 ../touchButtonEx_bsp/\libhal_bsp.a(alt_get_fd.o)
 .debug_pubnames
                0x000011ae       0x27 ../touchButtonEx_bsp/\libhal_bsp.a(alt_icache_flush.o)
 .debug_pubnames
                0x000011d5       0x32 ../touchButtonEx_bsp/\libhal_bsp.a(alt_irq_handler.o)
 .debug_pubnames
                0x00001207       0x2a c:/altera/13.0sp1good/nios2eds/bin/gnu/h-i686-mingw32/bin/../lib/gcc/nios2-elf/4.1.2/../../../../nios2-elf/lib\libc.a(lib_a-atexit.o)
 .debug_pubnames
                0x00001231       0x1b c:/altera/13.0sp1good/nios2eds/bin/gnu/h-i686-mingw32/bin/../lib/gcc/nios2-elf/4.1.2/../../../../nios2-elf/lib\libc.a(lib_a-exit.o)
 .debug_pubnames
                0x0000124c       0x1d c:/altera/13.0sp1good/nios2eds/bin/gnu/h-i686-mingw32/bin/../lib/gcc/nios2-elf/4.1.2/../../../../nios2-elf/lib\libc.a(lib_a-memcmp.o)
 .debug_pubnames
                0x00001269       0x2a c:/altera/13.0sp1good/nios2eds/bin/gnu/h-i686-mingw32/bin/../lib/gcc/nios2-elf/4.1.2/../../../../nios2-elf/lib\libc.a(lib_a-__atexit.o)
 .debug_pubnames
                0x00001293       0x27 c:/altera/13.0sp1good/nios2eds/bin/gnu/h-i686-mingw32/bin/../lib/gcc/nios2-elf/4.1.2/../../../../nios2-elf/lib\libc.a(lib_a-__call_atexit.o)
 .debug_pubnames
                0x000012ba       0x1c ../touchButtonEx_bsp/\libhal_bsp.a(alt_exit.o)

.debug_info     0x00000000    0x1d377
 *(.debug_info .gnu.linkonce.wi.*)
 .debug_info    0x00000000       0xaa ../touchButtonEx_bsp//obj/HAL/src/crt0.o
 .debug_info    0x000000aa      0x53e obj/default/graphics.o
 .debug_info    0x000005e8      0x3a8 obj/default/touchButtonMain.o
 .debug_info    0x00000990      0x249 obj/default/touchScreen.o
 .debug_info    0x00000bd9      0x488 c:/altera/13.0sp1good/nios2eds/bin/gnu/h-i686-mingw32/bin/../lib/gcc/nios2-elf/4.1.2\libgcc.a(_mul_df.o)
 .debug_info    0x00001061      0x39b c:/altera/13.0sp1good/nios2eds/bin/gnu/h-i686-mingw32/bin/../lib/gcc/nios2-elf/4.1.2\libgcc.a(_div_df.o)
 .debug_info    0x000013fc      0x218 c:/altera/13.0sp1good/nios2eds/bin/gnu/h-i686-mingw32/bin/../lib/gcc/nios2-elf/4.1.2\libgcc.a(_si_to_df.o)
 .debug_info    0x00001614      0x2cd c:/altera/13.0sp1good/nios2eds/bin/gnu/h-i686-mingw32/bin/../lib/gcc/nios2-elf/4.1.2\libgcc.a(_df_to_si.o)
 .debug_info    0x000018e1      0x164 c:/altera/13.0sp1good/nios2eds/bin/gnu/h-i686-mingw32/bin/../lib/gcc/nios2-elf/4.1.2\libgcc.a(_thenan_df.o)
 .debug_info    0x00001a45      0x215 c:/altera/13.0sp1good/nios2eds/bin/gnu/h-i686-mingw32/bin/../lib/gcc/nios2-elf/4.1.2\libgcc.a(_muldi3.o)
 .debug_info    0x00001c5a      0x130 c:/altera/13.0sp1good/nios2eds/bin/gnu/h-i686-mingw32/bin/../lib/gcc/nios2-elf/4.1.2\libgcc.a(_clzsi2.o)
 .debug_info    0x00001d8a      0x2fc c:/altera/13.0sp1good/nios2eds/bin/gnu/h-i686-mingw32/bin/../lib/gcc/nios2-elf/4.1.2\libgcc.a(_pack_df.o)
 .debug_info    0x00002086      0x268 c:/altera/13.0sp1good/nios2eds/bin/gnu/h-i686-mingw32/bin/../lib/gcc/nios2-elf/4.1.2\libgcc.a(_unpack_df.o)
 .debug_info    0x000022ee       0xc9 c:/altera/13.0sp1good/nios2eds/bin/gnu/h-i686-mingw32/bin/../lib/gcc/nios2-elf/4.1.2\libgcc.a(_clz.o)
 .debug_info    0x000023b7      0xa25 c:/altera/13.0sp1good/nios2eds/bin/gnu/h-i686-mingw32/bin/../lib/gcc/nios2-elf/4.1.2/../../../../nios2-elf/lib\libc.a(lib_a-puts.o)
 .debug_info    0x00002ddc       0xdb c:/altera/13.0sp1good/nios2eds/bin/gnu/h-i686-mingw32/bin/../lib/gcc/nios2-elf/4.1.2/../../../../nios2-elf/lib\libc.a(lib_a-strlen.o)
 .debug_info    0x00002eb7      0xa88 c:/altera/13.0sp1good/nios2eds/bin/gnu/h-i686-mingw32/bin/../lib/gcc/nios2-elf/4.1.2/../../../../nios2-elf/lib\libc.a(lib_a-fvwrite.o)
 .debug_info    0x0000393f      0x93d c:/altera/13.0sp1good/nios2eds/bin/gnu/h-i686-mingw32/bin/../lib/gcc/nios2-elf/4.1.2/../../../../nios2-elf/lib\libc.a(lib_a-impure.o)
 .debug_info    0x0000427c      0xcd0 c:/altera/13.0sp1good/nios2eds/bin/gnu/h-i686-mingw32/bin/../lib/gcc/nios2-elf/4.1.2/../../../../nios2-elf/lib\libc.a(lib_a-mallocr.o)
 .debug_info    0x00004f4c      0x138 c:/altera/13.0sp1good/nios2eds/bin/gnu/h-i686-mingw32/bin/../lib/gcc/nios2-elf/4.1.2/../../../../nios2-elf/lib\libc.a(lib_a-memchr.o)
 .debug_info    0x00005084      0x106 c:/altera/13.0sp1good/nios2eds/bin/gnu/h-i686-mingw32/bin/../lib/gcc/nios2-elf/4.1.2/../../../../nios2-elf/lib\libc.a(lib_a-memcpy.o)
 .debug_info    0x0000518a      0x13e c:/altera/13.0sp1good/nios2eds/bin/gnu/h-i686-mingw32/bin/../lib/gcc/nios2-elf/4.1.2/../../../../nios2-elf/lib\libc.a(lib_a-memmove.o)
 .debug_info    0x000052c8      0xbd7 c:/altera/13.0sp1good/nios2eds/bin/gnu/h-i686-mingw32/bin/../lib/gcc/nios2-elf/4.1.2/../../../../nios2-elf/lib\libc.a(lib_a-reallocr.o)
 .debug_info    0x00005e9f      0x962 c:/altera/13.0sp1good/nios2eds/bin/gnu/h-i686-mingw32/bin/../lib/gcc/nios2-elf/4.1.2/../../../../nios2-elf/lib\libc.a(lib_a-sbrkr.o)
 .debug_info    0x00006801      0x95d c:/altera/13.0sp1good/nios2eds/bin/gnu/h-i686-mingw32/bin/../lib/gcc/nios2-elf/4.1.2/../../../../nios2-elf/lib\libc.a(lib_a-wsetup.o)
 .debug_info    0x0000715e      0x9fe c:/altera/13.0sp1good/nios2eds/bin/gnu/h-i686-mingw32/bin/../lib/gcc/nios2-elf/4.1.2/../../../../nios2-elf/lib\libc.a(lib_a-fflush.o)
 .debug_info    0x00007b5c      0xb72 c:/altera/13.0sp1good/nios2eds/bin/gnu/h-i686-mingw32/bin/../lib/gcc/nios2-elf/4.1.2/../../../../nios2-elf/lib\libc.a(lib_a-findfp.o)
 .debug_info    0x000086ce      0xbc9 c:/altera/13.0sp1good/nios2eds/bin/gnu/h-i686-mingw32/bin/../lib/gcc/nios2-elf/4.1.2/../../../../nios2-elf/lib\libc.a(lib_a-freer.o)
 .debug_info    0x00009297      0xaed c:/altera/13.0sp1good/nios2eds/bin/gnu/h-i686-mingw32/bin/../lib/gcc/nios2-elf/4.1.2/../../../../nios2-elf/lib\libc.a(lib_a-fwalk.o)
 .debug_info    0x00009d84       0x8c c:/altera/13.0sp1good/nios2eds/bin/gnu/h-i686-mingw32/bin/../lib/gcc/nios2-elf/4.1.2/../../../../nios2-elf/lib\libc.a(lib_a-int_errno.o)