Archive member included because of file (symbol)

/home/nick/altera/13.0sp1/nios2eds/bin/gnu/H-i686-pc-linux-gnu/bin/../lib/gcc/nios2-elf/4.1.2/../../../../nios2-elf/lib/mno-hw-mul/libc.a(lib_a-puts.o)
                              obj/default/exercise1.o (puts)
/home/nick/altera/13.0sp1/nios2eds/bin/gnu/H-i686-pc-linux-gnu/bin/../lib/gcc/nios2-elf/4.1.2/../../../../nios2-elf/lib/mno-hw-mul/libc.a(lib_a-strlen.o)
                              /home/nick/altera/13.0sp1/nios2eds/bin/gnu/H-i686-pc-linux-gnu/bin/../lib/gcc/nios2-elf/4.1.2/../../../../nios2-elf/lib/mno-hw-mul/libc.a(lib_a-puts.o) (strlen)
/home/nick/altera/13.0sp1/nios2eds/bin/gnu/H-i686-pc-linux-gnu/bin/../lib/gcc/nios2-elf/4.1.2/../../../../nios2-elf/lib/mno-hw-mul/libc.a(lib_a-fvwrite.o)
                              /home/nick/altera/13.0sp1/nios2eds/bin/gnu/H-i686-pc-linux-gnu/bin/../lib/gcc/nios2-elf/4.1.2/../../../../nios2-elf/lib/mno-hw-mul/libc.a(lib_a-puts.o) (__sfvwrite_r)
/home/nick/altera/13.0sp1/nios2eds/bin/gnu/H-i686-pc-linux-gnu/bin/../lib/gcc/nios2-elf/4.1.2/../../../../nios2-elf/lib/mno-hw-mul/libc.a(lib_a-impure.o)
                              /home/nick/altera/13.0sp1/nios2eds/bin/gnu/H-i686-pc-linux-gnu/bin/../lib/gcc/nios2-elf/4.1.2/../../../../nios2-elf/lib/mno-hw-mul/libc.a(lib_a-puts.o) (_impure_ptr)
/home/nick/altera/13.0sp1/nios2eds/bin/gnu/H-i686-pc-linux-gnu/bin/../lib/gcc/nios2-elf/4.1.2/../../../../nios2-elf/lib/mno-hw-mul/libc.a(lib_a-mallocr.o)
                              /home/nick/altera/13.0sp1/nios2eds/bin/gnu/H-i686-pc-linux-gnu/bin/../lib/gcc/nios2-elf/4.1.2/../../../../nios2-elf/lib/mno-hw-mul/libc.a(lib_a-fvwrite.o) (_malloc_r)
/home/nick/altera/13.0sp1/nios2eds/bin/gnu/H-i686-pc-linux-gnu/bin/../lib/gcc/nios2-elf/4.1.2/../../../../nios2-elf/lib/mno-hw-mul/libc.a(lib_a-memchr.o)
                              /home/nick/altera/13.0sp1/nios2eds/bin/gnu/H-i686-pc-linux-gnu/bin/../lib/gcc/nios2-elf/4.1.2/../../../../nios2-elf/lib/mno-hw-mul/libc.a(lib_a-fvwrite.o) (memchr)
/home/nick/altera/13.0sp1/nios2eds/bin/gnu/H-i686-pc-linux-gnu/bin/../lib/gcc/nios2-elf/4.1.2/../../../../nios2-elf/lib/mno-hw-mul/libc.a(lib_a-memcpy.o)
                              /home/nick/altera/13.0sp1/nios2eds/bin/gnu/H-i686-pc-linux-gnu/bin/../lib/gcc/nios2-elf/4.1.2/../../../../nios2-elf/lib/mno-hw-mul/libc.a(lib_a-fvwrite.o) (memcpy)
/home/nick/altera/13.0sp1/nios2eds/bin/gnu/H-i686-pc-linux-gnu/bin/../lib/gcc/nios2-elf/4.1.2/../../../../nios2-elf/lib/mno-hw-mul/libc.a(lib_a-memmove.o)
                              /home/nick/altera/13.0sp1/nios2eds/bin/gnu/H-i686-pc-linux-gnu/bin/../lib/gcc/nios2-elf/4.1.2/../../../../nios2-elf/lib/mno-hw-mul/libc.a(lib_a-fvwrite.o) (memmove)
/home/nick/altera/13.0sp1/nios2eds/bin/gnu/H-i686-pc-linux-gnu/bin/../lib/gcc/nios2-elf/4.1.2/../../../../nios2-elf/lib/mno-hw-mul/libc.a(lib_a-reallocr.o)
                              /home/nick/altera/13.0sp1/nios2eds/bin/gnu/H-i686-pc-linux-gnu/bin/../lib/gcc/nios2-elf/4.1.2/../../../../nios2-elf/lib/mno-hw-mul/libc.a(lib_a-fvwrite.o) (_realloc_r)
/home/nick/altera/13.0sp1/nios2eds/bin/gnu/H-i686-pc-linux-gnu/bin/../lib/gcc/nios2-elf/4.1.2/../../../../nios2-elf/lib/mno-hw-mul/libc.a(lib_a-sbrkr.o)
                              /home/nick/altera/13.0sp1/nios2eds/bin/gnu/H-i686-pc-linux-gnu/bin/../lib/gcc/nios2-elf/4.1.2/../../../../nios2-elf/lib/mno-hw-mul/libc.a(lib_a-mallocr.o) (_sbrk_r)
/home/nick/altera/13.0sp1/nios2eds/bin/gnu/H-i686-pc-linux-gnu/bin/../lib/gcc/nios2-elf/4.1.2/../../../../nios2-elf/lib/mno-hw-mul/libc.a(lib_a-wsetup.o)
                              /home/nick/altera/13.0sp1/nios2eds/bin/gnu/H-i686-pc-linux-gnu/bin/../lib/gcc/nios2-elf/4.1.2/../../../../nios2-elf/lib/mno-hw-mul/libc.a(lib_a-fvwrite.o) (__swsetup_r)
/home/nick/altera/13.0sp1/nios2eds/bin/gnu/H-i686-pc-linux-gnu/bin/../lib/gcc/nios2-elf/4.1.2/../../../../nios2-elf/lib/mno-hw-mul/libc.a(lib_a-fflush.o)
                              /home/nick/altera/13.0sp1/nios2eds/bin/gnu/H-i686-pc-linux-gnu/bin/../lib/gcc/nios2-elf/4.1.2/../../../../nios2-elf/lib/mno-hw-mul/libc.a(lib_a-fvwrite.o) (_fflush_r)
/home/nick/altera/13.0sp1/nios2eds/bin/gnu/H-i686-pc-linux-gnu/bin/../lib/gcc/nios2-elf/4.1.2/../../../../nios2-elf/lib/mno-hw-mul/libc.a(lib_a-findfp.o)
                              /home/nick/altera/13.0sp1/nios2eds/bin/gnu/H-i686-pc-linux-gnu/bin/../lib/gcc/nios2-elf/4.1.2/../../../../nios2-elf/lib/mno-hw-mul/libc.a(lib_a-wsetup.o) (__sinit)
/home/nick/altera/13.0sp1/nios2eds/bin/gnu/H-i686-pc-linux-gnu/bin/../lib/gcc/nios2-elf/4.1.2/../../../../nios2-elf/lib/mno-hw-mul/libc.a(lib_a-freer.o)
                              /home/nick/altera/13.0sp1/nios2eds/bin/gnu/H-i686-pc-linux-gnu/bin/../lib/gcc/nios2-elf/4.1.2/../../../../nios2-elf/lib/mno-hw-mul/libc.a(lib_a-fvwrite.o) (_free_r)
/home/nick/altera/13.0sp1/nios2eds/bin/gnu/H-i686-pc-linux-gnu/bin/../lib/gcc/nios2-elf/4.1.2/../../../../nios2-elf/lib/mno-hw-mul/libc.a(lib_a-fwalk.o)
[...]
Memory Configuration

Name             Origin             Length             Attributes
onchip_memory2_0 0x00000000         0x00001000
reset            0x01000000         0x00000020
sdram            0x01000020         0x007fffe0
*default*        0x00000000         0xffffffff

Linker script and memory map

LOAD ../exercise1_bsp//obj/HAL/src/crt0.o
LOAD obj/default/exercise1.o
LOAD /home/nick/altera/13.0sp1/nios2eds/bin/gnu/H-i686-pc-linux-gnu/bin/../lib/gcc/nios2-elf/4.1.2/../../../../nios2-elf/lib/mno-hw-mul/libstdc++.a
LOAD /home/nick/altera/13.0sp1/nios2eds/bin/gnu/H-i686-pc-linux-gnu/bin/../lib/gcc/nios2-elf/4.1.2/../../../../nios2-elf/lib/mno-hw-mul/libm.a
LOAD /home/nick/altera/13.0sp1/nios2eds/bin/gnu/H-i686-pc-linux-gnu/bin/../lib/gcc/nios2-elf/4.1.2/mno-hw-mul/libgcc.a
START GROUP
LOAD /home/nick/altera/13.0sp1/nios2eds/bin/gnu/H-i686-pc-linux-gnu/bin/../lib/gcc/nios2-elf/4.1.2/../../../../nios2-elf/lib/mno-hw-mul/libc.a
LOAD /home/nick/altera/13.0sp1/nios2eds/bin/gnu/H-i686-pc-linux-gnu/bin/../lib/gcc/nios2-elf/4.1.2/mno-hw-mul/libgcc.a
LOAD ../exercise1_bsp//libhal_bsp.a
END GROUP
LOAD /home/nick/altera/13.0sp1/nios2eds/bin/gnu/H-i686-pc-linux-gnu/bin/../lib/gcc/nios2-elf/4.1.2/mno-hw-mul/libgcc.a
                0x00000000                __alt_mem_onchip_memory2_0 = 0x0
                0x01000000                __alt_mem_sdram = 0x1000000

.entry          0x01000000       0x20
 *(.entry)
 .entry         0x01000000       0x20 ../exercise1_bsp//obj/HAL/src/crt0.o
                0x01000000                __reset

.exceptions     0x01000020      0x194
                0x01000020                PROVIDE (__ram_exceptions_start, ABSOLUTE (.))
                0x01000020                . = ALIGN (0x20)
 *(.irq)
 *(.exceptions.entry.label)
 .exceptions.entry.label
                0x01000020        0x0 ../exercise1_bsp//libhal_bsp.a(alt_irq_entry.o)
                0x01000020                alt_irq_entry
 .exceptions.entry.label
                0x01000020        0x0 ../exercise1_bsp//libhal_bsp.a(alt_exception_entry.o)
                0x01000020                alt_exception
 *(.exceptions.entry.user)
 *(.exceptions.entry)
 .exceptions.entry
                0x01000020       0x54 ../exercise1_bsp//libhal_bsp.a(alt_exception_entry.o)
 *(.exceptions.irqtest.user)
 *(.exceptions.irqtest)
 .exceptions.irqtest
                0x01000074       0x10 ../exercise1_bsp//libhal_bsp.a(alt_irq_entry.o)
 *(.exceptions.irqhandler.user)
 *(.exceptions.irqhandler)
 .exceptions.irqhandler
                0x01000084        0x4 ../exercise1_bsp//libhal_bsp.a(alt_irq_entry.o)
 *(.exceptions.irqreturn.user)
 *(.exceptions.irqreturn)
 .exceptions.irqreturn
                0x01000088        0x4 ../exercise1_bsp//libhal_bsp.a(alt_irq_entry.o)
 *(.exceptions.notirq.label)
 .exceptions.notirq.label
                0x0100008c        0x0 ../exercise1_bsp//libhal_bsp.a(alt_irq_entry.o)
 *(.exceptions.notirq.user)
 *(.exceptions.notirq)
 .exceptions.notirq
                0x0100008c        0x8 ../exercise1_bsp//libhal_bsp.a(alt_exception_entry.o)
 *(.exceptions.soft.user)
 *(.exceptions.soft)
 *(.exceptions.unknown.user)
 *(.exceptions.unknown)
 .exceptions.unknown
                0x01000094        0x4 ../exercise1_bsp//libhal_bsp.a(alt_exception_entry.o)
 *(.exceptions.exit.label)
 .exceptions.exit.label
                0x01000098        0x0 ../exercise1_bsp//libhal_bsp.a(alt_irq_entry.o)
 .exceptions.exit.label
                0x01000098        0x0 ../exercise1_bsp//libhal_bsp.a(alt_exception_entry.o)
 *(.exceptions.exit.user)
 *(.exceptions.exit)
 .exceptions.exit
                0x01000098       0x54 ../exercise1_bsp//libhal_bsp.a(alt_exception_entry.o)
 *(.exceptions)
 .exceptions    0x010000ec       0xc8 ../exercise1_bsp//libhal_bsp.a(alt_irq_handler.o)
                0x010000ec                alt_irq_handler
                0x010001b4                PROVIDE (__ram_exceptions_end, ABSOLUTE (.))
                0x01000020                PROVIDE (__flash_exceptions_start, LOADADDR (.exceptions))

.text           0x010001b4     0x5998
                0x010001b4                PROVIDE (stext, ABSOLUTE (.))
 *(.interp)
 *(.hash)
 *(.dynsym)
 *(.dynstr)
 *(.gnu.version)
 *(.gnu.version_d)
 *(.gnu.version_r)
 *(.rel.init)
 *(.rela.init)
 *(.rel.text .rel.text.* .rel.gnu.linkonce.t.*)
 *(.rela.text .rela.text.* .rela.gnu.linkonce.t.*)
 *(.rel.fini)
 *(.rela.fini)
 *(.rel.rodata .rel.rodata.* .rel.gnu.linkonce.r.*)
 *(.rela.rodata .rela.rodata.* .rela.gnu.linkonce.r.*)
 *(.rel.data .rel.data.* .rel.gnu.linkonce.d.*)
 *(.rela.data .rela.data.* .rela.gnu.linkonce.d.*)
 *(.rel.tdata .rel.tdata.* .rel.gnu.linkonce.td.*)
 *(.rela.tdata .rela.tdata.* .rela.gnu.linkonce.td.*)
 *(.rel.tbss .rel.tbss.* .rel.gnu.linkonce.tb.*)
 *(.rela.tbss .rela.tbss.* .rela.gnu.linkonce.tb.*)
 *(.rel.ctors)
 *(.rela.ctors)
 *(.rel.dtors)
 *(.rela.dtors)
 *(.rel.got)
 *(.rela.got)
 *(.rel.sdata .rel.sdata.* .rel.gnu.linkonce.s.*)
 *(.rela.sdata .rela.sdata.* .rela.gnu.linkonce.s.*)
 *(.rel.sbss .rel.sbss.* .rel.gnu.linkonce.sb.*)
 *(.rela.sbss .rela.sbss.* .rela.gnu.linkonce.sb.*)
 *(.rel.sdata2 .rel.sdata2.* .rel.gnu.linkonce.s2.*)
 *(.rela.sdata2 .rela.sdata2.* .rela.gnu.linkonce.s2.*)
 *(.rel.sbss2 .rel.sbss2.* .rel.gnu.linkonce.sb2.*)
 *(.rela.sbss2 .rela.sbss2.* .rela.gnu.linkonce.sb2.*)
 *(.rel.bss .rel.bss.* .rel.gnu.linkonce.b.*)
 *(.rela.bss .rela.bss.* .rela.gnu.linkonce.b.*)
 *(.rel.plt)
 *(.rela.plt)
 *(.rel.dyn)
 *(.init)
 *(.plt)
 *(.text .stub .text.* .gnu.linkonce.t.*)
 .text          0x010001b4       0x3c ../exercise1_bsp//obj/HAL/src/crt0.o
                0x010001b4                _start
 .text          0x010001f0      0x170 obj/default/exercise1.o
                0x010001f0                main
 .text          0x01000360       0xb4 /home/nick/altera/13.0sp1/nios2eds/bin/gnu/H-i686-pc-linux-gnu/bin/../lib/gcc/nios2-elf/4.1.2/../../../../nios2-elf/lib/mno-hw-mul/libc.a(lib_a-puts.o)
                0x01000360                _puts_r
                0x01000400                puts
 .text          0x01000414       0x74 /home/nick/altera/13.0sp1/nios2eds/bin/gnu/H-i686-pc-linux-gnu/bin/../lib/gcc/nios2-elf/4.1.2/../../../../nios2-elf/lib/mno-hw-mul/libc.a(lib_a-strlen.o)
                0x01000414                strlen
 .text          0x01000488      0x49c /home/nick/altera/13.0sp1/nios2eds/bin/gnu/H-i686-pc-linux-gnu/bin/../lib/gcc/nios2-elf/4.1.2/../../../../nios2-elf/lib/mno-hw-mul/libc.a(lib_a-fvwrite.o)
                0x01000488                __sfvwrite_r
 .text          0x01000924        0x0 /home/nick/altera/13.0sp1/nios2eds/bin/gnu/H-i686-pc-linux-gnu/bin/../lib/gcc/nios2-elf/4.1.2/../../../../nios2-elf/lib/mno-hw-mul/libc.a(lib_a-impure.o)
 .text          0x01000924      0x740 /home/nick/altera/13.0sp1/nios2eds/bin/gnu/H-i686-pc-linux-gnu/bin/../lib/gcc/nios2-elf/4.1.2/../../../../nios2-elf/lib/mno-hw-mul/libc.a(lib_a-mallocr.o)
                0x01000924                _malloc_r
 .text          0x01001064       0xe4 /home/nick/altera/13.0sp1/nios2eds/bin/gnu/H-i686-pc-linux-gnu/bin/../lib/gcc/nios2-elf/4.1.2/../../../../nios2-elf/lib/mno-hw-mul/libc.a(lib_a-memchr.o)
                0x01001064                memchr
 .text          0x01001148       0xa0 /home/nick/altera/13.0sp1/nios2eds/bin/gnu/H-i686-pc-linux-gnu/bin/../lib/gcc/nios2-elf/4.1.2/../../../../nios2-elf/lib/mno-hw-mul/libc.a(lib_a-memcpy.o)
                0x01001148                memcpy
 .text          0x010011e8       0xe0 /home/nick/altera/13.0sp1/nios2eds/bin/gnu/H-i686-pc-linux-gnu/bin/../lib/gcc/nios2-elf/4.1.2/../../../../nios2-elf/lib/mno-hw-mul/libc.a(lib_a-memmove.o)
                0x010011e8                memmove
 .text          0x010012c8      0x5f4 /home/nick/altera/13.0sp1/nios2eds/bin/gnu/H-i686-pc-linux-gnu/bin/../lib/gcc/nios2-elf/4.1.2/../../../../nios2-elf/lib/mno-hw-mul/libc.a(lib_a-reallocr.o)
                0x010012c8                _realloc_r
 .text          0x010018bc       0x70 /home/nick/altera/13.0sp1/nios2eds/bin/gnu/H-i686-pc-linux-gnu/bin/../lib/gcc/nios2-elf/4.1.2/../../../../nios2-elf/lib/mno-hw-mul/libc.a(lib_a-sbrkr.o)
                0x010018bc                _sbrk_r
 .text          0x0100192c      0x13c /home/nick/altera/13.0sp1/nios2eds/bin/gnu/H-i686-pc-linux-gnu/bin/../lib/gcc/nios2-elf/4.1.2/../../../../nios2-elf/lib/mno-hw-mul/libc.a(lib_a-wsetup.o)
                0x0100192c                __swsetup_r
 .text          0x01001a68      0x230 /home/nick/altera/13.0sp1/nios2eds/bin/gnu/H-i686-pc-linux-gnu/bin/../lib/gcc/nios2-elf/4.1.2/../../../../nios2-elf/lib/mno-hw-mul/libc.a(lib_a-fflush.o)
                0x01001a68                _fflush_r
                0x01001c64                fflush
 .text          0x01001c98      0x2f4 /home/nick/altera/13.0sp1/nios2eds/bin/gnu/H-i686-pc-linux-gnu/bin/../lib/gcc/nios2-elf/4.1.2/../../../../nios2-elf/lib/mno-hw-mul/libc.a(lib_a-findfp.o)
                0x01001cf0                __sfp_lock_acquire
                0x01001cf4                __sfp_lock_release
                0x01001cf8                __sinit_lock_acquire
                0x01001cfc                __sinit_lock_release
                0x01001d00                __sinit
                0x01001db4                __fp_unlock_all
                0x01001dcc                __fp_lock_all
                0x01001de4                _cleanup_r
                0x01001df0                _cleanup
                0x01001e00                __sfmoreglue
                0x01001e9c                __sfp
 .text          0x01001f8c      0x440 /home/nick/altera/13.0sp1/nios2eds/bin/gnu/H-i686-pc-linux-gnu/bin/../lib/gcc/nios2-elf/4.1.2/../../../../nios2-elf/lib/mno-hw-mul/libc.a(lib_a-freer.o)
                0x01001f8c                _malloc_trim_r
                0x010020b8                _free_r
 .text          0x010023cc      0x180 /home/nick/altera/13.0sp1/nios2eds/bin/gnu/H-i686-pc-linux-gnu/bin/../lib/gcc/nios2-elf/4.1.2/../../../../nios2-elf/lib/mno-hw-mul/libc.a(lib_a-fwalk.o)
                0x010023cc                _fwalk_reent
                0x01002494                _fwalk
 .text          0x0100254c        0x0 /home/nick/altera/13.0sp1/nios2eds/bin/gnu/H-i686-pc-linux-gnu/bin/../lib/gcc/nios2-elf/4.1.2/../../../../nios2-elf/lib/mno-hw-mul/libc.a(lib_a-int_errno.o)
 .text          0x0100254c      0x194 /home/nick/altera/13.0sp1/nios2eds/bin/gnu/H-i686-pc-linux-gnu/bin/../lib/gcc/nios2-elf/4.1.2/../../../../nios2-elf/lib/mno-hw-mul/libc.a(lib_a-makebuf.o)
                0x0100254c                __smakebuf_r
 .text          0x010026e0       0x98 /home/nick/altera/13.0sp1/nios2eds/bin/gnu/H-i686-pc-linux-gnu/bin/../lib/gcc/nios2-elf/4.1.2/../../../../nios2-elf/lib/mno-hw-mul/libc.a(lib_a-memset.o)
                0x010026e0                memset
 .text          0x01002778      0x14c /home/nick/altera/13.0sp1/nios2eds/bin/gnu/H-i686-pc-linux-gnu/bin/../lib/gcc/nios2-elf/4.1.2/../../../../nios2-elf/lib/mno-hw-mul/libc.a(lib_a-stdio.o)
                0x01002778                __sclose
                0x01002780                __sseek
                0x010027e8                __swrite
                0x01002864                __sread
 .text          0x010028c4       0x78 /home/nick/altera/13.0sp1/nios2eds/bin/gnu/H-i686-pc-linux-gnu/bin/../lib/gcc/nios2-elf/4.1.2/../../../../nios2-elf/lib/mno-hw-mul/libc.a(lib_a-writer.o)
                0x010028c4                _write_r
 .text          0x0100293c       0x70 /home/nick/altera/13.0sp1/nios2eds/bin/gnu/H-i686-pc-linux-gnu/bin/../lib/gcc/nios2-elf/4.1.2/../../../../nios2-elf/lib/mno-hw-mul/libc.a(lib_a-closer.o)
                0x0100293c                _close_r
 .text          0x010029ac      0x124 /home/nick/altera/13.0sp1/nios2eds/bin/gnu/H-i686-pc-linux-gnu/bin/../lib/gcc/nios2-elf/4.1.2/../../../../nios2-elf/lib/mno-hw-mul/libc.a(lib_a-fclose.o)
                0x010029ac                _fclose_r
                0x01002abc                fclose
 .text          0x01002ad0       0x74 /home/nick/altera/13.0sp1/nios2eds/bin/gnu/H-i686-pc-linux-gnu/bin/../lib/gcc/nios2-elf/4.1.2/../../../../nios2-elf/lib/mno-hw-mul/libc.a(lib_a-fstatr.o)
                0x01002ad0                _fstat_r
 .text          0x01002b44       0x70 /home/nick/altera/13.0sp1/nios2eds/bin/gnu/H-i686-pc-linux-gnu/bin/../lib/gcc/nios2-elf/4.1.2/../../../../nios2-elf/lib/mno-hw-mul/libc.a(lib_a-isattyr.o)
                0x01002b44                _isatty_r
 .text          0x01002bb4       0x78 /home/nick/altera/13.0sp1/nios2eds/bin/gnu/H-i686-pc-linux-gnu/bin/../lib/gcc/nios2-elf/4.1.2/../../../../nios2-elf/lib/mno-hw-mul/libc.a(lib_a-lseekr.o)
                0x01002bb4                _lseek_r
 .text          0x01002c2c       0x78 /home/nick/altera/13.0sp1/nios2eds/bin/gnu/H-i686-pc-linux-gnu/bin/../lib/gcc/nios2-elf/4.1.2/../../../../nios2-elf/lib/mno-hw-mul/libc.a(lib_a-readr.o)
                0x01002c2c                _read_r
 .text          0x01002ca4       0x38 /home/nick/altera/13.0sp1/nios2eds/bin/gnu/H-i686-pc-linux-gnu/bin/../lib/gcc/nios2-elf/4.1.2/mno-hw-mul/libgcc.a(lib2-mul.o)
                0x01002ca4                __mulsi3
 .text          0x01002cdc      0x160 ../exercise1_bsp//libhal_bsp.a(alt_close.o)
                0x01002cdc                close
 .text          0x01002e3c       0x2c ../exercise1_bsp//libhal_bsp.a(alt_dev.o)
 .text          0x01002e68        0x0 ../exercise1_bsp//libhal_bsp.a(alt_errno.o)
 .text          0x01002e68      0x138 ../exercise1_bsp//libhal_bsp.a(alt_fstat.o)
                0x01002e68                fstat
 .text          0x01002fa0      0x124 ../exercise1_bsp//libhal_bsp.a(alt_isatty.o)
                0x01002fa0                isatty
 .text          0x010030c4       0xec ../exercise1_bsp//libhal_bsp.a(alt_load.o)
                0x010030c4                alt_load
 .text          0x010031b0      0x154 ../exercise1_bsp//libhal_bsp.a(alt_lseek.o)
                0x010031b0                lseek
 .text          0x01003304       0x6c ../exercise1_bsp//libhal_bsp.a(alt_main.o)
                0x01003304                alt_main
 .text          0x01003370       0x40 ../exercise1_bsp//libhal_bsp.a(alt_malloc_lock.o)
                0x01003370                __malloc_lock
                0x01003390                __malloc_unlock
 .text          0x010033b0      0x184 ../exercise1_bsp//libhal_bsp.a(alt_read.o)
                0x010033b0                read
 .text          0x01003534       0x78 ../exercise1_bsp//libhal_bsp.a(alt_release_fd.o)
                0x01003534                alt_release_fd
 .text          0x010035ac       0xbc ../exercise1_bsp//libhal_bsp.a(alt_sbrk.o)
                0x010035ac                sbrk
 .text          0x01003668      0x184 ../exercise1_bsp//libhal_bsp.a(alt_write.o)
                0x01003668                write
 .text          0x010037ec       0xc8 ../exercise1_bsp//libhal_bsp.a(alt_sys_init.o)
                0x010037ec                alt_irq_init
                0x01003820                alt_sys_init
 .text          0x010038b4      0x148 ../exercise1_bsp//libhal_bsp.a(altera_avalon_jtag_uart_fd.o)
                0x010038b4                altera_avalon_jtag_uart_read_fd
                0x0100390c                altera_avalon_jtag_uart_write_fd
                0x01003964                altera_avalon_jtag_uart_close_fd
                0x010039ac                altera_avalon_jtag_uart_ioctl_fd
 .text          0x010039fc      0x40c ../exercise1_bsp//libhal_bsp.a(altera_avalon_jtag_uart_init.o)
                0x010039fc                altera_avalon_jtag_uart_init
                0x01003d94                altera_avalon_jtag_uart_close
 .text          0x01003e08       0xf4 ../exercise1_bsp//libhal_bsp.a(altera_avalon_jtag_uart_ioctl.o)
                0x01003e08                altera_avalon_jtag_uart_ioctl
 .text          0x01003efc      0x224 ../exercise1_bsp//libhal_bsp.a(altera_avalon_jtag_uart_read.o)
                0x01003efc                altera_avalon_jtag_uart_read
 .text          0x01004120      0x240 ../exercise1_bsp//libhal_bsp.a(altera_avalon_jtag_uart_write.o)
                0x01004120                altera_avalon_jtag_uart_write
 .text          0x01004360      0x530 ../exercise1_bsp//libhal_bsp.a(altera_up_avalon_character_lcd.o)
                0x01004360                get_DDRAM_addr
                0x010043dc                alt_up_character_lcd_send_cmd
                0x01004410                alt_up_character_lcd_init
                0x01004444                alt_up_character_lcd_open_dev
                0x01004484                alt_up_character_lcd_write
                0x010044fc                alt_up_character_lcd_string
                0x01004574                alt_up_character_lcd_write_fd
                0x010045c0                alt_up_character_lcd_set_cursor_pos
                0x01004638                alt_up_character_lcd_shift_cursor
                0x010046e8                alt_up_character_lcd_shift_display
                0x01004798                alt_up_character_lcd_erase_pos
                0x01004828                alt_up_character_lcd_cursor_off
                0x0100485c                alt_up_character_lcd_cursor_blink_on
 .text          0x01004890      0x154 ../exercise1_bsp//libhal_bsp.a(alt_alarm_start.o)
                0x01004890                alt_alarm_start
 .text          0x010049e4       0x1c ../exercise1_bsp//libhal_bsp.a(alt_dcache_flush_all.o)
                0x010049e4                alt_dcache_flush_all
 .text          0x01004a00      0x114 ../exercise1_bsp//libhal_bsp.a(alt_dev_llist_insert.o)
                0x01004a00                alt_dev_llist_insert
 .text          0x01004b14       0x64 ../exercise1_bsp//libhal_bsp.a(alt_do_ctors.o)
                0x01004b14                _do_ctors
 .text          0x01004b78       0x64 ../exercise1_bsp//libhal_bsp.a(alt_do_dtors.o)
                0x01004b78                _do_dtors
 .text          0x01004bdc       0x94 ../exercise1_bsp//libhal_bsp.a(alt_find_dev.o)
                0x01004bdc                alt_find_dev
 .text          0x01004c70       0x1c ../exercise1_bsp//libhal_bsp.a(alt_icache_flush_all.o)
                0x01004c70                alt_icache_flush_all
 .text          0x01004c8c      0x1d4 ../exercise1_bsp//libhal_bsp.a(alt_iic.o)
                0x01004c8c                alt_ic_isr_register
                0x01004cdc                alt_ic_irq_enable
                0x01004d78                alt_ic_irq_disable
                0x01004e18                alt_ic_irq_enabled
 .text          0x01004e60       0xf8 ../exercise1_bsp//libhal_bsp.a(alt_iic_isr_register.o)
                0x01004e60                alt_iic_isr_register
 .text          0x01004f58      0x150 ../exercise1_bsp//libhal_bsp.a(alt_io_redirect.o)
                0x01005030                alt_io_redirect
 .text          0x010050a8        0x0 ../exercise1_bsp//libhal_bsp.a(alt_irq_entry.o)
 .text          0x010050a8        0x0 ../exercise1_bsp//libhal_bsp.a(alt_irq_handler.o)
 .text          0x010050a8        0x0 ../exercise1_bsp//libhal_bsp.a(alt_irq_vars.o)
 .text          0x010050a8      0x2e4 ../exercise1_bsp//libhal_bsp.a(alt_open.o)
                0x010051a0                open
 .text          0x0100538c      0x1a4 ../exercise1_bsp//libhal_bsp.a(alt_tick.o)
                0x0100538c                alt_alarm_stop
                0x01005424                alt_tick
 .text          0x01005530       0x20 ../exercise1_bsp//libhal_bsp.a(altera_nios2_qsys_irq.o)
                0x01005530                altera_nios2_qsys_irq_init
 .text          0x01005550        0x0 ../exercise1_bsp//libhal_bsp.a(alt_exception_entry.o)
 .text          0x01005550      0x120 ../exercise1_bsp//libhal_bsp.a(alt_find_file.o)
                0x01005550                alt_find_file
 .text          0x01005670       0xd0 ../exercise1_bsp//libhal_bsp.a(alt_get_fd.o)
                0x01005670                alt_get_fd
 .text          0x01005740       0x14 /home/nick/altera/13.0sp1/nios2eds/bin/gnu/H-i686-pc-linux-gnu/bin/../lib/gcc/nios2-elf/4.1.2/../../../../nios2-elf/lib/mno-hw-mul/libc.a(lib_a-atexit.o)
                0x01005740                atexit
 .text          0x01005754       0x38 /home/nick/altera/13.0sp1/nios2eds/bin/gnu/H-i686-pc-linux-gnu/bin/../lib/gcc/nios2-elf/4.1.2/../../../../nios2-elf/lib/mno-hw-mul/libc.a(lib_a-exit.o)
                0x01005754                exit
 .text          0x0100578c       0x74 /home/nick/altera/13.0sp1/nios2eds/bin/gnu/H-i686-pc-linux-gnu/bin/../lib/gcc/nios2-elf/4.1.2/../../../../nios2-elf/lib/mno-hw-mul/libc.a(lib_a-memcmp.o)
                0x0100578c                memcmp
 .text          0x01005800      0x134 /home/nick/altera/13.0sp1/nios2eds/bin/gnu/H-i686-pc-linux-gnu/bin/../lib/gcc/nios2-elf/4.1.2/../../../../nios2-elf/lib/mno-hw-mul/libc.a(lib_a-__atexit.o)
                0x01005800                __register_exitproc
 .text          0x01005934      0x1b4 /home/nick/altera/13.0sp1/nios2eds/bin/gnu/H-i686-pc-linux-gnu/bin/../lib/gcc/nios2-elf/4.1.2/../../../../nios2-elf/lib/mno-hw-mul/libc.a(lib_a-__call_atexit.o)
                0x01005938                __call_exitprocs
 .text          0x01005ae8       0x60 ../exercise1_bsp//libhal_bsp.a(alt_exit.o)
                0x01005b28                _exit
 *(.gnu.warning.*)
 *(.fini)
                0x01005b48                PROVIDE (__etext, ABSOLUTE (.))
                0x01005b48                PROVIDE (_etext, ABSOLUTE (.))
                0x01005b48                PROVIDE (etext, ABSOLUTE (.))
 *(.eh_frame_hdr)
                0x01005b48                . = ALIGN (0x4)
                0x01005b48                PROVIDE (__preinit_array_start, ABSOLUTE (.))
 *(.preinit_array)
                0x01005b48                PROVIDE (__preinit_array_end, ABSOLUTE (.))
                0x01005b48                PROVIDE (__init_array_start, ABSOLUTE (.))
 *(.init_array)
                0x01005b48                PROVIDE (__init_array_end, ABSOLUTE (.))
                0x01005b48                PROVIDE (__fini_array_start, ABSOLUTE (.))
 *(.fini_array)
                0x01005b48                PROVIDE (__fini_array_end, ABSOLUTE (.))
 *(.eh_frame)
 *(.gcc_except_table)
 *(.dynamic)
                0x01005b48                PROVIDE (__CTOR_LIST__, ABSOLUTE (.))
 *(.ctors)
 *(SORT(.ctors.*))
 .ctors.65535   0x01005b48        0x4 /home/nick/altera/13.0sp1/nios2eds/bin/gnu/H-i686-pc-linux-gnu/bin/../lib/gcc/nios2-elf/4.1.2/../../../../nios2-elf/lib/mno-hw-mul/libc.a(lib_a-__call_atexit.o)
                0x01005b4c                PROVIDE (__CTOR_END__, ABSOLUTE (.))
                0x01005b4c                PROVIDE (__DTOR_LIST__, ABSOLUTE (.))
 *(.dtors)
 *(SORT(.dtors.*))
                0x01005b4c                PROVIDE (__DTOR_END__, ABSOLUTE (.))
 *(.jcr)
                0x01005b4c                . = ALIGN (0x4)

.rodata         0x01005b4c      0x110
                0x01005b4c                PROVIDE (__ram_rodata_start, ABSOLUTE (.))
                0x01005b4c                . = ALIGN (0x4)
 *(.rodata .rodata.* .gnu.linkonce.r.*)
 .rodata        0x01005b4c       0xbc obj/default/exercise1.o
 .rodata.str1.4
                0x01005c08        0x2 /home/nick/altera/13.0sp1/nios2eds/bin/gnu/H-i686-pc-linux-gnu/bin/../lib/gcc/nios2-elf/4.1.2/../../../../nios2-elf/lib/mno-hw-mul/libc.a(lib_a-puts.o)
                                  0x4 (size before relaxing)
 *fill*         0x01005c0a        0x2 00
 .rodata.str1.4
                0x01005c0c        0x4 /home/nick/altera/13.0sp1/nios2eds/bin/gnu/H-i686-pc-linux-gnu/bin/../lib/gcc/nios2-elf/4.1.2/../../../../nios2-elf/lib/mno-hw-mul/libc.a(lib_a-impure.o)
 .rodata        0x01005c10        0xc ../exercise1_bsp//libhal_bsp.a(alt_dev.o)
 .rodata        0x01005c1c       0x14 ../exercise1_bsp//libhal_bsp.a(alt_main.o)
 .rodata        0x01005c30       0x2c ../exercise1_bsp//libhal_bsp.a(alt_sys_init.o)
 *(.rodata1)
                0x01005c5c                . = ALIGN (0x4)
                0x01005c5c                PROVIDE (__ram_rodata_end, ABSOLUTE (.))
                0x01005b4c                PROVIDE (__flash_rodata_start, LOADADDR (.rodata))

.rwdata         0x01005c5c     0x1a74 load address 0x010076d0
                0x01005c5c                PROVIDE (__ram_rwdata_start, ABSOLUTE (.))
                0x01005c5c                . = ALIGN (0x4)
 *(.got.plt)
 *(.got)
 *(.data1)
 *(.data .data.* .gnu.linkonce.d.*)
 .data          0x01005c5c        0x0 ../exercise1_bsp//obj/HAL/src/crt0.o
 .data          0x01005c5c        0x0 obj/default/exercise1.o
 .data          0x01005c5c        0x0 /home/nick/altera/13.0sp1/nios2eds/bin/gnu/H-i686-pc-linux-gnu/bin/../lib/gcc/nios2-elf/4.1.2/../../../../nios2-elf/lib/mno-hw-mul/libc.a(lib_a-puts.o)
 .data          0x01005c5c        0x0 /home/nick/altera/13.0sp1/nios2eds/bin/gnu/H-i686-pc-linux-gnu/bin/../lib/gcc/nios2-elf/4.1.2/../../../../nios2-elf/lib/mno-hw-mul/libc.a(lib_a-strlen.o)
 .data          0x01005c5c        0x0 /home/nick/altera/13.0sp1/nios2eds/bin/gnu/H-i686-pc-linux-gnu/bin/../lib/gcc/nios2-elf/4.1.2/../../../../nios2-elf/lib/mno-hw-mul/libc.a(lib_a-fvwrite.o)
 .data          0x01005c5c      0x400 /home/nick/altera/13.0sp1/nios2eds/bin/gnu/H-i686-pc-linux-gnu/bin/../lib/gcc/nios2-elf/4.1.2/../../../../nios2-elf/lib/mno-hw-mul/libc.a(lib_a-impure.o)
 .data          0x0100605c      0x408 /home/nick/altera/13.0sp1/nios2eds/bin/gnu/H-i686-pc-linux-gnu/bin/../lib/gcc/nios2-elf/4.1.2/../../../../nios2-elf/lib/mno-hw-mul/libc.a(lib_a-mallocr.o)
                0x0100605c                __malloc_av_
 .data          0x01006464        0x0 /home/nick/altera/13.0sp1/nios2eds/bin/gnu/H-i686-pc-linux-gnu/bin/../lib/gcc/nios2-elf/4.1.2/../../../../nios2-elf/lib/mno-hw-mul/libc.a(lib_a-memchr.o)
 .data          0x01006464        0x0 /home/nick/altera/13.0sp1/nios2eds/bin/gnu/H-i686-pc-linux-gnu/bin/../lib/gcc/nios2-elf/4.1.2/../../../../nios2-elf/lib/mno-hw-mul/libc.a(lib_a-memcpy.o)
 .data          0x01006464        0x0 /home/nick/altera/13.0sp1/nios2eds/bin/gnu/H-i686-pc-linux-gnu/bin/../lib/gcc/nios2-elf/4.1.2/../../../../nios2-elf/lib/mno-hw-mul/libc.a(lib_a-memmove.o)
 .data          0x01006464        0x0 /home/nick/altera/13.0sp1/nios2eds/bin/gnu/H-i686-pc-linux-gnu/bin/../lib/gcc/nios2-elf/4.1.2/../../../../nios2-elf/lib/mno-hw-mul/libc.a(lib_a-reallocr.o)
 .data          0x01006464        0x0 /home/nick/altera/13.0sp1/nios2eds/bin/gnu/H-i686-pc-linux-gnu/bin/../lib/gcc/nios2-elf/4.1.2/../../../../nios2-elf/lib/mno-hw-mul/libc.a(lib_a-sbrkr.o)
 .data          0x01006464        0x0 /home/nick/altera/13.0sp1/nios2eds/bin/gnu/H-i686-pc-linux-gnu/bin/../lib/gcc/nios2-elf/4.1.2/../../../../nios2-elf/lib/mno-hw-mul/libc.a(lib_a-wsetup.o)
 .data          0x01006464        0x0 /home/nick/altera/13.0sp1/nios2eds/bin/gnu/H-i686-pc-linux-gnu/bin/../lib/gcc/nios2-elf/4.1.2/../../../../nios2-elf/lib/mno-hw-mul/libc.a(lib_a-fflush.o)
 .data          0x01006464        0x0 /home/nick/altera/13.0sp1/nios2eds/bin/gnu/H-i686-pc-linux-gnu/bin/../lib/gcc/nios2-elf/4.1.2/../../../../nios2-elf/lib/mno-hw-mul/libc.a(lib_a-findfp.o)
 .data          0x01006464        0x0 /home/nick/altera/13.0sp1/nios2eds/bin/gnu/H-i686-pc-linux-gnu/bin/../lib/gcc/nios2-elf/4.1.2/../../../../nios2-elf/lib/mno-hw-mul/libc.a(lib_a-freer.o)
 .data          0x01006464        0x0 /home/nick/altera/13.0sp1/nios2eds/bin/gnu/H-i686-pc-linux-gnu/bin/../lib/gcc/nios2-elf/4.1.2/../../../../nios2-elf/lib/mno-hw-mul/libc.a(lib_a-fwalk.o)
 .data          0x01006464        0x0 /home/nick/altera/13.0sp1/nios2eds/bin/gnu/H-i686-pc-linux-gnu/bin/../lib/gcc/nios2-elf/4.1.2/../../../../nios2-elf/lib/mno-hw-mul/libc.a(lib_a-int_errno.o)
 .data          0x01006464        0x0 /home/nick/altera/13.0sp1/nios2eds/bin/gnu/H-i686-pc-linux-gnu/bin/../lib/gcc/nios2-elf/4.1.2/../../../../nios2-elf/lib/mno-hw-mul/libc.a(lib_a-makebuf.o)
 .data          0x01006464        0x0 /home/nick/altera/13.0sp1/nios2eds/bin/gnu/H-i686-pc-linux-gnu/bin/../lib/gcc/nios2-elf/4.1.2/../../../../nios2-elf/lib/mno-hw-mul/libc.a(lib_a-memset.o)
 .data          0x01006464        0x0 /home/nick/altera/13.0sp1/nios2eds/bin/gnu/H-i686-pc-linux-gnu/bin/../lib/gcc/nios2-elf/4.1.2/../../../../nios2-elf/lib/mno-hw-mul/libc.a(lib_a-stdio.o)
 .data          0x01006464        0x0 /home/nick/altera/13.0sp1/nios2eds/bin/gnu/H-i686-pc-linux-gnu/bin/../lib/gcc/nios2-elf/4.1.2/../../../../nios2-elf/lib/mno-hw-mul/libc.a(lib_a-writer.o)
 .data          0x01006464        0x0 /home/nick/altera/13.0sp1/nios2eds/bin/gnu/H-i686-pc-linux-gnu/bin/../lib/gcc/nios2-elf/4.1.2/../../../../nios2-elf/lib/mno-hw-mul/libc.a(lib_a-closer.o)
 .data          0x01006464        0x0 /home/nick/altera/13.0sp1/nios2eds/bin/gnu/H-i686-pc-linux-gnu/bin/../lib/gcc/nios2-elf/4.1.2/../../../../nios2-elf/lib/mno-hw-mul/libc.a(lib_a-fclose.o)
 .data          0x01006464        0x0 /home/nick/altera/13.0sp1/nios2eds/bin/gnu/H-i686-pc-linux-gnu/bin/../lib/gcc/nios2-elf/4.1.2/../../../../nios2-elf/lib/mno-hw-mul/libc.a(lib_a-fstatr.o)
 .data          0x01006464        0x0 /home/nick/altera/13.0sp1/nios2eds/bin/gnu/H-i686-pc-linux-gnu/bin/../lib/gcc/nios2-elf/4.1.2/../../../../nios2-elf/lib/mno-hw-mul/libc.a(lib_a-isattyr.o)
 .data          0x01006464        0x0 /home/nick/altera/13.0sp1/nios2eds/bin/gnu/H-i686-pc-linux-gnu/bin/../lib/gcc/nios2-elf/4.1.2/../../../../nios2-elf/lib/mno-hw-mul/libc.a(lib_a-lseekr.o)
 .data          0x01006464        0x0 /home/nick/altera/13.0sp1/nios2eds/bin/gnu/H-i686-pc-linux-gnu/bin/../lib/gcc/nios2-elf/4.1.2/../../../../nios2-elf/lib/mno-hw-mul/libc.a(lib_a-readr.o)
 .data          0x01006464        0x0 /home/nick/altera/13.0sp1/nios2eds/bin/gnu/H-i686-pc-linux-gnu/bin/../lib/gcc/nios2-elf/4.1.2/mno-hw-mul/libgcc.a(lib2-mul.o)
 .data          0x01006464        0x0 ../exercise1_bsp//libhal_bsp.a(alt_close.o)
 .data          0x01006464      0x1a8 ../exercise1_bsp//libhal_bsp.a(alt_dev.o)
                0x01006464                alt_dev_null
                0x0100648c                alt_fd_list
 .data          0x0100660c        0x0 ../exercise1_bsp//libhal_bsp.a(alt_errno.o)
 .data          0x0100660c        0x0 ../exercise1_bsp//libhal_bsp.a(alt_fstat.o)
 .data          0x0100660c        0x0 ../exercise1_bsp//libhal_bsp.a(alt_isatty.o)
 .data          0x0100660c        0x0 ../exercise1_bsp//libhal_bsp.a(alt_load.o)
 .data          0x0100660c        0x0 ../exercise1_bsp//libhal_bsp.a(alt_lseek.o)
 .data          0x0100660c        0x0 ../exercise1_bsp//libhal_bsp.a(alt_main.o)
 .data          0x0100660c        0x0 ../exercise1_bsp//libhal_bsp.a(alt_malloc_lock.o)
 .data          0x0100660c        0x0 ../exercise1_bsp//libhal_bsp.a(alt_read.o)
 .data          0x0100660c        0x0 ../exercise1_bsp//libhal_bsp.a(alt_release_fd.o)
 .data          0x0100660c        0x0 ../exercise1_bsp//libhal_bsp.a(alt_sbrk.o)
 .data          0x0100660c        0x0 ../exercise1_bsp//libhal_bsp.a(alt_write.o)
 .data          0x0100660c     0x108c ../exercise1_bsp//libhal_bsp.a(alt_sys_init.o)
 .data          0x01007698        0x0 ../exercise1_bsp//libhal_bsp.a(altera_avalon_jtag_uart_fd.o)
 .data          0x01007698        0x0 ../exercise1_bsp//libhal_bsp.a(altera_avalon_jtag_uart_init.o)
 .data          0x01007698        0x0 ../exercise1_bsp//libhal_bsp.a(altera_avalon_jtag_uart_ioctl.o)
 .data          0x01007698        0x0 ../exercise1_bsp//libhal_bsp.a(altera_avalon_jtag_uart_read.o)
 .data          0x01007698        0x0 ../exercise1_bsp//libhal_bsp.a(altera_avalon_jtag_uart_write.o)
 .data          0x01007698        0x0 ../exercise1_bsp//libhal_bsp.a(altera_up_avalon_character_lcd.o)
 .data          0x01007698        0x0 ../exercise1_bsp//libhal_bsp.a(alt_alarm_start.o)
 .data          0x01007698        0x0 ../exercise1_bsp//libhal_bsp.a(alt_dcache_flush_all.o)
 .data          0x01007698        0x0 ../exercise1_bsp//libhal_bsp.a(alt_dev_llist_insert.o)
 .data          0x01007698        0x0 ../exercise1_bsp//libhal_bsp.a(alt_do_ctors.o)
 .data          0x01007698        0x0 ../exercise1_bsp//libhal_bsp.a(alt_do_dtors.o)
 .data          0x01007698        0x0 ../exercise1_bsp//libhal_bsp.a(alt_find_dev.o)
 .data          0x01007698        0x0 ../exercise1_bsp//libhal_bsp.a(alt_icache_flush_all.o)
 .data          0x01007698        0x0 ../exercise1_bsp//libhal_bsp.a(alt_iic.o)
 .data          0x01007698        0x0 ../exercise1_bsp//libhal_bsp.a(alt_iic_isr_register.o)
 .data          0x01007698        0x0 ../exercise1_bsp//libhal_bsp.a(alt_io_redirect.o)
 .data          0x01007698        0x0 ../exercise1_bsp//libhal_bsp.a(alt_irq_entry.o)
 .data          0x01007698        0x0 ../exercise1_bsp//libhal_bsp.a(alt_irq_handler.o)
 .data          0x01007698        0x0 ../exercise1_bsp//libhal_bsp.a(alt_irq_vars.o)
 .data          0x01007698        0x0 ../exercise1_bsp//libhal_bsp.a(alt_open.o)
 .data          0x01007698        0x0 ../exercise1_bsp//libhal_bsp.a(alt_tick.o)
 .data          0x01007698        0x0 ../exercise1_bsp//libhal_bsp.a(altera_nios2_qsys_irq.o)
 .data          0x01007698        0x0 ../exercise1_bsp//libhal_bsp.a(alt_exception_entry.o)
 .data          0x01007698        0x0 ../exercise1_bsp//libhal_bsp.a(alt_find_file.o)
 .data          0x01007698        0x0 ../exercise1_bsp//libhal_bsp.a(alt_get_fd.o)
 .data          0x01007698        0x0 /home/nick/altera/13.0sp1/nios2eds/bin/gnu/H-i686-pc-linux-gnu/bin/../lib/gcc/nios2-elf/4.1.2/../../../../nios2-elf/lib/mno-hw-mul/libc.a(lib_a-atexit.o)
 .data          0x01007698        0x0 /home/nick/altera/13.0sp1/nios2eds/bin/gnu/H-i686-pc-linux-gnu/bin/../lib/gcc/nios2-elf/4.1.2/../../../../nios2-elf/lib/mno-hw-mul/libc.a(lib_a-exit.o)
 .data          0x01007698        0x0 /home/nick/altera/13.0sp1/nios2eds/bin/gnu/H-i686-pc-linux-gnu/bin/../lib/gcc/nios2-elf/4.1.2/../../../../nios2-elf/lib/mno-hw-mul/libc.a(lib_a-memcmp.o)
 .data          0x01007698        0x0 /home/nick/altera/13.0sp1/nios2eds/bin/gnu/H-i686-pc-linux-gnu/bin/../lib/gcc/nios2-elf/4.1.2/../../../../nios2-elf/lib/mno-hw-mul/libc.a(lib_a-__atexit.o)
 .data          0x01007698        0x0 /home/nick/altera/13.0sp1/nios2eds/bin/gnu/H-i686-pc-linux-gnu/bin/../lib/gcc/nios2-elf/4.1.2/../../../../nios2-elf/lib/mno-hw-mul/libc.a(lib_a-__call_atexit.o)
 .data          0x01007698        0x0 ../exercise1_bsp//libhal_bsp.a(alt_exit.o)
                0x0100f698                _gp = ABSOLUTE ((. + 0x8000))
                0x0100f698                PROVIDE (gp, _gp)
 *(.rwdata .rwdata.*)
 *(.sdata .sdata.* .gnu.linkonce.s.*)
 .sdata         0x01007698        0x8 /home/nick/altera/13.0sp1/nios2eds/bin/gnu/H-i686-pc-linux-gnu/bin/../lib/gcc/nios2-elf/4.1.2/../../../../nios2-elf/lib/mno-hw-mul/libc.a(lib_a-impure.o)
                0x01007698                _impure_ptr
                0x0100769c                _global_impure_ptr
 .sdata         0x010076a0        0x8 /home/nick/altera/13.0sp1/nios2eds/bin/gnu/H-i686-pc-linux-gnu/bin/../lib/gcc/nios2-elf/4.1.2/../../../../nios2-elf/lib/mno-hw-mul/libc.a(lib_a-mallocr.o)
                0x010076a0                __malloc_trim_threshold
                0x010076a4                __malloc_sbrk_base
 .sdata         0x010076a8       0x14 ../exercise1_bsp//libhal_bsp.a(alt_dev.o)
                0x010076a8                alt_fs_list
                0x010076b0                alt_dev_list
                0x010076b8                alt_max_fd
 .sdata         0x010076bc        0x4 ../exercise1_bsp//libhal_bsp.a(alt_errno.o)
                0x010076bc                alt_errno
 .sdata         0x010076c0        0x4 ../exercise1_bsp//libhal_bsp.a(alt_sbrk.o)
 .sdata         0x010076c4        0x4 ../exercise1_bsp//libhal_bsp.a(alt_irq_vars.o)
                0x010076c4                alt_priority_mask
 .sdata         0x010076c8        0x8 ../exercise1_bsp//libhal_bsp.a(alt_tick.o)
                0x010076c8                alt_alarm_list
 *(.sdata2 .sdata2.* .gnu.linkonce.s2.*)
                0x010076d0                . = ALIGN (0x4)
                0x010076d0                _edata = ABSOLUTE (.)
                0x010076d0                PROVIDE (edata, ABSOLUTE (.))
                0x010076d0                PROVIDE (__ram_rwdata_end, ABSOLUTE (.))
                0x010076d0                PROVIDE (__flash_rwdata_start, LOADADDR (.rwdata))

.bss            0x01009144      0x2e0
                0x01009144                __bss_start = ABSOLUTE (.)
                0x01009144                PROVIDE (__sbss_start, ABSOLUTE (.))
                0x01009144                PROVIDE (___sbss_start, ABSOLUTE (.))
 *(.dynsbss)
 *(.sbss .sbss.* .gnu.linkonce.sb.*)
 .sbss          0x01009144        0xc /home/nick/altera/13.0sp1/nios2eds/bin/gnu/H-i686-pc-linux-gnu/bin/../lib/gcc/nios2-elf/4.1.2/../../../../nios2-elf/lib/mno-hw-mul/libc.a(lib_a-mallocr.o)
                0x01009144                __malloc_top_pad
                0x01009148                __malloc_max_sbrked_mem
                0x0100914c                __malloc_max_total_mem
 .sbss          0x01009150        0x4 /home/nick/altera/13.0sp1/nios2eds/bin/gnu/H-i686-pc-linux-gnu/bin/../lib/gcc/nios2-elf/4.1.2/../../../../nios2-elf/lib/mno-hw-mul/libc.a(lib_a-int_errno.o)
                0x01009150                errno
 .sbss          0x01009154        0xc ../exercise1_bsp//libhal_bsp.a(alt_main.o)
                0x01009154                alt_argc
                0x01009158                alt_argv
                0x0100915c                alt_envp
 .sbss          0x01009160        0x4 ../exercise1_bsp//libhal_bsp.a(alt_irq_vars.o)
                0x01009160                alt_irq_active
 .sbss          0x01009164        0x8 ../exercise1_bsp//libhal_bsp.a(alt_tick.o)
                0x01009164                _alt_tick_rate
                0x01009168                _alt_nticks
 *(.sbss2 .sbss2.* .gnu.linkonce.sb2.*)
 *(.scommon)
                0x0100916c                PROVIDE (__sbss_end, ABSOLUTE (.))
                0x0100916c                PROVIDE (___sbss_end, ABSOLUTE (.))
 *(.dynbss)
 *(.bss .bss.* .gnu.linkonce.b.*)
 .bss           0x0100916c        0x0 ../exercise1_bsp//obj/HAL/src/crt0.o
 .bss           0x0100916c        0x0 obj/default/exercise1.o
 .bss           0x0100916c        0x0 /home/nick/altera/13.0sp1/nios2eds/bin/gnu/H-i686-pc-linux-gnu/bin/../lib/gcc/nios2-elf/4.1.2/../../../../nios2-elf/lib/mno-hw-mul/libc.a(lib_a-puts.o)
 .bss           0x0100916c        0x0 /home/nick/altera/13.0sp1/nios2eds/bin/gnu/H-i686-pc-linux-gnu/bin/../lib/gcc/nios2-elf/4.1.2/../../../../nios2-elf/lib/mno-hw-mul/libc.a(lib_a-strlen.o)
 .bss           0x0100916c        0x0 /home/nick/altera/13.0sp1/nios2eds/bin/gnu/H-i686-pc-linux-gnu/bin/../lib/gcc/nios2-elf/4.1.2/../../../../nios2-elf/lib/mno-hw-mul/libc.a(lib_a-fvwrite.o)
 .bss           0x0100916c        0x0 /home/nick/altera/13.0sp1/nios2eds/bin/gnu/H-i686-pc-linux-gnu/bin/../lib/gcc/nios2-elf/4.1.2/../../../../nios2-elf/lib/mno-hw-mul/libc.a(lib_a-impure.o)
 .bss           0x0100916c       0x28 /home/nick/altera/13.0sp1/nios2eds/bin/gnu/H-i686-pc-linux-gnu/bin/../lib/gcc/nios2-elf/4.1.2/../../../../nios2-elf/lib/mno-hw-mul/libc.a(lib_a-mallocr.o)
                0x0100916c                __malloc_current_mallinfo
 .bss           0x01009194        0x0 /home/nick/altera/13.0sp1/nios2eds/bin/gnu/H-i686-pc-linux-gnu/bin/../lib/gcc/nios2-elf/4.1.2/../../../../nios2-elf/lib/mno-hw-mul/libc.a(lib_a-memchr.o)
 .bss           0x01009194        0x0 /home/nick/altera/13.0sp1/nios2eds/bin/gnu/H-i686-pc-linux-gnu/bin/../lib/gcc/nios2-elf/4.1.2/../../../../nios2-elf/lib/mno-hw-mul/libc.a(lib_a-memcpy.o)
 .bss           0x01009194        0x0 /home/nick/altera/13.0sp1/nios2eds/bin/gnu/H-i686-pc-linux-gnu/bin/../lib/gcc/nios2-elf/4.1.2/../../../../nios2-elf/lib/mno-hw-mul/libc.a(lib_a-memmove.o)
 .bss           0x01009194        0x0 /home/nick/altera/13.0sp1/nios2eds/bin/gnu/H-i686-pc-linux-gnu/bin/../lib/gcc/nios2-elf/4.1.2/../../../../nios2-elf/lib/mno-hw-mul/libc.a(lib_a-reallocr.o)
 .bss           0x01009194        0x0 /home/nick/altera/13.0sp1/nios2eds/bin/gnu/H-i686-pc-linux-gnu/bin/../lib/gcc/nios2-elf/4.1.2/../../../../nios2-elf/lib/mno-hw-mul/libc.a(lib_a-sbrkr.o)
 .bss           0x01009194        0x0 /home/nick/altera/13.0sp1/nios2eds/bin/gnu/H-i686-pc-linux-gnu/bin/../lib/gcc/nios2-elf/4.1.2/../../../../nios2-elf/lib/mno-hw-mul/libc.a(lib_a-wsetup.o)
 .bss           0x01009194        0x0 /home/nick/altera/13.0sp1/nios2eds/bin/gnu/H-i686-pc-linux-gnu/bin/../lib/gcc/nios2-elf/4.1.2/../../../../nios2-elf/lib/mno-hw-mul/libc.a(lib_a-fflush.o)
 .bss           0x01009194        0x0 /home/nick/altera/13.0sp1/nios2eds/bin/gnu/H-i686-pc-linux-gnu/bin/../lib/gcc/nios2-elf/4.1.2/../../../../nios2-elf/lib/mno-hw-mul/libc.a(lib_a-findfp.o)
 .bss           0x01009194        0x0 /home/nick/altera/13.0sp1/nios2eds/bin/gnu/H-i686-pc-linux-gnu/bin/../lib/gcc/nios2-elf/4.1.2/../../../../nios2-elf/lib/mno-hw-mul/libc.a(lib_a-freer.o)
 .bss           0x01009194        0x0 /home/nick/altera/13.0sp1/nios2eds/bin/gnu/H-i686-pc-linux-gnu/bin/../lib/gcc/nios2-elf/4.1.2/../../../../nios2-elf/lib/mno-hw-mul/libc.a(lib_a-fwalk.o)
 .bss           0x01009194        0x0 /home/nick/altera/13.0sp1/nios2eds/bin/gnu/H-i686-pc-linux-gnu/bin/../lib/gcc/nios2-elf/4.1.2/../../../../nios2-elf/lib/mno-hw-mul/libc.a(lib_a-int_errno.o)
 .bss           0x01009194        0x0 /home/nick/altera/13.0sp1/nios2eds/bin/gnu/H-i686-pc-linux-gnu/bin/../lib/gcc/nios2-elf/4.1.2/../../../../nios2-elf/lib/mno-hw-mul/libc.a(lib_a-makebuf.o)
 .bss           0x01009194        0x0 /home/nick/altera/13.0sp1/nios2eds/bin/gnu/H-i686-pc-linux-gnu/bin/../lib/gcc/nios2-elf/4.1.2/../../../../nios2-elf/lib/mno-hw-mul/libc.a(lib_a-memset.o)
 .bss           0x01009194        0x0 /home/nick/altera/13.0sp1/nios2eds/bin/gnu/H-i686-pc-linux-gnu/bin/../lib/gcc/nios2-elf/4.1.2/../../../../nios2-elf/lib/mno-hw-mul/libc.a(lib_a-stdio.o)
 .bss           0x01009194        0x0 /home/nick/altera/13.0sp1/nios2eds/bin/gnu/H-i686-pc-linux-gnu/bin/../lib/gcc/nios2-elf/4.1.2/../../../../nios2-elf/lib/mno-hw-mul/libc.a(lib_a-writer.o)
 .bss           0x01009194        0x0 /home/nick/altera/13.0sp1/nios2eds/bin/gnu/H-i686-pc-linux-gnu/bin/../lib/gcc/nios2-elf/4.1.2/../../../../nios2-elf/lib/mno-hw-mul/libc.a(lib_a-closer.o)
 .bss           0x01009194        0x0 /home/nick/altera/13.0sp1/nios2eds/bin/gnu/H-i686-pc-linux-gnu/bin/../lib/gcc/nios2-elf/4.1.2/../../../../nios2-elf/lib/mno-hw-mul/libc.a(lib_a-fclose.o)
 .bss           0x01009194        0x0 /home/nick/altera/13.0sp1/nios2eds/bin/gnu/H-i686-pc-linux-gnu/bin/../lib/gcc/nios2-elf/4.1.2/../../../../nios2-elf/lib/mno-hw-mul/libc.a(lib_a-fstatr.o)
 .bss           0x01009194        0x0 /home/nick/altera/13.0sp1/nios2eds/bin/gnu/H-i686-pc-linux-gnu/bin/../lib/gcc/nios2-elf/4.1.2/../../../../nios2-elf/lib/mno-hw-mul/libc.a(lib_a-isattyr.o)
 .bss           0x01009194        0x0 /home/nick/altera/13.0sp1/nios2eds/bin/gnu/H-i686-pc-linux-gnu/bin/../lib/gcc/nios2-elf/4.1.2/../../../../nios2-elf/lib/mno-hw-mul/libc.a(lib_a-lseekr.o)
 .bss           0x01009194        0x0 /home/nick/altera/13.0sp1/nios2eds/bin/gnu/H-i686-pc-linux-gnu/bin/../lib/gcc/nios2-elf/4.1.2/../../../../nios2-elf/lib/mno-hw-mul/libc.a(lib_a-readr.o)
 .bss           0x01009194        0x0 /home/nick/altera/13.0sp1/nios2eds/bin/gnu/H-i686-pc-linux-gnu/bin/../lib/gcc/nios2-elf/4.1.2/mno-hw-mul/libgcc.a(lib2-mul.o)
 .bss           0x01009194        0x0 ../exercise1_bsp//libhal_bsp.a(alt_close.o)
 .bss           0x01009194        0x0 ../exercise1_bsp//libhal_bsp.a(alt_dev.o)
 .bss           0x01009194        0x0 ../exercise1_bsp//libhal_bsp.a(alt_errno.o)
 .bss           0x01009194        0x0 ../exercise1_bsp//libhal_bsp.a(alt_fstat.o)
 .bss           0x01009194        0x0 ../exercise1_bsp//libhal_bsp.a(alt_isatty.o)
 .bss           0x01009194        0x0 ../exercise1_bsp//libhal_bsp.a(alt_load.o)
 .bss           0x01009194        0x0 ../exercise1_bsp//libhal_bsp.a(alt_lseek.o)
 .bss           0x01009194        0x0 ../exercise1_bsp//libhal_bsp.a(alt_main.o)
 .bss           0x01009194        0x0 ../exercise1_bsp//libhal_bsp.a(alt_malloc_lock.o)
 .bss           0x01009194        0x0 ../exercise1_bsp//libhal_bsp.a(alt_read.o)
 .bss           0x01009194        0x0 ../exercise1_bsp//libhal_bsp.a(alt_release_fd.o)
 .bss           0x01009194        0x0 ../exercise1_bsp//libhal_bsp.a(alt_sbrk.o)
 .bss           0x01009194        0x0 ../exercise1_bsp//libhal_bsp.a(alt_write.o)
 .bss           0x01009194        0x0 ../exercise1_bsp//libhal_bsp.a(alt_sys_init.o)
 .bss           0x01009194        0x0 ../exercise1_bsp//libhal_bsp.a(altera_avalon_jtag_uart_fd.o)
 .bss           0x01009194        0x0 ../exercise1_bsp//libhal_bsp.a(altera_avalon_jtag_uart_init.o)
 .bss           0x01009194        0x0 ../exercise1_bsp//libhal_bsp.a(altera_avalon_jtag_uart_ioctl.o)
 .bss           0x01009194        0x0 ../exercise1_bsp//libhal_bsp.a(altera_avalon_jtag_uart_read.o)
 .bss           0x01009194        0x0 ../exercise1_bsp//libhal_bsp.a(altera_avalon_jtag_uart_write.o)
 .bss           0x01009194        0x0 ../exercise1_bsp//libhal_bsp.a(altera_up_avalon_character_lcd.o)
 .bss           0x01009194        0x0 ../exercise1_bsp//libhal_bsp.a(alt_alarm_start.o)
 .bss           0x01009194        0x0 ../exercise1_bsp//libhal_bsp.a(alt_dcache_flush_all.o)
 .bss           0x01009194        0x0 ../exercise1_bsp//libhal_bsp.a(alt_dev_llist_insert.o)
 .bss           0x01009194        0x0 ../exercise1_bsp//libhal_bsp.a(alt_do_ctors.o)
 .bss           0x01009194        0x0 ../exercise1_bsp//libhal_bsp.a(alt_do_dtors.o)
 .bss           0x01009194        0x0 ../exercise1_bsp//libhal_bsp.a(alt_find_dev.o)
 .bss           0x01009194        0x0 ../exercise1_bsp//libhal_bsp.a(alt_icache_flush_all.o)
 .bss           0x01009194        0x0 ../exercise1_bsp//libhal_bsp.a(alt_iic.o)
 .bss           0x01009194        0x0 ../exercise1_bsp//libhal_bsp.a(alt_iic_isr_register.o)
 .bss           0x01009194        0x0 ../exercise1_bsp//libhal_bsp.a(alt_io_redirect.o)
 .bss           0x01009194        0x0 ../exercise1_bsp//libhal_bsp.a(alt_irq_entry.o)
 .bss           0x01009194        0x0 ../exercise1_bsp//libhal_bsp.a(alt_irq_handler.o)
 .bss           0x01009194        0x0 ../exercise1_bsp//libhal_bsp.a(alt_irq_vars.o)
 .bss           0x01009194        0x0 ../exercise1_bsp//libhal_bsp.a(alt_open.o)
 .bss           0x01009194        0x0 ../exercise1_bsp//libhal_bsp.a(alt_tick.o)
 .bss           0x01009194        0x0 ../exercise1_bsp//libhal_bsp.a(altera_nios2_qsys_irq.o)
 .bss           0x01009194        0x0 ../exercise1_bsp//libhal_bsp.a(alt_exception_entry.o)
 .bss           0x01009194        0x0 ../exercise1_bsp//libhal_bsp.a(alt_find_file.o)
 .bss           0x01009194        0x0 ../exercise1_bsp//libhal_bsp.a(alt_get_fd.o)
 .bss           0x01009194        0x0 /home/nick/altera/13.0sp1/nios2eds/bin/gnu/H-i686-pc-linux-gnu/bin/../lib/gcc/nios2-elf/4.1.2/../../../../nios2-elf/lib/mno-hw-mul/libc.a(lib_a-atexit.o)
 .bss           0x01009194        0x0 /home/nick/altera/13.0sp1/nios2eds/bin/gnu/H-i686-pc-linux-gnu/bin/../lib/gcc/nios2-elf/4.1.2/../../../../nios2-elf/lib/mno-hw-mul/libc.a(lib_a-exit.o)
 .bss           0x01009194        0x0 /home/nick/altera/13.0sp1/nios2eds/bin/gnu/H-i686-pc-linux-gnu/bin/../lib/gcc/nios2-elf/4.1.2/../../../../nios2-elf/lib/mno-hw-mul/libc.a(lib_a-memcmp.o)
 .bss           0x01009194        0x0 /home/nick/altera/13.0sp1/nios2eds/bin/gnu/H-i686-pc-linux-gnu/bin/../lib/gcc/nios2-elf/4.1.2/../../../../nios2-elf/lib/mno-hw-mul/libc.a(lib_a-__atexit.o)
 .bss           0x01009194        0x0 /home/nick/altera/13.0sp1/nios2eds/bin/gnu/H-i686-pc-linux-gnu/bin/../lib/gcc/nios2-elf/4.1.2/../../../../nios2-elf/lib/mno-hw-mul/libc.a(lib_a-__call_atexit.o)
 .bss           0x01009194        0x0 ../exercise1_bsp//libhal_bsp.a(alt_exit.o)
 *(COMMON)
 COMMON         0x01009194      0x100 ../exercise1_bsp//libhal_bsp.a(alt_irq_handler.o)
                0x01009194                alt_irq
 COMMON         0x01009294      0x190 /home/nick/altera/13.0sp1/nios2eds/bin/gnu/H-i686-pc-linux-gnu/bin/../lib/gcc/nios2-elf/4.1.2/../../../../nios2-elf/lib/mno-hw-mul/libc.a(lib_a-atexit.o)
                0x01009294                _atexit0
                0x01009424                . = ALIGN (0x4)
                0x01009424                __bss_end = ABSOLUTE (.)

.onchip_memory2_0
                0x00000000        0x0 load address 0x01009424
                0x00000000                PROVIDE (_alt_partition_onchip_memory2_0_start, ABSOLUTE (.))
 *(.onchip_memory2_0. onchip_memory2_0.*)
                0x00000000                . = ALIGN (0x4)
                0x00000000                PROVIDE (_alt_partition_onchip_memory2_0_end, ABSOLUTE (.))
                0x01009424                PROVIDE (_alt_partition_onchip_memory2_0_load_addr, LOADADDR (.onchip_memory2_0))

.sdram          0x01009424        0x0
                0x01009424                PROVIDE (_alt_partition_sdram_start, ABSOLUTE (.))
 *(.sdram. sdram.*)
                0x01009424                . = ALIGN (0x4)
                0x01009424                PROVIDE (_alt_partition_sdram_end, ABSOLUTE (.))
                0x01009424                _end = ABSOLUTE (.)
                0x01009424                end = ABSOLUTE (.)
                0x01009424                __alt_stack_base = ABSOLUTE (.)
                0x01009424                PROVIDE (_alt_partition_sdram_load_addr, LOADADDR (.sdram))

.stab
 *(.stab)

.stabstr
 *(.stabstr)

.stab.excl
 *(.stab.excl)

.stab.exclstr
 *(.stab.exclstr)

.stab.index
 *(.stab.index)

.stab.indexstr
 *(.stab.indexstr)

.comment        0x00000000       0x26
 *(.comment)
 .comment       0x00000000       0x26 obj/default/exercise1.o
                                 0x27 (size before relaxing)
 .comment       0x00000000       0x27 /home/nick/altera/13.0sp1/nios2eds/bin/gnu/H-i686-pc-linux-gnu/bin/../lib/gcc/nios2-elf/4.1.2/../../../../nios2-elf/lib/mno-hw-mul/libc.a(lib_a-puts.o)
 .comment       0x00000000       0x27 /home/nick/altera/13.0sp1/nios2eds/bin/gnu/H-i686-pc-linux-gnu/bin/../lib/gcc/nios2-elf/4.1.2/../../../../nios2-elf/lib/mno-hw-mul/libc.a(lib_a-strlen.o)
 .comment       0x00000000       0x27 /home/nick/altera/13.0sp1/nios2eds/bin/gnu/H-i686-pc-linux-gnu/bin/../lib/gcc/nios2-elf/4.1.2/../../../../nios2-elf/lib/mno-hw-mul/libc.a(lib_a-fvwrite.o)
 .comment       0x00000000       0x27 /home/nick/altera/13.0sp1/nios2eds/bin/gnu/H-i686-pc-linux-gnu/bin/../lib/gcc/nios2-elf/4.1.2/../../../../nios2-elf/lib/mno-hw-mul/libc.a(lib_a-impure.o)
 .comment       0x00000000       0x27 /home/nick/altera/13.0sp1/nios2eds/bin/gnu/H-i686-pc-linux-gnu/bin/../lib/gcc/nios2-elf/4.1.2/../../../../nios2-elf/lib/mno-hw-mul/libc.a(lib_a-mallocr.o)
 .comment       0x00000000       0x27 /home/nick/altera/13.0sp1/nios2eds/bin/gnu/H-i686-pc-linux-gnu/bin/../lib/gcc/nios2-elf/4.1.2/../../../../nios2-elf/lib/mno-hw-mul/libc.a(lib_a-memchr.o)
 .comment       0x00000000       0x27 /home/nick/altera/13.0sp1/nios2eds/bin/gnu/H-i686-pc-linux-gnu/bin/../lib/gcc/nios2-elf/4.1.2/../../../../nios2-elf/lib/mno-hw-mul/libc.a(lib_a-memcpy.o)
 .comment       0x00000000       0x27 /home/nick/altera/13.0sp1/nios2eds/bin/gnu/H-i686-pc-linux-gnu/bin/../lib/gcc/nios2-elf/4.1.2/../../../../nios2-elf/lib/mno-hw-mul/libc.a(lib_a-memmove.o)
 .comment       0x00000000       0x27 /home/nick/altera/13.0sp1/nios2eds/bin/gnu/H-i686-pc-linux-gnu/bin/../lib/gcc/nios2-elf/4.1.2/../../../../nios2-elf/lib/mno-hw-mul/libc.a(lib_a-reallocr.o)
 .comment       0x00000000       0x27 /home/nick/altera/13.0sp1/nios2eds/bin/gnu/H-i686-pc-linux-gnu/bin/../lib/gcc/nios2-elf/4.1.2/../../../../nios2-elf/lib/mno-hw-mul/libc.a(lib_a-sbrkr.o)
 .comment       0x00000000       0x27 /home/nick/altera/13.0sp1/nios2eds/bin/gnu/H-i686-pc-linux-gnu/bin/../lib/gcc/nios2-elf/4.1.2/../../../../nios2-elf/lib/mno-hw-mul/libc.a(lib_a-wsetup.o)
 .comment       0x00000000       0x27 /home/nick/altera/13.0sp1/nios2eds/bin/gnu/H-i686-pc-linux-gnu/bin/../lib/gcc/nios2-elf/4.1.2/../../../../nios2-elf/lib/mno-hw-mul/libc.a(lib_a-fflush.o)
 .comment       0x00000000       0x27 /home/nick/altera/13.0sp1/nios2eds/bin/gnu/H-i686-pc-linux-gnu/bin/../lib/gcc/nios2-elf/4.1.2/../../../../nios2-elf/lib/mno-hw-mul/libc.a(lib_a-findfp.o)
 .comment       0x00000000       0x27 /home/nick/altera/13.0sp1/nios2eds/bin/gnu/H-i686-pc-linux-gnu/bin/../lib/gcc/nios2-elf/4.1.2/../../../../nios2-elf/lib/mno-hw-mul/libc.a(lib_a-freer.o)
 .comment       0x00000000       0x27 /home/nick/altera/13.0sp1/nios2eds/bin/gnu/H-i686-pc-linux-gnu/bin/../lib/gcc/nios2-elf/4.1.2/../../../../nios2-elf/lib/mno-hw-mul/libc.a(lib_a-fwalk.o)
 .comment       0x00000000       0x27 /home/nick/altera/13.0sp1/nios2eds/bin/gnu/H-i686-pc-linux-gnu/bin/../lib/gcc/nios2-elf/4.1.2/../../../../nios2-elf/lib/mno-hw-mul/libc.a(lib_a-int_errno.o)
 .comment       0x00000000       0x27 /home/nick/altera/13.0sp1/nios2eds/bin/gnu/H-i686-pc-linux-gnu/bin/../lib/gcc/nios2-elf/4.1.2/../../../../nios2-elf/lib/mno-hw-mul/libc.a(lib_a-makebuf.o)
 .comment       0x00000000       0x27 /home/nick/altera/13.0sp1/nios2eds/bin/gnu/H-i686-pc-linux-gnu/bin/../lib/gcc/nios2-elf/4.1.2/../../../../nios2-elf/lib/mno-hw-mul/libc.a(lib_a-memset.o)
 .comment       0x00000000       0x27 /home/nick/altera/13.0sp1/nios2eds/bin/gnu/H-i686-pc-linux-gnu/bin/../lib/gcc/nios2-elf/4.1.2/../../../../nios2-elf/lib/mno-hw-mul/libc.a(lib_a-stdio.o)
 .comment       0x00000000       0x27 /home/nick/altera/13.0sp1/nios2eds/bin/gnu/H-i686-pc-linux-gnu/bin/../lib/gcc/nios2-elf/4.1.2/../../../../nios2-elf/lib/mno-hw-mul/libc.a(lib_a-writer.o)
 .comment       0x00000000       0x27 /home/nick/altera/13.0sp1/nios2eds/bin/gnu/H-i686-pc-linux-gnu/bin/../lib/gcc/nios2-elf/4.1.2/../../../../nios2-elf/lib/mno-hw-mul/libc.a(lib_a-closer.o)
 .comment       0x00000000       0x27 /home/nick/altera/13.0sp1/nios2eds/bin/gnu/H-i686-pc-linux-gnu/bin/../lib/gcc/nios2-elf/4.1.2/../../../../nios2-elf/lib/mno-hw-mul/libc.a(lib_a-fclose.o)
 .comment       0x00000000       0x27 /home/nick/altera/13.0sp1/nios2eds/bin/gnu/H-i686-pc-linux-gnu/bin/../lib/gcc/nios2-elf/4.1.2/../../../../nios2-elf/lib/mno-hw-mul/libc.a(lib_a-fstatr.o)
 .comment       0x00000000       0x27 /home/nick/altera/13.0sp1/nios2eds/bin/gnu/H-i686-pc-linux-gnu/bin/../lib/gcc/nios2-elf/4.1.2/../../../../nios2-elf/lib/mno-hw-mul/libc.a(lib_a-isattyr.o)
 .comment       0x00000000       0x27 /home/nick/altera/13.0sp1/nios2eds/bin/gnu/H-i686-pc-linux-gnu/bin/../lib/gcc/nios2-elf/4.1.2/../../../../nios2-elf/lib/mno-hw-mul/libc.a(lib_a-lseekr.o)
 .comment       0x00000000       0x27 /home/nick/altera/13.0sp1/nios2eds/bin/gnu/H-i686-pc-linux-gnu/bin/../lib/gcc/nios2-elf/4.1.2/../../../../nios2-elf/lib/mno-hw-mul/libc.a(lib_a-readr.o)
 .comment       0x00000000       0x27 /home/nick/altera/13.0sp1/nios2eds/bin/gnu/H-i686-pc-linux-gnu/bin/../lib/gcc/nios2-elf/4.1.2/mno-hw-mul/libgcc.a(lib2-mul.o)
 .comment       0x00000000       0x27 ../exercise1_bsp//libhal_bsp.a(alt_close.o)
 .comment       0x00000000       0x27 ../exercise1_bsp//libhal_bsp.a(alt_dev.o)
 .comment       0x00000000       0x27 ../exercise1_bsp//libhal_bsp.a(alt_errno.o)
 .comment       0x00000000       0x27 ../exercise1_bsp//libhal_bsp.a(alt_fstat.o)
 .comment       0x00000000       0x27 ../exercise1_bsp//libhal_bsp.a(alt_isatty.o)
 .comment       0x00000000       0x27 ../exercise1_bsp//libhal_bsp.a(alt_load.o)
 .comment       0x00000000       0x27 ../exercise1_bsp//libhal_bsp.a(alt_lseek.o)
 .comment       0x00000000       0x27 ../exercise1_bsp//libhal_bsp.a(alt_main.o)
 .comment       0x00000000       0x27 ../exercise1_bsp//libhal_bsp.a(alt_malloc_lock.o)
 .comment       0x00000000       0x27 ../exercise1_bsp//libhal_bsp.a(alt_read.o)
 .comment       0x00000000       0x27 ../exercise1_bsp//libhal_bsp.a(alt_release_fd.o)
 .comment       0x00000000       0x27 ../exercise1_bsp//libhal_bsp.a(alt_sbrk.o)
 .comment       0x00000000       0x27 ../exercise1_bsp//libhal_bsp.a(alt_write.o)
 .comment       0x00000000       0x27 ../exercise1_bsp//libhal_bsp.a(alt_sys_init.o)
 .comment       0x00000000       0x27 ../exercise1_bsp//libhal_bsp.a(altera_avalon_jtag_uart_fd.o)
 .comment       0x00000000       0x27 ../exercise1_bsp//libhal_bsp.a(altera_avalon_jtag_uart_init.o)
 .comment       0x00000000       0x27 ../exercise1_bsp//libhal_bsp.a(altera_avalon_jtag_uart_ioctl.o)
 .comment       0x00000000       0x27 ../exercise1_bsp//libhal_bsp.a(altera_avalon_jtag_uart_read.o)
 .comment       0x00000000       0x27 ../exercise1_bsp//libhal_bsp.a(altera_avalon_jtag_uart_write.o)
 .comment       0x00000000       0x27 ../exercise1_bsp//libhal_bsp.a(altera_up_avalon_character_lcd.o)
 .comment       0x00000000       0x27 ../exercise1_bsp//libhal_bsp.a(alt_alarm_start.o)
 .comment       0x00000000       0x27 ../exercise1_bsp//libhal_bsp.a(alt_dcache_flush_all.o)
 .comment       0x00000000       0x27 ../exercise1_bsp//libhal_bsp.a(alt_dev_llist_insert.o)
 .comment       0x00000000       0x27 ../exercise1_bsp//libhal_bsp.a(alt_do_ctors.o)
 .comment       0x00000000       0x27 ../exercise1_bsp//libhal_bsp.a(alt_do_dtors.o)
 .comment       0x00000000       0x27 ../exercise1_bsp//libhal_bsp.a(alt_find_dev.o)
 .comment       0x00000000       0x27 ../exercise1_bsp//libhal_bsp.a(alt_icache_flush_all.o)
 .comment       0x00000000       0x27 ../exercise1_bsp//libhal_bsp.a(alt_iic.o)
 .comment       0x00000000       0x27 ../exercise1_bsp//libhal_bsp.a(alt_iic_isr_register.o)
 .comment       0x00000000       0x27 ../exercise1_bsp//libhal_bsp.a(alt_io_redirect.o)
 .comment       0x00000000       0x27 ../exercise1_bsp//libhal_bsp.a(alt_irq_handler.o)
 .comment       0x00000000       0x27 ../exercise1_bsp//libhal_bsp.a(alt_irq_vars.o)
 .comment       0x00000000       0x27 ../exercise1_bsp//libhal_bsp.a(alt_open.o)
 .comment       0x00000000       0x27 ../exercise1_bsp//libhal_bsp.a(alt_tick.o)
 .comment       0x00000000       0x27 ../exercise1_bsp//libhal_bsp.a(altera_nios2_qsys_irq.o)
 .comment       0x00000000       0x27 ../exercise1_bsp//libhal_bsp.a(alt_find_file.o)
 .comment       0x00000000       0x27 ../exercise1_bsp//libhal_bsp.a(alt_get_fd.o)
 .comment       0x00000000       0x27 /home/nick/altera/13.0sp1/nios2eds/bin/gnu/H-i686-pc-linux-gnu/bin/../lib/gcc/nios2-elf/4.1.2/../../../../nios2-elf/lib/mno-hw-mul/libc.a(lib_a-atexit.o)
 .comment       0x00000000       0x27 /home/nick/altera/13.0sp1/nios2eds/bin/gnu/H-i686-pc-linux-gnu/bin/../lib/gcc/nios2-elf/4.1.2/../../../../nios2-elf/lib/mno-hw-mul/libc.a(lib_a-exit.o)
 .comment       0x00000000       0x27 /home/nick/altera/13.0sp1/nios2eds/bin/gnu/H-i686-pc-linux-gnu/bin/../lib/gcc/nios2-elf/4.1.2/../../../../nios2-elf/lib/mno-hw-mul/libc.a(lib_a-memcmp.o)
 .comment       0x00000000       0x27 /home/nick/altera/13.0sp1/nios2eds/bin/gnu/H-i686-pc-linux-gnu/bin/../lib/gcc/nios2-elf/4.1.2/../../../../nios2-elf/lib/mno-hw-mul/libc.a(lib_a-__atexit.o)
 .comment       0x00000000       0x27 /home/nick/altera/13.0sp1/nios2eds/bin/gnu/H-i686-pc-linux-gnu/bin/../lib/gcc/nios2-elf/4.1.2/../../../../nios2-elf/lib/mno-hw-mul/libc.a(lib_a-__call_atexit.o)
 .comment       0x00000000       0x27 ../exercise1_bsp//libhal_bsp.a(alt_exit.o)

.debug
 *(.debug)

.line
 *(.line)

.debug_srcinfo
 *(.debug_srcinfo)

.debug_sfnames
 *(.debug_sfnames)

.debug_aranges  0x00000000      0x8f8
 *(.debug_aranges)
 .debug_aranges
                0x00000000       0x28 ../exercise1_bsp//obj/HAL/src/crt0.o
 .debug_aranges
                0x00000028       0x20 obj/default/exercise1.o
 .debug_aranges
                0x00000048       0x20 /home/nick/altera/13.0sp1/nios2eds/bin/gnu/H-i686-pc-linux-gnu/bin/../lib/gcc/nios2-elf/4.1.2/../../../../nios2-elf/lib/mno-hw-mul/libc.a(lib_a-puts.o)
 .debug_aranges
                0x00000068       0x20 /home/nick/altera/13.0sp1/nios2eds/bin/gnu/H-i686-pc-linux-gnu/bin/../lib/gcc/nios2-elf/4.1.2/../../../../nios2-elf/lib/mno-hw-mul/libc.a(lib_a-strlen.o)
 .debug_aranges
                0x00000088       0x20 /home/nick/altera/13.0sp1/nios2eds/bin/gnu/H-i686-pc-linux-gnu/bin/../lib/gcc/nios2-elf/4.1.2/../../../../nios2-elf/lib/mno-hw-mul/libc.a(lib_a-fvwrite.o)
 .debug_aranges
                0x000000a8       0x20 /home/nick/altera/13.0sp1/nios2eds/bin/gnu/H-i686-pc-linux-gnu/bin/../lib/gcc/nios2-elf/4.1.2/../../../../nios2-elf/lib/mno-hw-mul/libc.a(lib_a-mallocr.o)
 .debug_aranges
                0x000000c8       0x20 /home/nick/altera/13.0sp1/nios2eds/bin/gnu/H-i686-pc-linux-gnu/bin/../lib/gcc/nios2-elf/4.1.2/../../../../nios2-elf/lib/mno-hw-mul/libc.a(lib_a-memchr.o)
 .debug_aranges
                0x000000e8       0x20 /home/nick/altera/13.0sp1/nios2eds/bin/gnu/H-i686-pc-linux-gnu/bin/../lib/gcc/nios2-elf/4.1.2/../../../../nios2-elf/lib/mno-hw-mul/libc.a(lib_a-memcpy.o)
 .debug_aranges
                0x00000108       0x20 /home/nick/altera/13.0sp1/nios2eds/bin/gnu/H-i686-pc-linux-gnu/bin/../lib/gcc/nios2-elf/4.1.2/../../../../nios2-elf/lib/mno-hw-mul/libc.a(lib_a-memmove.o)
 .debug_aranges
                0x00000128       0x20 /home/nick/altera/13.0sp1/nios2eds/bin/gnu/H-i686-pc-linux-gnu/bin/../lib/gcc/nios2-elf/4.1.2/../../../../nios2-elf/lib/mno-hw-mul/libc.a(lib_a-reallocr.o)
 .debug_aranges
                0x00000148       0x20 /home/nick/altera/13.0sp1/nios2eds/bin/gnu/H-i686-pc-linux-gnu/bin/../lib/gcc/nios2-elf/4.1.2/../../../../nios2-elf/lib/mno-hw-mul/libc.a(lib_a-sbrkr.o)
 .debug_aranges
                0x00000168       0x20 /home/nick/altera/13.0sp1/nios2eds/bin/gnu/H-i686-pc-linux-gnu/bin/../lib/gcc/nios2-elf/4.1.2/../../../../nios2-elf/lib/mno-hw-mul/libc.a(lib_a-wsetup.o)
 .debug_aranges
                0x00000188       0x20 /home/nick/altera/13.0sp1/nios2eds/bin/gnu/H-i686-pc-linux-gnu/bin/../lib/gcc/nios2-elf/4.1.2/../../../../nios2-elf/lib/mno-hw-mul/libc.a(lib_a-fflush.o)
 .debug_aranges
                0x000001a8       0x20 /home/nick/altera/13.0sp1/nios2eds/bin/gnu/H-i686-pc-linux-gnu/bin/../lib/gcc/nios2-elf/4.1.2/../../../../nios2-elf/lib/mno-hw-mul/libc.a(lib_a-findfp.o)
 .debug_aranges
                0x000001c8       0x20 /home/nick/altera/13.0sp1/nios2eds/bin/gnu/H-i686-pc-linux-gnu/bin/../lib/gcc/nios2-elf/4.1.2/../../../../nios2-elf/lib/mno-hw-mul/libc.a(lib_a-freer.o)
 .debug_aranges
                0x000001e8       0x20 /home/nick/altera/13.0sp1/nios2eds/bin/gnu/H-i686-pc-linux-gnu/bin/../lib/gcc/nios2-elf/4.1.2/../../../../nios2-elf/lib/mno-hw-mul/libc.a(lib_a-fwalk.o)
 .debug_aranges
                0x00000208       0x20 /home/nick/altera/13.0sp1/nios2eds/bin/gnu/H-i686-pc-linux-gnu/bin/../lib/gcc/nios2-elf/4.1.2/../../../../nios2-elf/lib/mno-hw-mul/libc.a(lib_a-makebuf.o)
 .debug_aranges
                0x00000228       0x20 /home/nick/altera/13.0sp1/nios2eds/bin/gnu/H-i686-pc-linux-gnu/bin/../lib/gcc/nios2-elf/4.1.2/../../../../nios2-elf/lib/mno-hw-mul/libc.a(lib_a-memset.o)
 .debug_aranges
                0x00000248       0x20 /home/nick/altera/13.0sp1/nios2eds/bin/gnu/H-i686-pc-linux-gnu/bin/../lib/gcc/nios2-elf/4.1.2/../../../../nios2-elf/lib/mno-hw-mul/libc.a(lib_a-stdio.o)
 .debug_aranges
                0x00000268       0x20 /home/nick/altera/13.0sp1/nios2eds/bin/gnu/H-i686-pc-linux-gnu/bin/../lib/gcc/nios2-elf/4.1.2/../../../../nios2-elf/lib/mno-hw-mul/libc.a(lib_a-writer.o)
 .debug_aranges
                0x00000288       0x20 /home/nick/altera/13.0sp1/nios2eds/bin/gnu/H-i686-pc-linux-gnu/bin/../lib/gcc/nios2-elf/4.1.2/../../../../nios2-elf/lib/mno-hw-mul/libc.a(lib_a-closer.o)
 .debug_aranges
                0x000002a8       0x20 /home/nick/altera/13.0sp1/nios2eds/bin/gnu/H-i686-pc-linux-gnu/bin/../lib/gcc/nios2-elf/4.1.2/../../../../nios2-elf/lib/mno-hw-mul/libc.a(lib_a-fclose.o)
 .debug_aranges
                0x000002c8       0x20 /home/nick/altera/13.0sp1/nios2eds/bin/gnu/H-i686-pc-linux-gnu/bin/../lib/gcc/nios2-elf/4.1.2/../../../../nios2-elf/lib/mno-hw-mul/libc.a(lib_a-fstatr.o)
 .debug_aranges
                0x000002e8       0x20 /home/nick/altera/13.0sp1/nios2eds/bin/gnu/H-i686-pc-linux-gnu/bin/../lib/gcc/nios2-elf/4.1.2/../../../../nios2-elf/lib/mno-hw-mul/libc.a(lib_a-isattyr.o)
 .debug_aranges
                0x00000308       0x20 /home/nick/altera/13.0sp1/nios2eds/bin/gnu/H-i686-pc-linux-gnu/bin/../lib/gcc/nios2-elf/4.1.2/../../../../nios2-elf/lib/mno-hw-mul/libc.a(lib_a-lseekr.o)
 .debug_aranges
                0x00000328       0x20 /home/nick/altera/13.0sp1/nios2eds/bin/gnu/H-i686-pc-linux-gnu/bin/../lib/gcc/nios2-elf/4.1.2/../../../../nios2-elf/lib/mno-hw-mul/libc.a(lib_a-readr.o)
 .debug_aranges
                0x00000348       0x20 /home/nick/altera/13.0sp1/nios2eds/bin/gnu/H-i686-pc-linux-gnu/bin/../lib/gcc/nios2-elf/4.1.2/mno-hw-mul/libgcc.a(lib2-mul.o)
 .debug_aranges
                0x00000368       0x20 ../exercise1_bsp//libhal_bsp.a(alt_close.o)
 .debug_aranges
                0x00000388       0x20 ../exercise1_bsp//libhal_bsp.a(alt_dev.o)
 .debug_aranges
                0x000003a8       0x20 ../exercise1_bsp//libhal_bsp.a(alt_fstat.o)
 .debug_aranges
                0x000003c8       0x20 ../exercise1_bsp//libhal_bsp.a(alt_isatty.o)
 .debug_aranges
                0x000003e8       0x20 ../exercise1_bsp//libhal_bsp.a(alt_load.o)
 .debug_aranges
                0x00000408       0x20 ../exercise1_bsp//libhal_bsp.a(alt_lseek.o)
 .debug_aranges
                0x00000428       0x20 ../exercise1_bsp//libhal_bsp.a(alt_main.o)
 .debug_aranges
                0x00000448       0x20 ../exercise1_bsp//libhal_bsp.a(alt_malloc_lock.o)
 .debug_aranges
                0x00000468       0x20 ../exercise1_bsp//libhal_bsp.a(alt_read.o)
 .debug_aranges
                0x00000488       0x20 ../exercise1_bsp//libhal_bsp.a(alt_release_fd.o)
 .debug_aranges
                0x000004a8       0x20 ../exercise1_bsp//libhal_bsp.a(alt_sbrk.o)
 .debug_aranges
                0x000004c8       0x20 ../exercise1_bsp//libhal_bsp.a(alt_write.o)
 .debug_aranges
                0x000004e8       0x20 ../exercise1_bsp//libhal_bsp.a(alt_sys_init.o)
 .debug_aranges
                0x00000508       0x20 ../exercise1_bsp//libhal_bsp.a(altera_avalon_jtag_uart_fd.o)
 .debug_aranges
                0x00000528       0x20 ../exercise1_bsp//libhal_bsp.a(altera_avalon_jtag_uart_init.o)
 .debug_aranges
                0x00000548       0x20 ../exercise1_bsp//libhal_bsp.a(altera_avalon_jtag_uart_ioctl.o)
 .debug_aranges
                0x00000568       0x20 ../exercise1_bsp//libhal_bsp.a(altera_avalon_jtag_uart_read.o)
 .debug_aranges
                0x00000588       0x20 ../exercise1_bsp//libhal_bsp.a(altera_avalon_jtag_uart_write.o)
 .debug_aranges
                0x000005a8       0x20 ../exercise1_bsp//libhal_bsp.a(altera_up_avalon_character_lcd.o)
 .debug_aranges
                0x000005c8       0x20 ../exercise1_bsp//libhal_bsp.a(alt_alarm_start.o)
 .debug_aranges
                0x000005e8       0x20 ../exercise1_bsp//libhal_bsp.a(alt_dcache_flush_all.o)
 .debug_aranges
                0x00000608       0x20 ../exercise1_bsp//libhal_bsp.a(alt_dev_llist_insert.o)
 .debug_aranges
                0x00000628       0x20 ../exercise1_bsp//libhal_bsp.a(alt_do_ctors.o)
 .debug_aranges
                0x00000648       0x20 ../exercise1_bsp//libhal_bsp.a(alt_do_dtors.o)
 .debug_aranges
                0x00000668       0x20 ../exercise1_bsp//libhal_bsp.a(alt_find_dev.o)
 .debug_aranges
                0x00000688       0x20 ../exercise1_bsp//libhal_bsp.a(alt_icache_flush_all.o)
 .debug_aranges
                0x000006a8       0x20 ../exercise1_bsp//libhal_bsp.a(alt_iic.o)
 .debug_aranges
                0x000006c8       0x20 ../exercise1_bsp//libhal_bsp.a(alt_iic_isr_register.o)
 .debug_aranges
                0x000006e8       0x20 ../exercise1_bsp//libhal_bsp.a(alt_io_redirect.o)
 .debug_aranges
                0x00000708       0x30 ../exercise1_bsp//libhal_bsp.a(alt_irq_entry.o)
 .debug_aranges
                0x00000738       0x28 ../exercise1_bsp//libhal_bsp.a(alt_irq_handler.o)
 .debug_aranges
                0x00000760       0x20 ../exercise1_bsp//libhal_bsp.a(alt_open.o)
 .debug_aranges
                0x00000780       0x20 ../exercise1_bsp//libhal_bsp.a(alt_tick.o)
 .debug_aranges
                0x000007a0       0x20 ../exercise1_bsp//libhal_bsp.a(altera_nios2_qsys_irq.o)
 .debug_aranges
                0x000007c0       0x38 ../exercise1_bsp//libhal_bsp.a(alt_exception_entry.o)
 .debug_aranges
                0x000007f8       0x20 ../exercise1_bsp//libhal_bsp.a(alt_find_file.o)
 .debug_aranges
                0x00000818       0x20 ../exercise1_bsp//libhal_bsp.a(alt_get_fd.o)
 .debug_aranges
                0x00000838       0x20 /home/nick/altera/13.0sp1/nios2eds/bin/gnu/H-i686-pc-linux-gnu/bin/../lib/gcc/nios2-elf/4.1.2/../../../../nios2-elf/lib/mno-hw-mul/libc.a(lib_a-atexit.o)
 .debug_aranges
                0x00000858       0x20 /home/nick/altera/13.0sp1/nios2eds/bin/gnu/H-i686-pc-linux-gnu/bin/../lib/gcc/nios2-elf/4.1.2/../../../../nios2-elf/lib/mno-hw-mul/libc.a(lib_a-exit.o)
 .debug_aranges
                0x00000878       0x20 /home/nick/altera/13.0sp1/nios2eds/bin/gnu/H-i686-pc-linux-gnu/bin/../lib/gcc/nios2-elf/4.1.2/../../../../nios2-elf/lib/mno-hw-mul/libc.a(lib_a-memcmp.o)
 .debug_aranges
                0x00000898       0x20 /home/nick/altera/13.0sp1/nios2eds/bin/gnu/H-i686-pc-linux-gnu/bin/../lib/gcc/nios2-elf/4.1.2/../../../../nios2-elf/lib/mno-hw-mul/libc.a(lib_a-__atexit.o)
 .debug_aranges
                0x000008b8       0x20 /home/nick/altera/13.0sp1/nios2eds/bin/gnu/H-i686-pc-linux-gnu/bin/../lib/gcc/nios2-elf/4.1.2/../../../../nios2-elf/lib/mno-hw-mul/libc.a(lib_a-__call_atexit.o)
 .debug_aranges
                0x000008d8       0x20 ../exercise1_bsp//libhal_bsp.a(alt_exit.o)

.debug_pubnames
                0x00000000      0xee7
 *(.debug_pubnames)
 .debug_pubnames
                0x00000000       0x1b obj/default/exercise1.o
 .debug_pubnames
                0x0000001b       0x27 /home/nick/altera/13.0sp1/nios2eds/bin/gnu/H-i686-pc-linux-gnu/bin/../lib/gcc/nios2-elf/4.1.2/../../../../nios2-elf/lib/mno-hw-mul/libc.a(lib_a-puts.o)
 .debug_pubnames
                0x00000042       0x1d /home/nick/altera/13.0sp1/nios2eds/bin/gnu/H-i686-pc-linux-gnu/bin/../lib/gcc/nios2-elf/4.1.2/../../../../nios2-elf/lib/mno-hw-mul/libc.a(lib_a-strlen.o)
 .debug_pubnames
                0x0000005f       0x23 /home/nick/altera/13.0sp1/nios2eds/bin/gnu/H-i686-pc-linux-gnu/bin/../lib/gcc/nios2-elf/4.1.2/../../../../nios2-elf/lib/mno-hw-mul/libc.a(lib_a-fvwrite.o)
 .debug_pubnames
                0x00000082       0x39 /home/nick/altera/13.0sp1/nios2eds/bin/gnu/H-i686-pc-linux-gnu/bin/../lib/gcc/nios2-elf/4.1.2/../../../../nios2-elf/lib/mno-hw-mul/libc.a(lib_a-impure.o)
 .debug_pubnames
                0x000000bb       0xce /home/nick/altera/13.0sp1/nios2eds/bin/gnu/H-i686-pc-linux-gnu/bin/../lib/gcc/nios2-elf/4.1.2/../../../../nios2-elf/lib/mno-hw-mul/libc.a(lib_a-mallocr.o)
 .debug_pubnames
                0x00000189       0x1d /home/nick/altera/13.0sp1/nios2eds/bin/gnu/H-i686-pc-linux-gnu/bin/../lib/gcc/nios2-elf/4.1.2/../../../../nios2-elf/lib/mno-hw-mul/libc.a(lib_a-memchr.o)
 .debug_pubnames
                0x000001a6       0x1d /home/nick/altera/13.0sp1/nios2eds/bin/gnu/H-i686-pc-linux-gnu/bin/../lib/gcc/nios2-elf/4.1.2/../../../../nios2-elf/lib/mno-hw-mul/libc.a(lib_a-memcpy.o)
 .debug_pubnames
                0x000001c3       0x1e /home/nick/altera/13.0sp1/nios2eds/bin/gnu/H-i686-pc-linux-gnu/bin/../lib/gcc/nios2-elf/4.1.2/../../../../nios2-elf/lib/mno-hw-mul/libc.a(lib_a-memmove.o)
 .debug_pubnames
                0x000001e1       0x21 /home/nick/altera/13.0sp1/nios2eds/bin/gnu/H-i686-pc-linux-gnu/bin/../lib/gcc/nios2-elf/4.1.2/../../../../nios2-elf/lib/mno-hw-mul/libc.a(lib_a-reallocr.o)
 .debug_pubnames
                0x00000202       0x1e /home/nick/altera/13.0sp1/nios2eds/bin/gnu/H-i686-pc-linux-gnu/bin/../lib/gcc/nios2-elf/4.1.2/../../../../nios2-elf/lib/mno-hw-mul/libc.a(lib_a-sbrkr.o)
 .debug_pubnames
                0x00000220       0x22 /home/nick/altera/13.0sp1/nios2eds/bin/gnu/H-i686-pc-linux-gnu/bin/../lib/gcc/nios2-elf/4.1.2/../../../../nios2-elf/lib/mno-hw-mul/libc.a(lib_a-wsetup.o)
 .debug_pubnames
                0x00000242       0x2b /home/nick/altera/13.0sp1/nios2eds/bin/gnu/H-i686-pc-linux-gnu/bin/../lib/gcc/nios2-elf/4.1.2/../../../../nios2-elf/lib/mno-hw-mul/libc.a(lib_a-fflush.o)
 .debug_pubnames
                0x0000026d       0xdb /home/nick/altera/13.0sp1/nios2eds/bin/gnu/H-i686-pc-linux-gnu/bin/../lib/gcc/nios2-elf/4.1.2/../../../../nios2-elf/lib/mno-hw-mul/libc.a(lib_a-findfp.o)
 .debug_pubnames
                0x00000348       0x31 /home/nick/altera/13.0sp1/nios2eds/bin/gnu/H-i686-pc-linux-gnu/bin/../lib/gcc/nios2-elf/4.1.2/../../../../nios2-elf/lib/mno-hw-mul/libc.a(lib_a-freer.o)
 .debug_pubnames
                0x00000379       0x2e /home/nick/altera/13.0sp1/nios2eds/bin/gnu/H-i686-pc-linux-gnu/bin/../lib/gcc/nios2-elf/4.1.2/../../../../nios2-elf/lib/mno-hw-mul/libc.a(lib_a-fwalk.o)
 .debug_pubnames
                0x000003a7       0x1c /home/nick/altera/13.0sp1/nios2eds/bin/gnu/H-i686-pc-linux-gnu/bin/../lib/gcc/nios2-elf/4.1.2/../../../../nios2-elf/lib/mno-hw-mul/libc.a(lib_a-int_errno.o)
 .debug_pubnames
                0x000003c3       0x23 /home/nick/altera/13.0sp1/nios2eds/bin/gnu/H-i686-pc-linux-gnu/bin/../lib/gcc/nios2-elf/4.1.2/../../../../nios2-elf/lib/mno-hw-mul/libc.a(lib_a-makebuf.o)
 .debug_pubnames
                0x000003e6       0x1d /home/nick/altera/13.0sp1/nios2eds/bin/gnu/H-i686-pc-linux-gnu/bin/../lib/gcc/nios2-elf/4.1.2/../../../../nios2-elf/lib/mno-hw-mul/libc.a(lib_a-memset.o)
 .debug_pubnames
                0x00000403       0x44 /home/nick/altera/13.0sp1/nios2eds/bin/gnu/H-i686-pc-linux-gnu/bin/../lib/gcc/nios2-elf/4.1.2/../../../../nios2-elf/lib/mno-hw-mul/libc.a(lib_a-stdio.o)
 .debug_pubnames
                0x00000447       0x1f /home/nick/altera/13.0sp1/nios2eds/bin/gnu/H-i686-pc-linux-gnu/bin/../lib/gcc/nios2-elf/4.1.2/../../../../nios2-elf/lib/mno-hw-mul/libc.a(lib_a-writer.o)
 .debug_pubnames
                0x00000466       0x1f /home/nick/altera/13.0sp1/nios2eds/bin/gnu/H-i686-pc-linux-gnu/bin/../lib/gcc/nios2-elf/4.1.2/../../../../nios2-elf/lib/mno-hw-mul/libc.a(lib_a-closer.o)
 .debug_pubnames
                0x00000485       0x2b /home/nick/altera/13.0sp1/nios2eds/bin/gnu/H-i686-pc-linux-gnu/bin/../lib/gcc/nios2-elf/4.1.2/../../../../nios2-elf/lib/mno-hw-mul/libc.a(lib_a-fclose.o)
 .debug_pubnames
                0x000004b0       0x1f /home/nick/altera/13.0sp1/nios2eds/bin/gnu/H-i686-pc-linux-gnu/bin/../lib/gcc/nios2-elf/4.1.2/../../../../nios2-elf/lib/mno-hw-mul/libc.a(lib_a-fstatr.o)
 .debug_pubnames
                0x000004cf       0x20 /home/nick/altera/13.0sp1/nios2eds/bin/gnu/H-i686-pc-linux-gnu/bin/../lib/gcc/nios2-elf/4.1.2/../../../../nios2-elf/lib/mno-hw-mul/libc.a(lib_a-isattyr.o)
 .debug_pubnames
                0x000004ef       0x1f /home/nick/altera/13.0sp1/nios2eds/bin/gnu/H-i686-pc-linux-gnu/bin/../lib/gcc/nios2-elf/4.1.2/../../../../nios2-elf/lib/mno-hw-mul/libc.a(lib_a-lseekr.o)
 .debug_pubnames
                0x0000050e       0x1e /home/nick/altera/13.0sp1/nios2eds/bin/gnu/H-i686-pc-linux-gnu/bin/../lib/gcc/nios2-elf/4.1.2/../../../../nios2-elf/lib/mno-hw-mul/libc.a(lib_a-readr.o)
 .debug_pubnames
                0x0000052c       0x1f /home/nick/altera/13.0sp1/nios2eds/bin/gnu/H-i686-pc-linux-gnu/bin/../lib/gcc/nios2-elf/4.1.2/mno-hw-mul/libgcc.a(lib2-mul.o)
 .debug_pubnames
                0x0000054b       0x1c ../exercise1_bsp//libhal_bsp.a(alt_close.o)
 .debug_pubnames
                0x00000567       0x63 ../exercise1_bsp//libhal_bsp.a(alt_dev.o)
 .debug_pubnames
                0x000005ca       0x20 ../exercise1_bsp//libhal_bsp.a(alt_errno.o)
 .debug_pubnames
                0x000005ea       0x1c ../exercise1_bsp//libhal_bsp.a(alt_fstat.o)
 .debug_pubnames
                0x00000606       0x1d ../exercise1_bsp//libhal_bsp.a(alt_isatty.o)
 .debug_pubnames
                0x00000623       0x1f ../exercise1_bsp//libhal_bsp.a(alt_load.o)
 .debug_pubnames
                0x00000642       0x1c ../exercise1_bsp//libhal_bsp.a(alt_lseek.o)
 .debug_pubnames
                0x0000065e       0x46 ../exercise1_bsp//libhal_bsp.a(alt_main.o)
 .debug_pubnames
                0x000006a4       0x38 ../exercise1_bsp//libhal_bsp.a(alt_malloc_lock.o)
 .debug_pubnames
                0x000006dc       0x1b ../exercise1_bsp//libhal_bsp.a(alt_read.o)
 .debug_pubnames
                0x000006f7       0x25 ../exercise1_bsp//libhal_bsp.a(alt_release_fd.o)
 .debug_pubnames
                0x0000071c       0x1b ../exercise1_bsp//libhal_bsp.a(alt_sbrk.o)
 .debug_pubnames
                0x00000737       0x1c ../exercise1_bsp//libhal_bsp.a(alt_write.o)
 .debug_pubnames
                0x00000753       0x34 ../exercise1_bsp//libhal_bsp.a(alt_sys_init.o)
 .debug_pubnames
                0x00000787       0xa5 ../exercise1_bsp//libhal_bsp.a(altera_avalon_jtag_uart_fd.o)
 .debug_pubnames
                0x0000082c       0x55 ../exercise1_bsp//libhal_bsp.a(altera_avalon_jtag_uart_init.o)
 .debug_pubnames
                0x00000881       0x34 ../exercise1_bsp//libhal_bsp.a(altera_avalon_jtag_uart_ioctl.o)
 .debug_pubnames
                0x000008b5       0x33 ../exercise1_bsp//libhal_bsp.a(altera_avalon_jtag_uart_read.o)
 .debug_pubnames
                0x000008e8       0x34 ../exercise1_bsp//libhal_bsp.a(altera_avalon_jtag_uart_write.o)
 .debug_pubnames
                0x0000091c      0x1cd ../exercise1_bsp//libhal_bsp.a(altera_up_avalon_character_lcd.o)
 .debug_pubnames
                0x00000ae9       0x26 ../exercise1_bsp//libhal_bsp.a(alt_alarm_start.o)
 .debug_pubnames
                0x00000b0f       0x2b ../exercise1_bsp//libhal_bsp.a(alt_dcache_flush_all.o)
 .debug_pubnames
                0x00000b3a       0x2b ../exercise1_bsp//libhal_bsp.a(alt_dev_llist_insert.o)
 .debug_pubnames
                0x00000b65       0x20 ../exercise1_bsp//libhal_bsp.a(alt_do_ctors.o)
 .debug_pubnames
                0x00000b85       0x20 ../exercise1_bsp//libhal_bsp.a(alt_do_dtors.o)
 .debug_pubnames
                0x00000ba5       0x23 ../exercise1_bsp//libhal_bsp.a(alt_find_dev.o)
 .debug_pubnames
                0x00000bc8       0x2b ../exercise1_bsp//libhal_bsp.a(alt_icache_flush_all.o)
 .debug_pubnames
                0x00000bf3       0x6e ../exercise1_bsp//libhal_bsp.a(alt_iic.o)
 .debug_pubnames
                0x00000c61       0x2b ../exercise1_bsp//libhal_bsp.a(alt_iic_isr_register.o)
 .debug_pubnames
                0x00000c8c       0x26 ../exercise1_bsp//libhal_bsp.a(alt_io_redirect.o)
 .debug_pubnames
                0x00000cb2       0x32 ../exercise1_bsp//libhal_bsp.a(alt_irq_handler.o)
 .debug_pubnames
                0x00000ce4       0x3b ../exercise1_bsp//libhal_bsp.a(alt_irq_vars.o)
 .debug_pubnames
                0x00000d1f       0x1b ../exercise1_bsp//libhal_bsp.a(alt_open.o)
 .debug_pubnames
                0x00000d3a       0x68 ../exercise1_bsp//libhal_bsp.a(alt_tick.o)
 .debug_pubnames
                0x00000da2       0x31 ../exercise1_bsp//libhal_bsp.a(altera_nios2_qsys_irq.o)
 .debug_pubnames
                0x00000dd3       0x24 ../exercise1_bsp//libhal_bsp.a(alt_find_file.o)
 .debug_pubnames
                0x00000df7       0x21 ../exercise1_bsp//libhal_bsp.a(alt_get_fd.o)
 .debug_pubnames
                0x00000e18       0x2a /home/nick/altera/13.0sp1/nios2eds/bin/gnu/H-i686-pc-linux-gnu/bin/../lib/gcc/nios2-elf/4.1.2/../../../../nios2-elf/lib/mno-hw-mul/libc.a(lib_a-atexit.o)
 .debug_pubnames
                0x00000e42       0x1b /home/nick/altera/13.0sp1/nios2eds/bin/gnu/H-i686-pc-linux-gnu/bin/../lib/gcc/nios2-elf/4.1.2/../../../../nios2-elf/lib/mno-hw-mul/libc.a(lib_a-exit.o)
 .debug_pubnames
                0x00000e5d       0x1d /home/nick/altera/13.0sp1/nios2eds/bin/gnu/H-i686-pc-linux-gnu/bin/../lib/gcc/nios2-elf/4.1.2/../../../../nios2-elf/lib/mno-hw-mul/libc.a(lib_a-memcmp.o)
 .debug_pubnames
                0x00000e7a       0x2a /home/nick/altera/13.0sp1/nios2eds/bin/gnu/H-i686-pc-linux-gnu/bin/../lib/gcc/nios2-elf/4.1.2/../../../../nios2-elf/lib/mno-hw-mul/libc.a(lib_a-__atexit.o)
 .debug_pubnames
                0x00000ea4       0x27 /home/nick/altera/13.0sp1/nios2eds/bin/gnu/H-i686-pc-linux-gnu/bin/../lib/gcc/nios2-elf/4.1.2/../../../../nios2-elf/lib/mno-hw-mul/libc.a(lib_a-__call_atexit.o)
 .debug_pubnames
                0x00000ecb       0x1c ../exercise1_bsp//libhal_bsp.a(alt_exit.o)

.debug_info     0x00000000    0x19f58
 *(.debug_info .gnu.linkonce.wi.*)
 .debug_info    0x00000000       0x73 ../exercise1_bsp//obj/HAL/src/crt0.o
 .debug_info    0x00000073      0x441 obj/default/exercise1.o
 .debug_info    0x000004b4      0xa25 /home/nick/altera/13.0sp1/nios2eds/bin/gnu/H-i686-pc-linux-gnu/bin/../lib/gcc/nios2-elf/4.1.2/../../../../nios2-elf/lib/mno-hw-mul/libc.a(lib_a-puts.o)
 .debug_info    0x00000ed9       0xdb /home/nick/altera/13.0sp1/nios2eds/bin/gnu/H-i686-pc-linux-gnu/bin/../lib/gcc/nios2-elf/4.1.2/../../../../nios2-elf/lib/mno-hw-mul/libc.a(lib_a-strlen.o)
 .debug_info    0x00000fb4      0xa88 /home/nick/altera/13.0sp1/nios2eds/bin/gnu/H-i686-pc-linux-gnu/bin/../lib/gcc/nios2-elf/4.1.2/../../../../nios2-elf/lib/mno-hw-mul/libc.a(lib_a-fvwrite.o)
 .debug_info    0x00001a3c      0x93d /home/nick/altera/13.0sp1/nios2eds/bin/gnu/H-i686-pc-linux-gnu/bin/../lib/gcc/nios2-elf/4.1.2/../../../../nios2-elf/lib/mno-hw-mul/libc.a(lib_a-impure.o)
 .debug_info    0x00002379      0xcd0 /home/nick/altera/13.0sp1/nios2eds/bin/gnu/H-i686-pc-linux-gnu/bin/../lib/gcc/nios2-elf/4.1.2/../../../../nios2-elf/lib/mno-hw-mul/libc.a(lib_a-mallocr.o)
 .debug_info    0x00003049      0x138 /home/nick/altera/13.0sp1/nios2eds/bin/gnu/H-i686-pc-linux-gnu/bin/../lib/gcc/nios2-elf/4.1.2/../../../../nios2-elf/lib/mno-hw-mul/libc.a(lib_a-memchr.o)
 .debug_info    0x00003181      0x106 /home/nick/altera/13.0sp1/nios2eds/bin/gnu/H-i686-pc-linux-gnu/bin/../lib/gcc/nios2-elf/4.1.2/../../../../nios2-elf/lib/mno-hw-mul/libc.a(lib_a-memcpy.o)
 .debug_info    0x00003287      0x13e /home/nick/altera/13.0sp1/nios2eds/bin/gnu/H-i686-pc-linux-gnu/bin/../lib/gcc/nios2-elf/4.1.2/../../../../nios2-elf/lib/mno-hw-mul/libc.a(lib_a-memmove.o)
 .debug_info    0x000033c5      0xbd7 /home/nick/altera/13.0sp1/nios2eds/bin/gnu/H-i686-pc-linux-gnu/bin/../lib/gcc/nios2-elf/4.1.2/../../../../nios2-elf/lib/mno-hw-mul/libc.a(lib_a-reallocr.o)
 .debug_info    0x00003f9c      0x962 /home/nick/altera/13.0sp1/nios2eds/bin/gnu/H-i686-pc-linux-gnu/bin/../lib/gcc/nios2-elf/4.1.2/../../../../nios2-elf/lib/mno-hw-mul/libc.a(lib_a-sbrkr.o)
 .debug_info    0x000048fe      0x95d /home/nick/altera/13.0sp1/nios2eds/bin/gnu/H-i686-pc-linux-gnu/bin/../lib/gcc/nios2-elf/4.1.2/../../../../nios2-elf/lib/mno-hw-mul/libc.a(lib_a-wsetup.o)
 .debug_info    0x0000525b      0x9fe /home/nick/altera/13.0sp1/nios2eds/bin/gnu/H-i686-pc-linux-gnu/bin/../lib/gcc/nios2-elf/4.1.2/../../../../nios2-elf/lib/mno-hw-mul/libc.a(lib_a-fflush.o)
 .debug_info    0x00005c59      0xb72 /home/nick/altera/13.0sp1/nios2eds/bin/gnu/H-i686-pc-linux-gnu/bin/../lib/gcc/nios2-elf/4.1.2/../../../../nios2-elf/lib/mno-hw-mul/libc.a(lib_a-findfp.o)
 .debug_info    0x000067cb      0xbc9 /home/nick/altera/13.0sp1/nios2eds/bin/gnu/H-i686-pc-linux-gnu/bin/../lib/gcc/nios2-elf/4.1.2/../../../../nios2-elf/lib/mno-hw-mul/libc.a(lib_a-freer.o)
 .debug_info    0x00007394      0xaed /home/nick/altera/13.0sp1/nios2eds/bin/gnu/H-i686-pc-linux-gnu/bin/../lib/gcc/nios2-elf/4.1.2/../../../../nios2-elf/lib/mno-hw-mul/libc.a(lib_a-fwalk.o)
 .debug_info    0x00007e81       0x8c /home/nick/altera/13.0sp1/nios2eds/bin/gnu/H-i686-pc-linux-gnu/bin/../lib/gcc/nios2-elf/4.1.2/../../../../nios2-elf/lib/mno-hw-mul/libc.a(lib_a-int_errno.o)
 .debug_info    0x00007f0d      0xb1a /home/nick/altera/13.0sp1/nios2eds/bin/gnu/H-i686-pc-linux-gnu/bin/../lib/gcc/nios2-elf/4.1.2/../../../../nios2-elf/lib/mno-hw-mul/libc.a(lib_a-makebuf.o)
 .debug_info    0x00008a27      0x113 /home/nick/altera/13.0sp1/nios2eds/bin/gnu/H-i686-pc-linux-gnu/bin/../lib/gcc/nios2-elf/4.1.2/../../../../nios2-elf/lib/mno-hw-mul/libc.a(lib_a-memset.o)
 .debug_info    0x00008b3a      0xaac /home/nick/altera/13.0sp1/nios2eds/bin/gnu/H-i686-pc-linux-gnu/bin/../lib/gcc/nios2-elf/4.1.2/../../../../nios2-elf/lib/mno-hw-mul/libc.a(lib_a-stdio.o)
 .debug_info    0x000095e6      0x993 /home/nick/altera/13.0sp1/nios2eds/bin/gnu/H-i686-pc-linux-gnu/bin/../lib/gcc/nios2-elf/4.1.2/../../../../nios2-elf/lib/mno-hw-mul/libc.a(lib_a-writer.o)
 .debug_info    0x00009f79      0x958 /home/nick/altera/13.0sp1/nios2eds/bin/gnu/H-i686-pc-linux-gnu/bin/../lib/gcc/nios2-elf/4.1.2/../../../../nios2-elf/lib/mno-hw-mul/libc.a(lib_a-closer.o)
 .debug_info    0x0000a8d1      0x994 /home/nick/altera/13.0sp1/nios2eds/bin/gnu/H-i686-pc-linux-gnu/bin/../lib/gcc/nios2-elf/4.1.2/../../../../nios2-elf/lib/mno-hw-mul/libc.a(lib_a-fclose.o)
 .debug_info    0x0000b265      0xafc /home/nick/altera/13.0sp1/nios2eds/bin/gnu/H-i686-pc-linux-gnu/bin/../lib/gcc/nios2-elf/4.1.2/../../../../nios2-elf/lib/mno-hw-mul/libc.a(lib_a-fstatr.o)
 .debug_info    0x0000bd61      0x958 /home/nick/altera/13.0sp1/nios2eds/bin/gnu/H-i686-pc-linux-gnu/bin/../lib/gcc/nios2-elf/4.1.2/../../../../nios2-elf/lib/mno-hw-mul/libc.a(lib_a-isattyr.o)
 .debug_info    0x0000c6b9      0x981 /home/nick/altera/13.0sp1/nios2eds/bin/gnu/H-i686-pc-linux-gnu/bin/../lib/gcc/nios2-elf/4.1.2/../../../../nios2-elf/lib/mno-hw-mul/libc.a(lib_a-lseekr.o)
 .debug_info    0x0000d03a      0x98c /home/nick/altera/13.0sp1/nios2eds/bin/gnu/H-i686-pc-linux-gnu/bin/../lib/gcc/nios2-elf/4.1.2/../../../../nios2-elf/lib/mno-hw-mul/libc.a(lib_a-readr.o)
 .debug_info    0x0000d9c6       0xf3 /home/nick/altera/13.0sp1/nios2eds/bin/gnu/H-i686-pc-linux-gnu/bin/../lib/gcc/nios2-elf/4.1.2/mno-hw-mul/libgcc.a(lib2-mul.o)
 .debug_info    0x0000dab9      0x45f ../exercise1_bsp//libhal_bsp.a(alt_close.o)
 .debug_info    0x0000df18      0x677 ../exercise1_bsp//libhal_bsp.a(alt_dev.o)
 .debug_info    0x0000e58f      0x15c ../exercise1_bsp//libhal_bsp.a(alt_errno.o)
 .debug_info    0x0000e6eb      0x658 ../exercise1_bsp//libhal_bsp.a(alt_fstat.o)
 .debug_info    0x0000ed43      0x65e ../exercise1_bsp//libhal_bsp.a(alt_isatty.o)
 .debug_info    0x0000f3a1      0x285 ../exercise1_bsp//libhal_bsp.a(alt_load.o)
 .debug_info    0x0000f626      0x492 ../exercise1_bsp//libhal_bsp.a(alt_lseek.o)
 .debug_info    0x0000fab8      0x21d ../exercise1_bsp//libhal_bsp.a(alt_main.o)
 .debug_info    0x0000fcd5      0xc10 ../exercise1_bsp//libhal_bsp.a(alt_malloc_lock.o)
 .debug_info    0x000108e5      0x682 ../exercise1_bsp//libhal_bsp.a(alt_read.o)
 .debug_info    0x00010f67      0x3ea ../exercise1_bsp//libhal_bsp.a(alt_release_fd.o)
 .debug_info    0x00011351      0x2af ../exercise1_bsp//libhal_bsp.a(alt_sbrk.o)
 .debug_info    0x00011600      0x68b ../exercise1_bsp//libhal_bsp.a(alt_write.o)
 .debug_info    0x00011c8b      0x722 ../exercise1_bsp//libhal_bsp.a(alt_sys_init.o)
 .debug_info    0x000123ad      0x7d1 ../exercise1_bsp//libhal_bsp.a(altera_avalon_jtag_uart_fd.o)
 .debug_info    0x00012b7e      0x5f9 ../exercise1_bsp//libhal_bsp.a(altera_avalon_jtag_uart_init.o)
 .debug_info    0x00013177      0x43b ../exercise1_bsp//libhal_bsp.a(altera_avalon_jtag_uart_ioctl.o)
 .debug_info    0x000135b2      0x53e ../exercise1_bsp//libhal_bsp.a(altera_avalon_jtag_uart_read.o)
 .debug_info    0x00013af0      0x536 ../exercise1_bsp//libhal_bsp.a(altera_avalon_jtag_uart_write.o)
 .debug_info    0x00014026      0x8e1 ../exercise1_bsp//libhal_bsp.a(altera_up_avalon_character_lcd.o)
 .debug_info    0x00014907      0x43a ../exercise1_bsp//libhal_bsp.a(alt_alarm_start.o)
 .debug_info    0x00014d41      0x154 ../exercise1_bsp//libhal_bsp.a(alt_dcache_flush_all.o)
 .debug_info    0x00014e95      0x2af ../exercise1_bsp//libhal_bsp.a(alt_dev_llist_insert.o)
 .debug_info    0x00015144      0x107 ../exercise1_bsp//libhal_bsp.a(alt_do_ctors.o)
 .debug_info    0x0001524b      0x106 ../exercise1_bsp//libhal_bsp.a(alt_do_dtors.o)
 .debug_info    0x00015351      0x410 ../exercise1_bsp//libhal_bsp.a(alt_find_dev.o)
 .debug_info    0x00015761      0x154 ../exercise1_bsp//libhal_bsp.a(alt_icache_flush_all.o)
 .debug_info    0x000158b5      0x48b ../exercise1_bsp//libhal_bsp.a(alt_iic.o)
 .debug_info    0x00015d40      0x30c ../exercise1_bsp//libhal_bsp.a(alt_iic_isr_register.o)
 .debug_info    0x0001604c      0x68d ../exercise1_bsp//libhal_bsp.a(alt_io_redirect.o)
 .debug_info    0x000166d9       0x7c ../exercise1_bsp//libhal_bsp.a(alt_irq_entry.o)
 .debug_info    0x00016755      0x26d ../exercise1_bsp//libhal_bsp.a(alt_irq_handler.o)
 .debug_info    0x000169c2      0x15f ../exercise1_bsp//libhal_bsp.a(alt_irq_vars.o)
 .debug_info    0x00016b21      0x51d ../exercise1_bsp//libhal_bsp.a(alt_open.o)
 .debug_info    0x0001703e      0x3f6 ../exercise1_bsp//libhal_bsp.a(alt_tick.o)
 .debug_info    0x00017434      0x15b ../exercise1_bsp//libhal_bsp.a(altera_nios2_qsys_irq.o)
 .debug_info    0x0001758f       0x82 ../exercise1_bsp//libhal_bsp.a(alt_exception_entry.o)
 .debug_info    0x00017611      0x417 ../exercise1_bsp//libhal_bsp.a(alt_find_file.o)
 .debug_info    0x00017a28      0x458 ../exercise1_bsp//libhal_bsp.a(alt_get_fd.o)
 .debug_info    0x00017e80      0x181 /home/nick/altera/13.0sp1/nios2eds/bin/gnu/H-i686-pc-linux-gnu/bin/../lib/gcc/nios2-elf/4.1.2/../../../../nios2-elf/lib/mno-hw-mul/libc.a(lib_a-atexit.o)
 .debug_info    0x00018001      0x93f /home/nick/altera/13.0sp1/nios2eds/bin/gnu/H-i686-pc-linux-gnu/bin/../lib/gcc/nios2-elf/4.1.2/../../../../nios2-elf/lib/mno-hw-mul/libc.a(lib_a-exit.o)
 .debug_info    0x00018940      0x115 /home/nick/altera/13.0sp1/nios2eds/bin/gnu/H-i686-pc-linux-gnu/bin/../lib/gcc/nios2-elf/4.1.2/../../../../nios2-elf/lib/mno-hw-mul/libc.a(lib_a-memcmp.o)
 .debug_info    0x00018a55      0x99c /home/nick/altera/13.0sp1/nios2eds/bin/gnu/H-i686-pc-linux-gnu/bin/../lib/gcc/nios2-elf/4.1.2/../../../../nios2-elf/lib/mno-hw-mul/libc.a(lib_a-__atexit.o)
 .debug_info    0x000193f1      0x9e2 /home/nick/altera/13.0sp1/nios2eds/bin/gnu/H-i686-pc-linux-gnu/bin/../lib/gcc/nios2-elf/4.1.2/../../../../nios2-elf/lib/mno-hw-mul/libc.a(lib_a-__call_atexit.o)
 .debug_info    0x00019dd3      0x185 ../exercise1_bsp//libhal_bsp.a(alt_exit.o)

.debug_abbrev   0x00000000     0x4fb1
 *(.debug_abbrev)
 .debug_abbrev  0x00000000       0x12 ../exercise1_bsp//obj/HAL/src/crt0.o
 .debug_abbrev  0x00000012       0xe1 obj/default/exercise1.o
 .debug_abbrev  0x000000f3      0x1ac /home/nick/altera/13.0sp1/nios2eds/bin/gnu/H-i686-pc-linux-gnu/bin/../lib/gcc/nios2-elf/4.1.2/../../../../nios2-elf/lib/mno-hw-mul/libc.a(lib_a-puts.o)
 .debug_abbrev  0x0000029f       0x8b /home/nick/altera/13.0sp1/nios2eds/bin/gnu/H-i686-pc-linux-gnu/bin/../lib/gcc/nios2-elf/4.1.2/../../../../nios2-elf/lib/mno-hw-mul/libc.a(lib_a-strlen.o)
 .debug_abbrev  0x0000032a      0x1a3 /home/nick/altera/13.0sp1/nios2eds/bin/gnu/H-i686-pc-linux-gnu/bin/../lib/gcc/nios2-elf/4.1.2/../../../../nios2-elf/lib/mno-hw-mul/libc.a(lib_a-fvwrite.o)
 .debug_abbrev  0x000004cd      0x157 /home/nick/altera/13.0sp1/nios2eds/bin/gnu/H-i686-pc-linux-gnu/bin/../lib/gcc/nios2-elf/4.1.2/../../../../nios2-elf/lib/mno-hw-mul/libc.a(lib_a-impure.o)
 .debug_abbrev  0x00000624      0x216 /home/nick/altera/13.0sp1/nios2eds/bin/gnu/H-i686-pc-linux-gnu/bin/../lib/gcc/nios2-elf/4.1.2/../../../../nios2-elf/lib/mno-hw-mul/libc.a(lib_a-mallocr.o)
 .debug_abbrev  0x0000083a       0xb5 /home/nick/altera/13.0sp1/nios2eds/bin/gnu/H-i686-pc-linux-gnu/bin/../lib/gcc/nios2-elf/4.1.2/../../../../nios2-elf/lib/mno-hw-mul/libc.a(lib_a-memchr.o)
 .debug_abbrev  0x000008ef       0xb5 /home/nick/altera/13.0sp1/nios2eds/bin/gnu/H-i686-pc-linux-gnu/bin/../lib/gcc/nios2-elf/4.1.2/../../../../nios2-elf/lib/mno-hw-mul/libc.a(lib_a-memcpy.o)
 .debug_abbrev  0x000009a4       0xb5 /home/nick/altera/13.0sp1/nios2eds/bin/gnu/H-i686-pc-linux-gnu/bin/../lib/gcc/nios2-elf/4.1.2/../../../../nios2-elf/lib/mno-hw-mul/libc.a(lib_a-memmove.o)
 .debug_abbrev  0x00000a59      0x1c3 /home/nick/altera/13.0sp1/nios2eds/bin/gnu/H-i686-pc-linux-gnu/bin/../lib/gcc/nios2-elf/4.1.2/../../../../nios2-elf/lib/mno-hw-mul/libc.a(lib_a-reallocr.o)
 .debug_abbrev  0x00000c1c      0x18c /home/nick/altera/13.0sp1/nios2eds/bin/gnu/H-i686-pc-linux-gnu/bin/../lib/gcc/nios2-elf/4.1.2/../../../../nios2-elf/lib/mno-hw-mul/libc.a(lib_a-sbrkr.o)
 .debug_abbrev  0x00000da8      0x170 /home/nick/altera/13.0sp1/nios2eds/bin/gnu/H-i686-pc-linux-gnu/bin/../lib/gcc/nios2-elf/4.1.2/../../../../nios2-elf/lib/mno-hw-mul/libc.a(lib_a-wsetup.o)
 .debug_abbrev  0x00000f18      0x1c6 /home/nick/altera/13.0sp1/nios2eds/bin/gnu/H-i686-pc-linux-gnu/bin/../lib/gcc/nios2-elf/4.1.2/../../../../nios2-elf/lib/mno-hw-mul/libc.a(lib_a-fflush.o)
 .debug_abbrev  0x000010de      0x24c /home/nick/altera/13.0sp1/nios2eds/bin/gnu/H-i686-pc-linux-gnu/bin/../lib/gcc/nios2-elf/4.1.2/../../../../nios2-elf/lib/mno-hw-mul/libc.a(lib_a-findfp.o)
 .debug_abbrev  0x0000132a      0x1d9 /home/nick/altera/13.0sp1/nios2eds/bin/gnu/H-i686-pc-linux-gnu/bin/../lib/gcc/nios2-elf/4.1.2/../../../../nios2-elf/lib/mno-hw-mul/libc.a(lib_a-freer.o)
 .debug_abbrev  0x00001503      0x1e3 /home/nick/altera/13.0sp1/nios2eds/bin/gnu/H-i686-pc-linux-gnu/bin/../lib/gcc/nios2-elf/4.1.2/../../../../nios2-elf/lib/mno-hw-mul/libc.a(lib_a-fwalk.o)
 .debug_abbrev  0x000016e6       0x3b /home/nick/altera/13.0sp1/nios2eds/bin/gnu/H-i686-pc-linux-gnu/bin/../lib/gcc/nios2-elf/4.1.2/../../../../nios2-elf/lib/mno-hw-mul/libc.a(lib_a-int_errno.o)
 .debug_abbrev  0x00001721      0x197 /home/nick/altera/13.0sp1/nios2eds/bin/gnu/H-i686-pc-linux-gnu/bin/../lib/gcc/nios2-elf/4.1.2/../../../../nios2-elf/lib/mno-hw-mul/libc.a(lib_a-makebuf.o)
 .debug_abbrev  0x000018b8       0xb8 /home/nick/altera/13.0sp1/nios2eds/bin/gnu/H-i686-pc-linux-gnu/bin/../lib/gcc/nios2-elf/4.1.2/../../../../nios2-elf/lib/mno-hw-mul/libc.a(lib_a-memset.o)
 .debug_abbrev  0x00001970      0x1c9 /home/nick/altera/13.0sp1/nios2eds/bin/gnu/H-i686-pc-linux-gnu/bin/../lib/gcc/nios2-elf/4.1.2/../../../../nios2-elf/lib/mno-hw-mul/libc.a(lib_a-stdio.o)
 .debug_abbrev  0x00001b39      0x184 /home/nick/altera/13.0sp1/nios2eds/bin/gnu/H-i686-pc-linux-gnu/bin/../lib/gcc/nios2-elf/4.1.2/../../../../nios2-elf/lib/mno-hw-mul/libc.a(lib_a-writer.o)
 .debug_abbrev  0x00001cbd      0x17f /home/nick/altera/13.0sp1/nios2eds/bin/gnu/H-i686-pc-linux-gnu/bin/../lib/gcc/nios2-elf/4.1.2/../../../../nios2-elf/lib/mno-hw-mul/libc.a(lib_a-closer.o)