Archive member included because of file (symbol)

/home/nick/altera/13.0sp1/nios2eds/bin/gnu/H-i686-pc-linux-gnu/bin/../lib/gcc/nios2-elf/4.1.2/../../../../nios2-elf/lib/libc.a(lib_a-puts.o)
                              obj/default/exercise1_7.o (puts)
/home/nick/altera/13.0sp1/nios2eds/bin/gnu/H-i686-pc-linux-gnu/bin/../lib/gcc/nios2-elf/4.1.2/../../../../nios2-elf/lib/libc.a(lib_a-strlen.o)
                              /home/nick/altera/13.0sp1/nios2eds/bin/gnu/H-i686-pc-linux-gnu/bin/../lib/gcc/nios2-elf/4.1.2/../../../../nios2-elf/lib/libc.a(lib_a-puts.o) (strlen)
/home/nick/altera/13.0sp1/nios2eds/bin/gnu/H-i686-pc-linux-gnu/bin/../lib/gcc/nios2-elf/4.1.2/../../../../nios2-elf/lib/libc.a(lib_a-fvwrite.o)
                              /home/nick/altera/13.0sp1/nios2eds/bin/gnu/H-i686-pc-linux-gnu/bin/../lib/gcc/nios2-elf/4.1.2/../../../../nios2-elf/lib/libc.a(lib_a-puts.o) (__sfvwrite_r)
/home/nick/altera/13.0sp1/nios2eds/bin/gnu/H-i686-pc-linux-gnu/bin/../lib/gcc/nios2-elf/4.1.2/../../../../nios2-elf/lib/libc.a(lib_a-impure.o)
                              /home/nick/altera/13.0sp1/nios2eds/bin/gnu/H-i686-pc-linux-gnu/bin/../lib/gcc/nios2-elf/4.1.2/../../../../nios2-elf/lib/libc.a(lib_a-puts.o) (_impure_ptr)
/home/nick/altera/13.0sp1/nios2eds/bin/gnu/H-i686-pc-linux-gnu/bin/../lib/gcc/nios2-elf/4.1.2/../../../../nios2-elf/lib/libc.a(lib_a-mallocr.o)
                              /home/nick/altera/13.0sp1/nios2eds/bin/gnu/H-i686-pc-linux-gnu/bin/../lib/gcc/nios2-elf/4.1.2/../../../../nios2-elf/lib/libc.a(lib_a-fvwrite.o) (_malloc_r)
/home/nick/altera/13.0sp1/nios2eds/bin/gnu/H-i686-pc-linux-gnu/bin/../lib/gcc/nios2-elf/4.1.2/../../../../nios2-elf/lib/libc.a(lib_a-memchr.o)
                              /home/nick/altera/13.0sp1/nios2eds/bin/gnu/H-i686-pc-linux-gnu/bin/../lib/gcc/nios2-elf/4.1.2/../../../../nios2-elf/lib/libc.a(lib_a-fvwrite.o) (memchr)
/home/nick/altera/13.0sp1/nios2eds/bin/gnu/H-i686-pc-linux-gnu/bin/../lib/gcc/nios2-elf/4.1.2/../../../../nios2-elf/lib/libc.a(lib_a-memcpy.o)
                              /home/nick/altera/13.0sp1/nios2eds/bin/gnu/H-i686-pc-linux-gnu/bin/../lib/gcc/nios2-elf/4.1.2/../../../../nios2-elf/lib/libc.a(lib_a-fvwrite.o) (memcpy)
/home/nick/altera/13.0sp1/nios2eds/bin/gnu/H-i686-pc-linux-gnu/bin/../lib/gcc/nios2-elf/4.1.2/../../../../nios2-elf/lib/libc.a(lib_a-memmove.o)
                              /home/nick/altera/13.0sp1/nios2eds/bin/gnu/H-i686-pc-linux-gnu/bin/../lib/gcc/nios2-elf/4.1.2/../../../../nios2-elf/lib/libc.a(lib_a-fvwrite.o) (memmove)
/home/nick/altera/13.0sp1/nios2eds/bin/gnu/H-i686-pc-linux-gnu/bin/../lib/gcc/nios2-elf/4.1.2/../../../../nios2-elf/lib/libc.a(lib_a-reallocr.o)
                              /home/nick/altera/13.0sp1/nios2eds/bin/gnu/H-i686-pc-linux-gnu/bin/../lib/gcc/nios2-elf/4.1.2/../../../../nios2-elf/lib/libc.a(lib_a-fvwrite.o) (_realloc_r)
/home/nick/altera/13.0sp1/nios2eds/bin/gnu/H-i686-pc-linux-gnu/bin/../lib/gcc/nios2-elf/4.1.2/../../../../nios2-elf/lib/libc.a(lib_a-sbrkr.o)
                              /home/nick/altera/13.0sp1/nios2eds/bin/gnu/H-i686-pc-linux-gnu/bin/../lib/gcc/nios2-elf/4.1.2/../../../../nios2-elf/lib/libc.a(lib_a-mallocr.o) (_sbrk_r)
/home/nick/altera/13.0sp1/nios2eds/bin/gnu/H-i686-pc-linux-gnu/bin/../lib/gcc/nios2-elf/4.1.2/../../../../nios2-elf/lib/libc.a(lib_a-wsetup.o)
                              /home/nick/altera/13.0sp1/nios2eds/bin/gnu/H-i686-pc-linux-gnu/bin/../lib/gcc/nios2-elf/4.1.2/../../../../nios2-elf/lib/libc.a(lib_a-fvwrite.o) (__swsetup_r)
/home/nick/altera/13.0sp1/nios2eds/bin/gnu/H-i686-pc-linux-gnu/bin/../lib/gcc/nios2-elf/4.1.2/../../../../nios2-elf/lib/libc.a(lib_a-fflush.o)
                              /home/nick/altera/13.0sp1/nios2eds/bin/gnu/H-i686-pc-linux-gnu/bin/../lib/gcc/nios2-elf/4.1.2/../../../../nios2-elf/lib/libc.a(lib_a-fvwrite.o) (_fflush_r)
/home/nick/altera/13.0sp1/nios2eds/bin/gnu/H-i686-pc-linux-gnu/bin/../lib/gcc/nios2-elf/4.1.2/../../../../nios2-elf/lib/libc.a(lib_a-findfp.o)
                              /home/nick/altera/13.0sp1/nios2eds/bin/gnu/H-i686-pc-linux-gnu/bin/../lib/gcc/nios2-elf/4.1.2/../../../../nios2-elf/lib/libc.a(lib_a-wsetup.o) (__sinit)
/home/nick/altera/13.0sp1/nios2eds/bin/gnu/H-i686-pc-linux-gnu/bin/../lib/gcc/nios2-elf/4.1.2/../../../../nios2-elf/lib/libc.a(lib_a-freer.o)
                              /home/nick/altera/13.0sp1/nios2eds/bin/gnu/H-i686-pc-linux-gnu/bin/../lib/gcc/nios2-elf/4.1.2/../../../../nios2-elf/lib/libc.a(lib_a-fvwrite.o) (_free_r)
/home/nick/altera/13.0sp1/nios2eds/bin/gnu/H-i686-pc-linux-gnu/bin/../lib/gcc/nios2-elf/4.1.2/../../../../nios2-elf/lib/libc.a(lib_a-fwalk.o)
                              /home/nick/altera/13.0sp1/nios2eds/bin/gnu/H-i686-pc-linux-gnu/bin/../lib/gcc/nios2-elf/4.1.2/../../../../nios2-elf/lib/libc.a(lib_a-fflush.o) (_fwalk_reent)
/home/nick/altera/13.0sp1/nios2eds/bin/gnu/H-i686-pc-linux-gnu/bin/../lib/gcc/nios2-elf/4.1.2/../../../../nios2-elf/lib/libc.a(lib_a-int_errno.o)
[...]
Memory Configuration

Name             Origin             Length             Attributes
onchip_memory2_0 0x00000000         0x00001000
reset            0x01000000         0x00000020
new_sdram_controller_0 0x01000020         0x007fffe0
*default*        0x00000000         0xffffffff

Linker script and memory map

LOAD ../exercise1_7_bsp//obj/HAL/src/crt0.o
LOAD obj/default/exercise1_7.o
LOAD obj/default/fill.o
LOAD obj/default/fonts.o
LOAD /home/nick/altera/13.0sp1/nios2eds/bin/gnu/H-i686-pc-linux-gnu/bin/../lib/gcc/nios2-elf/4.1.2/../../../../nios2-elf/lib/libstdc++.a
LOAD /home/nick/altera/13.0sp1/nios2eds/bin/gnu/H-i686-pc-linux-gnu/bin/../lib/gcc/nios2-elf/4.1.2/../../../../nios2-elf/lib/libm.a
LOAD /home/nick/altera/13.0sp1/nios2eds/bin/gnu/H-i686-pc-linux-gnu/bin/../lib/gcc/nios2-elf/4.1.2/libgcc.a
START GROUP
LOAD /home/nick/altera/13.0sp1/nios2eds/bin/gnu/H-i686-pc-linux-gnu/bin/../lib/gcc/nios2-elf/4.1.2/../../../../nios2-elf/lib/libc.a
LOAD /home/nick/altera/13.0sp1/nios2eds/bin/gnu/H-i686-pc-linux-gnu/bin/../lib/gcc/nios2-elf/4.1.2/libgcc.a
LOAD ../exercise1_7_bsp//libhal_bsp.a
END GROUP
LOAD /home/nick/altera/13.0sp1/nios2eds/bin/gnu/H-i686-pc-linux-gnu/bin/../lib/gcc/nios2-elf/4.1.2/libgcc.a
                0x00000000                __alt_mem_onchip_memory2_0 = 0x0
                0x01000000                __alt_mem_new_sdram_controller_0 = 0x1000000

.entry          0x01000000       0x20
 *(.entry)
 .entry         0x01000000       0x20 ../exercise1_7_bsp//obj/HAL/src/crt0.o
                0x01000000                __reset

.exceptions     0x01000020      0x198
                0x01000020                PROVIDE (__ram_exceptions_start, ABSOLUTE (.))
                0x01000020                . = ALIGN (0x20)
 *(.irq)
 *(.exceptions.entry.label)
 .exceptions.entry.label
                0x01000020        0x0 ../exercise1_7_bsp//libhal_bsp.a(alt_irq_entry.o)
                0x01000020                alt_irq_entry
 .exceptions.entry.label
                0x01000020        0x0 ../exercise1_7_bsp//libhal_bsp.a(alt_exception_entry.o)
                0x01000020                alt_exception
 *(.exceptions.entry.user)
 *(.exceptions.entry)
 .exceptions.entry
                0x01000020       0x54 ../exercise1_7_bsp//libhal_bsp.a(alt_exception_entry.o)
 *(.exceptions.irqtest.user)
 *(.exceptions.irqtest)
 .exceptions.irqtest
                0x01000074       0x10 ../exercise1_7_bsp//libhal_bsp.a(alt_irq_entry.o)
 *(.exceptions.irqhandler.user)
 *(.exceptions.irqhandler)
 .exceptions.irqhandler
                0x01000084        0x4 ../exercise1_7_bsp//libhal_bsp.a(alt_irq_entry.o)
 *(.exceptions.irqreturn.user)
 *(.exceptions.irqreturn)
 .exceptions.irqreturn
                0x01000088        0x4 ../exercise1_7_bsp//libhal_bsp.a(alt_irq_entry.o)
 *(.exceptions.notirq.label)
 .exceptions.notirq.label
                0x0100008c        0x0 ../exercise1_7_bsp//libhal_bsp.a(alt_irq_entry.o)
 *(.exceptions.notirq.user)
 *(.exceptions.notirq)
 .exceptions.notirq
                0x0100008c        0x8 ../exercise1_7_bsp//libhal_bsp.a(alt_exception_entry.o)
 *(.exceptions.soft.user)
 *(.exceptions.soft)
 *(.exceptions.unknown.user)
 *(.exceptions.unknown)
 .exceptions.unknown
                0x01000094        0x4 ../exercise1_7_bsp//libhal_bsp.a(alt_exception_entry.o)
 *(.exceptions.exit.label)
 .exceptions.exit.label
                0x01000098        0x0 ../exercise1_7_bsp//libhal_bsp.a(alt_irq_entry.o)
 .exceptions.exit.label
                0x01000098        0x0 ../exercise1_7_bsp//libhal_bsp.a(alt_exception_entry.o)
 *(.exceptions.exit.user)
 *(.exceptions.exit)
 .exceptions.exit
                0x01000098       0x54 ../exercise1_7_bsp//libhal_bsp.a(alt_exception_entry.o)
 *(.exceptions)
 .exceptions    0x010000ec       0xcc ../exercise1_7_bsp//libhal_bsp.a(alt_irq_handler.o)
                0x010000ec                alt_irq_handler
                0x010001b8                PROVIDE (__ram_exceptions_end, ABSOLUTE (.))
                0x01000020                PROVIDE (__flash_exceptions_start, LOADADDR (.exceptions))

.text           0x010001b8     0x67a8
                0x010001b8                PROVIDE (stext, ABSOLUTE (.))
 *(.interp)
 *(.hash)
 *(.dynsym)
 *(.dynstr)
 *(.gnu.version)
 *(.gnu.version_d)
 *(.gnu.version_r)
 *(.rel.init)
 *(.rela.init)
 *(.rel.text .rel.text.* .rel.gnu.linkonce.t.*)
 *(.rela.text .rela.text.* .rela.gnu.linkonce.t.*)
 *(.rel.fini)
 *(.rela.fini)
 *(.rel.rodata .rel.rodata.* .rel.gnu.linkonce.r.*)
 *(.rela.rodata .rela.rodata.* .rela.gnu.linkonce.r.*)
 *(.rel.data .rel.data.* .rel.gnu.linkonce.d.*)
 *(.rela.data .rela.data.* .rela.gnu.linkonce.d.*)
 *(.rel.tdata .rel.tdata.* .rel.gnu.linkonce.td.*)
 *(.rela.tdata .rela.tdata.* .rela.gnu.linkonce.td.*)
 *(.rel.tbss .rel.tbss.* .rel.gnu.linkonce.tb.*)
 *(.rela.tbss .rela.tbss.* .rela.gnu.linkonce.tb.*)
 *(.rel.ctors)
 *(.rela.ctors)
 *(.rel.dtors)
 *(.rela.dtors)
 *(.rel.got)
 *(.rela.got)
 *(.rel.sdata .rel.sdata.* .rel.gnu.linkonce.s.*)
 *(.rela.sdata .rela.sdata.* .rela.gnu.linkonce.s.*)
 *(.rel.sbss .rel.sbss.* .rel.gnu.linkonce.sb.*)
 *(.rela.sbss .rela.sbss.* .rela.gnu.linkonce.sb.*)
 *(.rel.sdata2 .rel.sdata2.* .rel.gnu.linkonce.s2.*)
 *(.rela.sdata2 .rela.sdata2.* .rela.gnu.linkonce.s2.*)
 *(.rel.sbss2 .rel.sbss2.* .rel.gnu.linkonce.sb2.*)
 *(.rela.sbss2 .rela.sbss2.* .rela.gnu.linkonce.sb2.*)
 *(.rel.bss .rel.bss.* .rel.gnu.linkonce.b.*)
 *(.rela.bss .rela.bss.* .rela.gnu.linkonce.b.*)
 *(.rel.plt)
 *(.rela.plt)
 *(.rel.dyn)
 *(.init)
 *(.plt)
 *(.text .stub .text.* .gnu.linkonce.t.*)
 .text          0x010001b8       0x4c ../exercise1_7_bsp//obj/HAL/src/crt0.o
                0x010001b8                _start
 .text          0x01000204      0x608 obj/default/exercise1_7.o
                0x01000204                WriteAPixel
                0x01000280                ReadAPixel
                0x01000310                ProgramPalette
                0x0100038c                HLine
                0x010003fc                VLine
                0x0100046c                abs
                0x010004b4                sign
                0x0100050c                Line
                0x01000700                main
 .text          0x0100080c      0x5e0 obj/default/fill.o
                0x0100080c                PushPixel
                0x01000870                PopPixel
                0x010008d8                IsStackEmpty
                0x01000918                Fill
 .text          0x01000dec        0x0 obj/default/fonts.o
 .text          0x01000dec       0xb4 /home/nick/altera/13.0sp1/nios2eds/bin/gnu/H-i686-pc-linux-gnu/bin/../lib/gcc/nios2-elf/4.1.2/../../../../nios2-elf/lib/libc.a(lib_a-puts.o)
                0x01000dec                _puts_r
                0x01000e8c                puts
 .text          0x01000ea0       0x74 /home/nick/altera/13.0sp1/nios2eds/bin/gnu/H-i686-pc-linux-gnu/bin/../lib/gcc/nios2-elf/4.1.2/../../../../nios2-elf/lib/libc.a(lib_a-strlen.o)
                0x01000ea0                strlen
 .text          0x01000f14      0x49c /home/nick/altera/13.0sp1/nios2eds/bin/gnu/H-i686-pc-linux-gnu/bin/../lib/gcc/nios2-elf/4.1.2/../../../../nios2-elf/lib/libc.a(lib_a-fvwrite.o)
                0x01000f14                __sfvwrite_r
 .text          0x010013b0        0x0 /home/nick/altera/13.0sp1/nios2eds/bin/gnu/H-i686-pc-linux-gnu/bin/../lib/gcc/nios2-elf/4.1.2/../../../../nios2-elf/lib/libc.a(lib_a-impure.o)
 .text          0x010013b0      0x740 /home/nick/altera/13.0sp1/nios2eds/bin/gnu/H-i686-pc-linux-gnu/bin/../lib/gcc/nios2-elf/4.1.2/../../../../nios2-elf/lib/libc.a(lib_a-mallocr.o)
                0x010013b0                _malloc_r
 .text          0x01001af0       0xe4 /home/nick/altera/13.0sp1/nios2eds/bin/gnu/H-i686-pc-linux-gnu/bin/../lib/gcc/nios2-elf/4.1.2/../../../../nios2-elf/lib/libc.a(lib_a-memchr.o)
                0x01001af0                memchr
 .text          0x01001bd4       0xa0 /home/nick/altera/13.0sp1/nios2eds/bin/gnu/H-i686-pc-linux-gnu/bin/../lib/gcc/nios2-elf/4.1.2/../../../../nios2-elf/lib/libc.a(lib_a-memcpy.o)
                0x01001bd4                memcpy
 .text          0x01001c74       0xe0 /home/nick/altera/13.0sp1/nios2eds/bin/gnu/H-i686-pc-linux-gnu/bin/../lib/gcc/nios2-elf/4.1.2/../../../../nios2-elf/lib/libc.a(lib_a-memmove.o)
                0x01001c74                memmove
 .text          0x01001d54      0x5f4 /home/nick/altera/13.0sp1/nios2eds/bin/gnu/H-i686-pc-linux-gnu/bin/../lib/gcc/nios2-elf/4.1.2/../../../../nios2-elf/lib/libc.a(lib_a-reallocr.o)
                0x01001d54                _realloc_r
 .text          0x01002348       0x70 /home/nick/altera/13.0sp1/nios2eds/bin/gnu/H-i686-pc-linux-gnu/bin/../lib/gcc/nios2-elf/4.1.2/../../../../nios2-elf/lib/libc.a(lib_a-sbrkr.o)
                0x01002348                _sbrk_r
 .text          0x010023b8      0x13c /home/nick/altera/13.0sp1/nios2eds/bin/gnu/H-i686-pc-linux-gnu/bin/../lib/gcc/nios2-elf/4.1.2/../../../../nios2-elf/lib/libc.a(lib_a-wsetup.o)
                0x010023b8                __swsetup_r
 .text          0x010024f4      0x230 /home/nick/altera/13.0sp1/nios2eds/bin/gnu/H-i686-pc-linux-gnu/bin/../lib/gcc/nios2-elf/4.1.2/../../../../nios2-elf/lib/libc.a(lib_a-fflush.o)
                0x010024f4                _fflush_r
                0x010026f0                fflush
 .text          0x01002724      0x2c0 /home/nick/altera/13.0sp1/nios2eds/bin/gnu/H-i686-pc-linux-gnu/bin/../lib/gcc/nios2-elf/4.1.2/../../../../nios2-elf/lib/libc.a(lib_a-findfp.o)
                0x0100277c                __sfp_lock_acquire
                0x01002780                __sfp_lock_release
                0x01002784                __sinit_lock_acquire
                0x01002788                __sinit_lock_release
                0x0100278c                __sinit
                0x01002840                __fp_unlock_all
                0x01002858                __fp_lock_all
                0x01002870                _cleanup_r
                0x0100287c                _cleanup
                0x0100288c                __sfmoreglue
                0x010028f4                __sfp
 .text          0x010029e4      0x440 /home/nick/altera/13.0sp1/nios2eds/bin/gnu/H-i686-pc-linux-gnu/bin/../lib/gcc/nios2-elf/4.1.2/../../../../nios2-elf/lib/libc.a(lib_a-freer.o)
                0x010029e4                _malloc_trim_r
                0x01002b10                _free_r
 .text          0x01002e24      0x180 /home/nick/altera/13.0sp1/nios2eds/bin/gnu/H-i686-pc-linux-gnu/bin/../lib/gcc/nios2-elf/4.1.2/../../../../nios2-elf/lib/libc.a(lib_a-fwalk.o)
                0x01002e24                _fwalk_reent
                0x01002eec                _fwalk
 .text          0x01002fa4        0x0 /home/nick/altera/13.0sp1/nios2eds/bin/gnu/H-i686-pc-linux-gnu/bin/../lib/gcc/nios2-elf/4.1.2/../../../../nios2-elf/lib/libc.a(lib_a-int_errno.o)
 .text          0x01002fa4      0x194 /home/nick/altera/13.0sp1/nios2eds/bin/gnu/H-i686-pc-linux-gnu/bin/../lib/gcc/nios2-elf/4.1.2/../../../../nios2-elf/lib/libc.a(lib_a-makebuf.o)
                0x01002fa4                __smakebuf_r
 .text          0x01003138       0x98 /home/nick/altera/13.0sp1/nios2eds/bin/gnu/H-i686-pc-linux-gnu/bin/../lib/gcc/nios2-elf/4.1.2/../../../../nios2-elf/lib/libc.a(lib_a-memset.o)
                0x01003138                memset
 .text          0x010031d0      0x14c /home/nick/altera/13.0sp1/nios2eds/bin/gnu/H-i686-pc-linux-gnu/bin/../lib/gcc/nios2-elf/4.1.2/../../../../nios2-elf/lib/libc.a(lib_a-stdio.o)
                0x010031d0                __sclose
                0x010031d8                __sseek
                0x01003240                __swrite
                0x010032bc                __sread
 .text          0x0100331c       0x78 /home/nick/altera/13.0sp1/nios2eds/bin/gnu/H-i686-pc-linux-gnu/bin/../lib/gcc/nios2-elf/4.1.2/../../../../nios2-elf/lib/libc.a(lib_a-writer.o)
                0x0100331c                _write_r
 .text          0x01003394       0x70 /home/nick/altera/13.0sp1/nios2eds/bin/gnu/H-i686-pc-linux-gnu/bin/../lib/gcc/nios2-elf/4.1.2/../../../../nios2-elf/lib/libc.a(lib_a-closer.o)
                0x01003394                _close_r
 .text          0x01003404      0x124 /home/nick/altera/13.0sp1/nios2eds/bin/gnu/H-i686-pc-linux-gnu/bin/../lib/gcc/nios2-elf/4.1.2/../../../../nios2-elf/lib/libc.a(lib_a-fclose.o)
                0x01003404                _fclose_r
                0x01003514                fclose
 .text          0x01003528       0x74 /home/nick/altera/13.0sp1/nios2eds/bin/gnu/H-i686-pc-linux-gnu/bin/../lib/gcc/nios2-elf/4.1.2/../../../../nios2-elf/lib/libc.a(lib_a-fstatr.o)
                0x01003528                _fstat_r
 .text          0x0100359c       0x70 /home/nick/altera/13.0sp1/nios2eds/bin/gnu/H-i686-pc-linux-gnu/bin/../lib/gcc/nios2-elf/4.1.2/../../../../nios2-elf/lib/libc.a(lib_a-isattyr.o)
                0x0100359c                _isatty_r
 .text          0x0100360c       0x78 /home/nick/altera/13.0sp1/nios2eds/bin/gnu/H-i686-pc-linux-gnu/bin/../lib/gcc/nios2-elf/4.1.2/../../../../nios2-elf/lib/libc.a(lib_a-lseekr.o)
                0x0100360c                _lseek_r
 .text          0x01003684       0x78 /home/nick/altera/13.0sp1/nios2eds/bin/gnu/H-i686-pc-linux-gnu/bin/../lib/gcc/nios2-elf/4.1.2/../../../../nios2-elf/lib/libc.a(lib_a-readr.o)
                0x01003684                _read_r
 .text          0x010036fc      0x15c ../exercise1_7_bsp//libhal_bsp.a(alt_close.o)
                0x010036fc                close
 .text          0x01003858       0x2c ../exercise1_7_bsp//libhal_bsp.a(alt_dev.o)
 .text          0x01003884        0x0 ../exercise1_7_bsp//libhal_bsp.a(alt_errno.o)
 .text          0x01003884      0x134 ../exercise1_7_bsp//libhal_bsp.a(alt_fstat.o)
                0x01003884                fstat
 .text          0x010039b8      0x120 ../exercise1_7_bsp//libhal_bsp.a(alt_isatty.o)
                0x010039b8                isatty
 .text          0x01003ad8       0xec ../exercise1_7_bsp//libhal_bsp.a(alt_load.o)
                0x01003ad8                alt_load
 .text          0x01003bc4      0x150 ../exercise1_7_bsp//libhal_bsp.a(alt_lseek.o)
                0x01003bc4                lseek
 .text          0x01003d14       0x6c ../exercise1_7_bsp//libhal_bsp.a(alt_main.o)
                0x01003d14                alt_main
 .text          0x01003d80       0x40 ../exercise1_7_bsp//libhal_bsp.a(alt_malloc_lock.o)
                0x01003d80                __malloc_lock
                0x01003da0                __malloc_unlock
 .text          0x01003dc0      0x180 ../exercise1_7_bsp//libhal_bsp.a(alt_read.o)
                0x01003dc0                read
 .text          0x01003f40       0x60 ../exercise1_7_bsp//libhal_bsp.a(alt_release_fd.o)
                0x01003f40                alt_release_fd
 .text          0x01003fa0       0xbc ../exercise1_7_bsp//libhal_bsp.a(alt_sbrk.o)
                0x01003fa0                sbrk
 .text          0x0100405c      0x180 ../exercise1_7_bsp//libhal_bsp.a(alt_write.o)
                0x0100405c                write
 .text          0x010041dc       0xe8 ../exercise1_7_bsp//libhal_bsp.a(alt_sys_init.o)
                0x010041dc                alt_irq_init
                0x01004210                alt_sys_init
 .text          0x010042c4      0x148 ../exercise1_7_bsp//libhal_bsp.a(altera_avalon_jtag_uart_fd.o)
                0x010042c4                altera_avalon_jtag_uart_read_fd
                0x0100431c                altera_avalon_jtag_uart_write_fd
                0x01004374                altera_avalon_jtag_uart_close_fd
                0x010043bc                altera_avalon_jtag_uart_ioctl_fd
 .text          0x0100440c      0x408 ../exercise1_7_bsp//libhal_bsp.a(altera_avalon_jtag_uart_init.o)
                0x0100440c                altera_avalon_jtag_uart_init
                0x010047a0                altera_avalon_jtag_uart_close
 .text          0x01004814       0xf4 ../exercise1_7_bsp//libhal_bsp.a(altera_avalon_jtag_uart_ioctl.o)
                0x01004814                altera_avalon_jtag_uart_ioctl
 .text          0x01004908      0x224 ../exercise1_7_bsp//libhal_bsp.a(altera_avalon_jtag_uart_read.o)
                0x01004908                altera_avalon_jtag_uart_read
 .text          0x01004b2c      0x240 ../exercise1_7_bsp//libhal_bsp.a(altera_avalon_jtag_uart_write.o)
                0x01004b2c                altera_avalon_jtag_uart_write
 .text          0x01004d6c       0xfc ../exercise1_7_bsp//libhal_bsp.a(altera_avalon_timer_sc.o)
                0x01004de0                alt_avalon_timer_sc_init
 .text          0x01004e68      0x530 ../exercise1_7_bsp//libhal_bsp.a(altera_up_avalon_character_lcd.o)
                0x01004e68                get_DDRAM_addr
                0x01004ee4                alt_up_character_lcd_send_cmd
                0x01004f18                alt_up_character_lcd_init
                0x01004f4c                alt_up_character_lcd_open_dev
                0x01004f8c                alt_up_character_lcd_write
                0x01005004                alt_up_character_lcd_string
                0x0100507c                alt_up_character_lcd_write_fd
                0x010050c8                alt_up_character_lcd_set_cursor_pos
                0x01005140                alt_up_character_lcd_shift_cursor
                0x010051f0                alt_up_character_lcd_shift_display
                0x010052a0                alt_up_character_lcd_erase_pos
                0x01005330                alt_up_character_lcd_cursor_off
                0x01005364                alt_up_character_lcd_cursor_blink_on
 .text          0x01005398      0x398 ../exercise1_7_bsp//libhal_bsp.a(altera_up_avalon_rs232.o)
                0x01005398                alt_up_rs232_enable_read_interrupt
                0x010053ec                alt_up_rs232_disable_read_interrupt
                0x01005444                alt_up_rs232_get_used_space_in_read_FIFO
                0x01005480                alt_up_rs232_get_available_space_in_write_FIFO
                0x010054c0                alt_up_rs232_check_parity
                0x01005510                alt_up_rs232_write_data
                0x01005558                alt_up_rs232_read_data
                0x010055cc                alt_up_rs232_read_fd
                0x0100565c                alt_up_rs232_write_fd
                0x010056f0                alt_up_rs232_open_dev
 .text          0x01005730      0x154 ../exercise1_7_bsp//libhal_bsp.a(alt_alarm_start.o)
                0x01005730                alt_alarm_start
 .text          0x01005884       0x44 ../exercise1_7_bsp//libhal_bsp.a(alt_dcache_flush_all.o)
                0x01005884                alt_dcache_flush_all
 .text          0x010058c8      0x114 ../exercise1_7_bsp//libhal_bsp.a(alt_dev_llist_insert.o)
                0x010058c8                alt_dev_llist_insert
 .text          0x010059dc       0x64 ../exercise1_7_bsp//libhal_bsp.a(alt_do_ctors.o)
                0x010059dc                _do_ctors
 .text          0x01005a40       0x64 ../exercise1_7_bsp//libhal_bsp.a(alt_do_dtors.o)
                0x01005a40                _do_dtors
 .text          0x01005aa4       0x94 ../exercise1_7_bsp//libhal_bsp.a(alt_find_dev.o)
                0x01005aa4                alt_find_dev
 .text          0x01005b38       0x30 ../exercise1_7_bsp//libhal_bsp.a(alt_icache_flush_all.o)
                0x01005b38                alt_icache_flush_all
 .text          0x01005b68      0x13c ../exercise1_7_bsp//libhal_bsp.a(alt_io_redirect.o)
                0x01005c2c                alt_io_redirect
 .text          0x01005ca4      0x1c0 ../exercise1_7_bsp//libhal_bsp.a(alt_irq_register.o)
                0x01005ca4                alt_irq_register
 .text          0x01005e64        0x0 ../exercise1_7_bsp//libhal_bsp.a(alt_irq_vars.o)
 .text          0x01005e64      0x2c4 ../exercise1_7_bsp//libhal_bsp.a(alt_open.o)
                0x01005f40                open
 .text          0x01006128      0x1a4 ../exercise1_7_bsp//libhal_bsp.a(alt_tick.o)
                0x01006128                alt_alarm_stop
                0x010061c0                alt_tick
 .text          0x010062cc       0x20 ../exercise1_7_bsp//libhal_bsp.a(altera_nios2_qsys_irq.o)
                0x010062cc                altera_nios2_qsys_irq_init
 .text          0x010062ec      0x120 ../exercise1_7_bsp//libhal_bsp.a(alt_find_file.o)
                0x010062ec                alt_find_file
 .text          0x0100640c       0xb8 ../exercise1_7_bsp//libhal_bsp.a(alt_get_fd.o)
                0x0100640c                alt_get_fd
 .text          0x010064c4       0x90 ../exercise1_7_bsp//libhal_bsp.a(alt_icache_flush.o)
                0x010064c4                alt_icache_flush
 .text          0x01006554        0x0 ../exercise1_7_bsp//libhal_bsp.a(alt_irq_entry.o)
 .text          0x01006554        0x0 ../exercise1_7_bsp//libhal_bsp.a(alt_irq_handler.o)
 .text          0x01006554        0x0 ../exercise1_7_bsp//libhal_bsp.a(alt_exception_entry.o)
 .text          0x01006554       0x14 /home/nick/altera/13.0sp1/nios2eds/bin/gnu/H-i686-pc-linux-gnu/bin/../lib/gcc/nios2-elf/4.1.2/../../../../nios2-elf/lib/libc.a(lib_a-atexit.o)
                0x01006554                atexit
 .text          0x01006568       0x38 /home/nick/altera/13.0sp1/nios2eds/bin/gnu/H-i686-pc-linux-gnu/bin/../lib/gcc/nios2-elf/4.1.2/../../../../nios2-elf/lib/libc.a(lib_a-exit.o)
                0x01006568                exit
 .text          0x010065a0       0x74 /home/nick/altera/13.0sp1/nios2eds/bin/gnu/H-i686-pc-linux-gnu/bin/../lib/gcc/nios2-elf/4.1.2/../../../../nios2-elf/lib/libc.a(lib_a-memcmp.o)
                0x010065a0                memcmp
 .text          0x01006614      0x134 /home/nick/altera/13.0sp1/nios2eds/bin/gnu/H-i686-pc-linux-gnu/bin/../lib/gcc/nios2-elf/4.1.2/../../../../nios2-elf/lib/libc.a(lib_a-__atexit.o)
                0x01006614                __register_exitproc
 .text          0x01006748      0x1b4 /home/nick/altera/13.0sp1/nios2eds/bin/gnu/H-i686-pc-linux-gnu/bin/../lib/gcc/nios2-elf/4.1.2/../../../../nios2-elf/lib/libc.a(lib_a-__call_atexit.o)
                0x0100674c                __call_exitprocs
 .text          0x010068fc       0x60 ../exercise1_7_bsp//libhal_bsp.a(alt_exit.o)
                0x0100693c                _exit
 *(.gnu.warning.*)
 *(.fini)
                0x0100695c                PROVIDE (__etext, ABSOLUTE (.))
                0x0100695c                PROVIDE (_etext, ABSOLUTE (.))
                0x0100695c                PROVIDE (etext, ABSOLUTE (.))
 *(.eh_frame_hdr)
                0x0100695c                . = ALIGN (0x4)
                0x0100695c                PROVIDE (__preinit_array_start, ABSOLUTE (.))
 *(.preinit_array)
                0x0100695c                PROVIDE (__preinit_array_end, ABSOLUTE (.))
                0x0100695c                PROVIDE (__init_array_start, ABSOLUTE (.))
 *(.init_array)
                0x0100695c                PROVIDE (__init_array_end, ABSOLUTE (.))
                0x0100695c                PROVIDE (__fini_array_start, ABSOLUTE (.))
 *(.fini_array)
                0x0100695c                PROVIDE (__fini_array_end, ABSOLUTE (.))
 *(.eh_frame)
 *(.gcc_except_table)
 *(.dynamic)
                0x0100695c                PROVIDE (__CTOR_LIST__, ABSOLUTE (.))
 *(.ctors)
 *(SORT(.ctors.*))
 .ctors.65535   0x0100695c        0x4 /home/nick/altera/13.0sp1/nios2eds/bin/gnu/H-i686-pc-linux-gnu/bin/../lib/gcc/nios2-elf/4.1.2/../../../../nios2-elf/lib/libc.a(lib_a-__call_atexit.o)
                0x01006960                PROVIDE (__CTOR_END__, ABSOLUTE (.))
                0x01006960                PROVIDE (__DTOR_LIST__, ABSOLUTE (.))
 *(.dtors)
 *(SORT(.dtors.*))
                0x01006960                PROVIDE (__DTOR_END__, ABSOLUTE (.))
 *(.jcr)
                0x01006960                . = ALIGN (0x4)

.rodata         0x01006960     0xa59c
                0x01006960                PROVIDE (__ram_rodata_start, ABSOLUTE (.))
                0x01006960                . = ALIGN (0x4)
 *(.rodata .rodata.* .gnu.linkonce.r.*)
 .rodata        0x01006960       0x14 obj/default/exercise1_7.o
 .rodata        0x01006974     0xa524 obj/default/fonts.o
                0x01006974                Font5x7
                0x01006c0e                Font10x14
                0x01007672                Font16x27
                0x01008a7c                Font22x40
                0x0100b704                Font38x59
 .rodata.str1.4
                0x01010e98        0x2 /home/nick/altera/13.0sp1/nios2eds/bin/gnu/H-i686-pc-linux-gnu/bin/../lib/gcc/nios2-elf/4.1.2/../../../../nios2-elf/lib/libc.a(lib_a-puts.o)
                                  0x4 (size before relaxing)
 *fill*         0x01010e9a        0x2 00
 .rodata.str1.4
                0x01010e9c        0x4 /home/nick/altera/13.0sp1/nios2eds/bin/gnu/H-i686-pc-linux-gnu/bin/../lib/gcc/nios2-elf/4.1.2/../../../../nios2-elf/lib/libc.a(lib_a-impure.o)
 .rodata        0x01010ea0        0xc ../exercise1_7_bsp//libhal_bsp.a(alt_dev.o)
 .rodata        0x01010eac       0x14 ../exercise1_7_bsp//libhal_bsp.a(alt_main.o)
 .rodata        0x01010ec0       0x3c ../exercise1_7_bsp//libhal_bsp.a(alt_sys_init.o)
 *(.rodata1)
                0x01010efc                . = ALIGN (0x4)
                0x01010efc                PROVIDE (__ram_rodata_end, ABSOLUTE (.))
                0x01006960                PROVIDE (__flash_rodata_start, LOADADDR (.rodata))

.rwdata         0x01010efc     0x1aa4 load address 0x010129a0
                0x01010efc                PROVIDE (__ram_rwdata_start, ABSOLUTE (.))
                0x01010efc                . = ALIGN (0x4)
 *(.got.plt)
 *(.got)
 *(.data1)
 *(.data .data.* .gnu.linkonce.d.*)
 .data          0x01010efc        0x0 ../exercise1_7_bsp//obj/HAL/src/crt0.o
 .data          0x01010efc        0x0 obj/default/exercise1_7.o
 .data          0x01010efc        0x0 obj/default/fill.o
 .data          0x01010efc        0x0 obj/default/fonts.o
 .data          0x01010efc        0x0 /home/nick/altera/13.0sp1/nios2eds/bin/gnu/H-i686-pc-linux-gnu/bin/../lib/gcc/nios2-elf/4.1.2/../../../../nios2-elf/lib/libc.a(lib_a-puts.o)
 .data          0x01010efc        0x0 /home/nick/altera/13.0sp1/nios2eds/bin/gnu/H-i686-pc-linux-gnu/bin/../lib/gcc/nios2-elf/4.1.2/../../../../nios2-elf/lib/libc.a(lib_a-strlen.o)
 .data          0x01010efc        0x0 /home/nick/altera/13.0sp1/nios2eds/bin/gnu/H-i686-pc-linux-gnu/bin/../lib/gcc/nios2-elf/4.1.2/../../../../nios2-elf/lib/libc.a(lib_a-fvwrite.o)
 .data          0x01010efc      0x400 /home/nick/altera/13.0sp1/nios2eds/bin/gnu/H-i686-pc-linux-gnu/bin/../lib/gcc/nios2-elf/4.1.2/../../../../nios2-elf/lib/libc.a(lib_a-impure.o)
 .data          0x010112fc      0x408 /home/nick/altera/13.0sp1/nios2eds/bin/gnu/H-i686-pc-linux-gnu/bin/../lib/gcc/nios2-elf/4.1.2/../../../../nios2-elf/lib/libc.a(lib_a-mallocr.o)
                0x010112fc                __malloc_av_
 .data          0x01011704        0x0 /home/nick/altera/13.0sp1/nios2eds/bin/gnu/H-i686-pc-linux-gnu/bin/../lib/gcc/nios2-elf/4.1.2/../../../../nios2-elf/lib/libc.a(lib_a-memchr.o)
 .data          0x01011704        0x0 /home/nick/altera/13.0sp1/nios2eds/bin/gnu/H-i686-pc-linux-gnu/bin/../lib/gcc/nios2-elf/4.1.2/../../../../nios2-elf/lib/libc.a(lib_a-memcpy.o)
 .data          0x01011704        0x0 /home/nick/altera/13.0sp1/nios2eds/bin/gnu/H-i686-pc-linux-gnu/bin/../lib/gcc/nios2-elf/4.1.2/../../../../nios2-elf/lib/libc.a(lib_a-memmove.o)
 .data          0x01011704        0x0 /home/nick/altera/13.0sp1/nios2eds/bin/gnu/H-i686-pc-linux-gnu/bin/../lib/gcc/nios2-elf/4.1.2/../../../../nios2-elf/lib/libc.a(lib_a-reallocr.o)
 .data          0x01011704        0x0 /home/nick/altera/13.0sp1/nios2eds/bin/gnu/H-i686-pc-linux-gnu/bin/../lib/gcc/nios2-elf/4.1.2/../../../../nios2-elf/lib/libc.a(lib_a-sbrkr.o)
 .data          0x01011704        0x0 /home/nick/altera/13.0sp1/nios2eds/bin/gnu/H-i686-pc-linux-gnu/bin/../lib/gcc/nios2-elf/4.1.2/../../../../nios2-elf/lib/libc.a(lib_a-wsetup.o)
 .data          0x01011704        0x0 /home/nick/altera/13.0sp1/nios2eds/bin/gnu/H-i686-pc-linux-gnu/bin/../lib/gcc/nios2-elf/4.1.2/../../../../nios2-elf/lib/libc.a(lib_a-fflush.o)
 .data          0x01011704        0x0 /home/nick/altera/13.0sp1/nios2eds/bin/gnu/H-i686-pc-linux-gnu/bin/../lib/gcc/nios2-elf/4.1.2/../../../../nios2-elf/lib/libc.a(lib_a-findfp.o)
 .data          0x01011704        0x0 /home/nick/altera/13.0sp1/nios2eds/bin/gnu/H-i686-pc-linux-gnu/bin/../lib/gcc/nios2-elf/4.1.2/../../../../nios2-elf/lib/libc.a(lib_a-freer.o)
 .data          0x01011704        0x0 /home/nick/altera/13.0sp1/nios2eds/bin/gnu/H-i686-pc-linux-gnu/bin/../lib/gcc/nios2-elf/4.1.2/../../../../nios2-elf/lib/libc.a(lib_a-fwalk.o)
 .data          0x01011704        0x0 /home/nick/altera/13.0sp1/nios2eds/bin/gnu/H-i686-pc-linux-gnu/bin/../lib/gcc/nios2-elf/4.1.2/../../../../nios2-elf/lib/libc.a(lib_a-int_errno.o)
 .data          0x01011704        0x0 /home/nick/altera/13.0sp1/nios2eds/bin/gnu/H-i686-pc-linux-gnu/bin/../lib/gcc/nios2-elf/4.1.2/../../../../nios2-elf/lib/libc.a(lib_a-makebuf.o)
 .data          0x01011704        0x0 /home/nick/altera/13.0sp1/nios2eds/bin/gnu/H-i686-pc-linux-gnu/bin/../lib/gcc/nios2-elf/4.1.2/../../../../nios2-elf/lib/libc.a(lib_a-memset.o)
 .data          0x01011704        0x0 /home/nick/altera/13.0sp1/nios2eds/bin/gnu/H-i686-pc-linux-gnu/bin/../lib/gcc/nios2-elf/4.1.2/../../../../nios2-elf/lib/libc.a(lib_a-stdio.o)
 .data          0x01011704        0x0 /home/nick/altera/13.0sp1/nios2eds/bin/gnu/H-i686-pc-linux-gnu/bin/../lib/gcc/nios2-elf/4.1.2/../../../../nios2-elf/lib/libc.a(lib_a-writer.o)
 .data          0x01011704        0x0 /home/nick/altera/13.0sp1/nios2eds/bin/gnu/H-i686-pc-linux-gnu/bin/../lib/gcc/nios2-elf/4.1.2/../../../../nios2-elf/lib/libc.a(lib_a-closer.o)
 .data          0x01011704        0x0 /home/nick/altera/13.0sp1/nios2eds/bin/gnu/H-i686-pc-linux-gnu/bin/../lib/gcc/nios2-elf/4.1.2/../../../../nios2-elf/lib/libc.a(lib_a-fclose.o)
 .data          0x01011704        0x0 /home/nick/altera/13.0sp1/nios2eds/bin/gnu/H-i686-pc-linux-gnu/bin/../lib/gcc/nios2-elf/4.1.2/../../../../nios2-elf/lib/libc.a(lib_a-fstatr.o)
 .data          0x01011704        0x0 /home/nick/altera/13.0sp1/nios2eds/bin/gnu/H-i686-pc-linux-gnu/bin/../lib/gcc/nios2-elf/4.1.2/../../../../nios2-elf/lib/libc.a(lib_a-isattyr.o)
 .data          0x01011704        0x0 /home/nick/altera/13.0sp1/nios2eds/bin/gnu/H-i686-pc-linux-gnu/bin/../lib/gcc/nios2-elf/4.1.2/../../../../nios2-elf/lib/libc.a(lib_a-lseekr.o)
 .data          0x01011704        0x0 /home/nick/altera/13.0sp1/nios2eds/bin/gnu/H-i686-pc-linux-gnu/bin/../lib/gcc/nios2-elf/4.1.2/../../../../nios2-elf/lib/libc.a(lib_a-readr.o)
 .data          0x01011704        0x0 ../exercise1_7_bsp//libhal_bsp.a(alt_close.o)
 .data          0x01011704      0x1a8 ../exercise1_7_bsp//libhal_bsp.a(alt_dev.o)
                0x01011704                alt_dev_null
                0x0101172c                alt_fd_list
 .data          0x010118ac        0x0 ../exercise1_7_bsp//libhal_bsp.a(alt_errno.o)
 .data          0x010118ac        0x0 ../exercise1_7_bsp//libhal_bsp.a(alt_fstat.o)
 .data          0x010118ac        0x0 ../exercise1_7_bsp//libhal_bsp.a(alt_isatty.o)
 .data          0x010118ac        0x0 ../exercise1_7_bsp//libhal_bsp.a(alt_load.o)
 .data          0x010118ac        0x0 ../exercise1_7_bsp//libhal_bsp.a(alt_lseek.o)
 .data          0x010118ac        0x0 ../exercise1_7_bsp//libhal_bsp.a(alt_main.o)
 .data          0x010118ac        0x0 ../exercise1_7_bsp//libhal_bsp.a(alt_malloc_lock.o)
 .data          0x010118ac        0x0 ../exercise1_7_bsp//libhal_bsp.a(alt_read.o)
 .data          0x010118ac        0x0 ../exercise1_7_bsp//libhal_bsp.a(alt_release_fd.o)
 .data          0x010118ac        0x0 ../exercise1_7_bsp//libhal_bsp.a(alt_sbrk.o)
 .data          0x010118ac        0x0 ../exercise1_7_bsp//libhal_bsp.a(alt_write.o)
 .data          0x010118ac     0x10b8 ../exercise1_7_bsp//libhal_bsp.a(alt_sys_init.o)
 .data          0x01012964        0x0 ../exercise1_7_bsp//libhal_bsp.a(altera_avalon_jtag_uart_fd.o)
 .data          0x01012964        0x0 ../exercise1_7_bsp//libhal_bsp.a(altera_avalon_jtag_uart_init.o)
 .data          0x01012964        0x0 ../exercise1_7_bsp//libhal_bsp.a(altera_avalon_jtag_uart_ioctl.o)
 .data          0x01012964        0x0 ../exercise1_7_bsp//libhal_bsp.a(altera_avalon_jtag_uart_read.o)
 .data          0x01012964        0x0 ../exercise1_7_bsp//libhal_bsp.a(altera_avalon_jtag_uart_write.o)
 .data          0x01012964        0x0 ../exercise1_7_bsp//libhal_bsp.a(altera_avalon_timer_sc.o)
 .data          0x01012964        0x0 ../exercise1_7_bsp//libhal_bsp.a(altera_up_avalon_character_lcd.o)
 .data          0x01012964        0x0 ../exercise1_7_bsp//libhal_bsp.a(altera_up_avalon_rs232.o)
 .data          0x01012964        0x0 ../exercise1_7_bsp//libhal_bsp.a(alt_alarm_start.o)
 .data          0x01012964        0x0 ../exercise1_7_bsp//libhal_bsp.a(alt_dcache_flush_all.o)
 .data          0x01012964        0x0 ../exercise1_7_bsp//libhal_bsp.a(alt_dev_llist_insert.o)
 .data          0x01012964        0x0 ../exercise1_7_bsp//libhal_bsp.a(alt_do_ctors.o)
 .data          0x01012964        0x0 ../exercise1_7_bsp//libhal_bsp.a(alt_do_dtors.o)
 .data          0x01012964        0x0 ../exercise1_7_bsp//libhal_bsp.a(alt_find_dev.o)
 .data          0x01012964        0x0 ../exercise1_7_bsp//libhal_bsp.a(alt_icache_flush_all.o)
 .data          0x01012964        0x0 ../exercise1_7_bsp//libhal_bsp.a(alt_io_redirect.o)
 .data          0x01012964        0x0 ../exercise1_7_bsp//libhal_bsp.a(alt_irq_register.o)
 .data          0x01012964        0x0 ../exercise1_7_bsp//libhal_bsp.a(alt_irq_vars.o)
 .data          0x01012964        0x0 ../exercise1_7_bsp//libhal_bsp.a(alt_open.o)
 .data          0x01012964        0x0 ../exercise1_7_bsp//libhal_bsp.a(alt_tick.o)
 .data          0x01012964        0x0 ../exercise1_7_bsp//libhal_bsp.a(altera_nios2_qsys_irq.o)
 .data          0x01012964        0x0 ../exercise1_7_bsp//libhal_bsp.a(alt_find_file.o)
 .data          0x01012964        0x0 ../exercise1_7_bsp//libhal_bsp.a(alt_get_fd.o)
 .data          0x01012964        0x0 ../exercise1_7_bsp//libhal_bsp.a(alt_icache_flush.o)
 .data          0x01012964        0x0 ../exercise1_7_bsp//libhal_bsp.a(alt_irq_entry.o)
 .data          0x01012964        0x0 ../exercise1_7_bsp//libhal_bsp.a(alt_irq_handler.o)
 .data          0x01012964        0x0 ../exercise1_7_bsp//libhal_bsp.a(alt_exception_entry.o)
 .data          0x01012964        0x0 /home/nick/altera/13.0sp1/nios2eds/bin/gnu/H-i686-pc-linux-gnu/bin/../lib/gcc/nios2-elf/4.1.2/../../../../nios2-elf/lib/libc.a(lib_a-atexit.o)
 .data          0x01012964        0x0 /home/nick/altera/13.0sp1/nios2eds/bin/gnu/H-i686-pc-linux-gnu/bin/../lib/gcc/nios2-elf/4.1.2/../../../../nios2-elf/lib/libc.a(lib_a-exit.o)
 .data          0x01012964        0x0 /home/nick/altera/13.0sp1/nios2eds/bin/gnu/H-i686-pc-linux-gnu/bin/../lib/gcc/nios2-elf/4.1.2/../../../../nios2-elf/lib/libc.a(lib_a-memcmp.o)
 .data          0x01012964        0x0 /home/nick/altera/13.0sp1/nios2eds/bin/gnu/H-i686-pc-linux-gnu/bin/../lib/gcc/nios2-elf/4.1.2/../../../../nios2-elf/lib/libc.a(lib_a-__atexit.o)
 .data          0x01012964        0x0 /home/nick/altera/13.0sp1/nios2eds/bin/gnu/H-i686-pc-linux-gnu/bin/../lib/gcc/nios2-elf/4.1.2/../../../../nios2-elf/lib/libc.a(lib_a-__call_atexit.o)
 .data          0x01012964        0x0 ../exercise1_7_bsp//libhal_bsp.a(alt_exit.o)
                0x0101a964                _gp = ABSOLUTE ((. + 0x8000))
                0x0101a964                PROVIDE (gp, _gp)
 *(.rwdata .rwdata.*)
 *(.sdata .sdata.* .gnu.linkonce.s.*)
 .sdata         0x01012964        0x4 obj/default/fill.o
                0x01012964                Next
 .sdata         0x01012968        0x8 /home/nick/altera/13.0sp1/nios2eds/bin/gnu/H-i686-pc-linux-gnu/bin/../lib/gcc/nios2-elf/4.1.2/../../../../nios2-elf/lib/libc.a(lib_a-impure.o)
                0x01012968                _impure_ptr
                0x0101296c                _global_impure_ptr
 .sdata         0x01012970        0x8 /home/nick/altera/13.0sp1/nios2eds/bin/gnu/H-i686-pc-linux-gnu/bin/../lib/gcc/nios2-elf/4.1.2/../../../../nios2-elf/lib/libc.a(lib_a-mallocr.o)
                0x01012970                __malloc_trim_threshold
                0x01012974                __malloc_sbrk_base
 .sdata         0x01012978       0x14 ../exercise1_7_bsp//libhal_bsp.a(alt_dev.o)
                0x01012978                alt_fs_list
                0x01012980                alt_dev_list
                0x01012988                alt_max_fd
 .sdata         0x0101298c        0x4 ../exercise1_7_bsp//libhal_bsp.a(alt_errno.o)
                0x0101298c                alt_errno
 .sdata         0x01012990        0x4 ../exercise1_7_bsp//libhal_bsp.a(alt_sbrk.o)
 .sdata         0x01012994        0x4 ../exercise1_7_bsp//libhal_bsp.a(alt_irq_vars.o)
                0x01012994                alt_priority_mask
 .sdata         0x01012998        0x8 ../exercise1_7_bsp//libhal_bsp.a(alt_tick.o)
                0x01012998                alt_alarm_list
 *(.sdata2 .sdata2.* .gnu.linkonce.s2.*)
                0x010129a0                . = ALIGN (0x4)
                0x010129a0                _edata = ABSOLUTE (.)
                0x010129a0                PROVIDE (edata, ABSOLUTE (.))
                0x010129a0                PROVIDE (__ram_rwdata_end, ABSOLUTE (.))
                0x010129a0                PROVIDE (__flash_rwdata_start, LOADADDR (.rwdata))

.bss            0x01014444     0x2220
                0x01014444                __bss_start = ABSOLUTE (.)
                0x01014444                PROVIDE (__sbss_start, ABSOLUTE (.))
                0x01014444                PROVIDE (___sbss_start, ABSOLUTE (.))
 *(.dynsbss)
 *(.sbss .sbss.* .gnu.linkonce.sb.*)
 .sbss          0x01014444        0xc /home/nick/altera/13.0sp1/nios2eds/bin/gnu/H-i686-pc-linux-gnu/bin/../lib/gcc/nios2-elf/4.1.2/../../../../nios2-elf/lib/libc.a(lib_a-mallocr.o)
                0x01014444                __malloc_top_pad
                0x01014448                __malloc_max_sbrked_mem
                0x0101444c                __malloc_max_total_mem
 .sbss          0x01014450        0x4 /home/nick/altera/13.0sp1/nios2eds/bin/gnu/H-i686-pc-linux-gnu/bin/../lib/gcc/nios2-elf/4.1.2/../../../../nios2-elf/lib/libc.a(lib_a-int_errno.o)
                0x01014450                errno
 .sbss          0x01014454        0xc ../exercise1_7_bsp//libhal_bsp.a(alt_main.o)
                0x01014454                alt_argc
                0x01014458                alt_argv
                0x0101445c                alt_envp
 .sbss          0x01014460        0x4 ../exercise1_7_bsp//libhal_bsp.a(alt_irq_vars.o)
                0x01014460                alt_irq_active
 .sbss          0x01014464        0x8 ../exercise1_7_bsp//libhal_bsp.a(alt_tick.o)
                0x01014464                _alt_tick_rate
                0x01014468                _alt_nticks
 *(.sbss2 .sbss2.* .gnu.linkonce.sb2.*)
 *(.scommon)
                0x0101446c                PROVIDE (__sbss_end, ABSOLUTE (.))
                0x0101446c                PROVIDE (___sbss_end, ABSOLUTE (.))
 *(.dynbss)
 *(.bss .bss.* .gnu.linkonce.b.*)
 .bss           0x0101446c        0x0 ../exercise1_7_bsp//obj/HAL/src/crt0.o
 .bss           0x0101446c        0x0 obj/default/exercise1_7.o
 .bss           0x0101446c        0x0 obj/default/fill.o
 .bss           0x0101446c        0x0 obj/default/fonts.o
 .bss           0x0101446c        0x0 /home/nick/altera/13.0sp1/nios2eds/bin/gnu/H-i686-pc-linux-gnu/bin/../lib/gcc/nios2-elf/4.1.2/../../../../nios2-elf/lib/libc.a(lib_a-puts.o)
 .bss           0x0101446c        0x0 /home/nick/altera/13.0sp1/nios2eds/bin/gnu/H-i686-pc-linux-gnu/bin/../lib/gcc/nios2-elf/4.1.2/../../../../nios2-elf/lib/libc.a(lib_a-strlen.o)
 .bss           0x0101446c        0x0 /home/nick/altera/13.0sp1/nios2eds/bin/gnu/H-i686-pc-linux-gnu/bin/../lib/gcc/nios2-elf/4.1.2/../../../../nios2-elf/lib/libc.a(lib_a-fvwrite.o)
 .bss           0x0101446c        0x0 /home/nick/altera/13.0sp1/nios2eds/bin/gnu/H-i686-pc-linux-gnu/bin/../lib/gcc/nios2-elf/4.1.2/../../../../nios2-elf/lib/libc.a(lib_a-impure.o)
 .bss           0x0101446c       0x28 /home/nick/altera/13.0sp1/nios2eds/bin/gnu/H-i686-pc-linux-gnu/bin/../lib/gcc/nios2-elf/4.1.2/../../../../nios2-elf/lib/libc.a(lib_a-mallocr.o)
                0x0101446c                __malloc_current_mallinfo
 .bss           0x01014494        0x0 /home/nick/altera/13.0sp1/nios2eds/bin/gnu/H-i686-pc-linux-gnu/bin/../lib/gcc/nios2-elf/4.1.2/../../../../nios2-elf/lib/libc.a(lib_a-memchr.o)
 .bss           0x01014494        0x0 /home/nick/altera/13.0sp1/nios2eds/bin/gnu/H-i686-pc-linux-gnu/bin/../lib/gcc/nios2-elf/4.1.2/../../../../nios2-elf/lib/libc.a(lib_a-memcpy.o)
 .bss           0x01014494        0x0 /home/nick/altera/13.0sp1/nios2eds/bin/gnu/H-i686-pc-linux-gnu/bin/../lib/gcc/nios2-elf/4.1.2/../../../../nios2-elf/lib/libc.a(lib_a-memmove.o)
 .bss           0x01014494        0x0 /home/nick/altera/13.0sp1/nios2eds/bin/gnu/H-i686-pc-linux-gnu/bin/../lib/gcc/nios2-elf/4.1.2/../../../../nios2-elf/lib/libc.a(lib_a-reallocr.o)
 .bss           0x01014494        0x0 /home/nick/altera/13.0sp1/nios2eds/bin/gnu/H-i686-pc-linux-gnu/bin/../lib/gcc/nios2-elf/4.1.2/../../../../nios2-elf/lib/libc.a(lib_a-sbrkr.o)
 .bss           0x01014494        0x0 /home/nick/altera/13.0sp1/nios2eds/bin/gnu/H-i686-pc-linux-gnu/bin/../lib/gcc/nios2-elf/4.1.2/../../../../nios2-elf/lib/libc.a(lib_a-wsetup.o)
 .bss           0x01014494        0x0 /home/nick/altera/13.0sp1/nios2eds/bin/gnu/H-i686-pc-linux-gnu/bin/../lib/gcc/nios2-elf/4.1.2/../../../../nios2-elf/lib/libc.a(lib_a-fflush.o)
 .bss           0x01014494        0x0 /home/nick/altera/13.0sp1/nios2eds/bin/gnu/H-i686-pc-linux-gnu/bin/../lib/gcc/nios2-elf/4.1.2/../../../../nios2-elf/lib/libc.a(lib_a-findfp.o)
 .bss           0x01014494        0x0 /home/nick/altera/13.0sp1/nios2eds/bin/gnu/H-i686-pc-linux-gnu/bin/../lib/gcc/nios2-elf/4.1.2/../../../../nios2-elf/lib/libc.a(lib_a-freer.o)
 .bss           0x01014494        0x0 /home/nick/altera/13.0sp1/nios2eds/bin/gnu/H-i686-pc-linux-gnu/bin/../lib/gcc/nios2-elf/4.1.2/../../../../nios2-elf/lib/libc.a(lib_a-fwalk.o)
 .bss           0x01014494        0x0 /home/nick/altera/13.0sp1/nios2eds/bin/gnu/H-i686-pc-linux-gnu/bin/../lib/gcc/nios2-elf/4.1.2/../../../../nios2-elf/lib/libc.a(lib_a-int_errno.o)
 .bss           0x01014494        0x0 /home/nick/altera/13.0sp1/nios2eds/bin/gnu/H-i686-pc-linux-gnu/bin/../lib/gcc/nios2-elf/4.1.2/../../../../nios2-elf/lib/libc.a(lib_a-makebuf.o)
 .bss           0x01014494        0x0 /home/nick/altera/13.0sp1/nios2eds/bin/gnu/H-i686-pc-linux-gnu/bin/../lib/gcc/nios2-elf/4.1.2/../../../../nios2-elf/lib/libc.a(lib_a-memset.o)
 .bss           0x01014494        0x0 /home/nick/altera/13.0sp1/nios2eds/bin/gnu/H-i686-pc-linux-gnu/bin/../lib/gcc/nios2-elf/4.1.2/../../../../nios2-elf/lib/libc.a(lib_a-stdio.o)
 .bss           0x01014494        0x0 /home/nick/altera/13.0sp1/nios2eds/bin/gnu/H-i686-pc-linux-gnu/bin/../lib/gcc/nios2-elf/4.1.2/../../../../nios2-elf/lib/libc.a(lib_a-writer.o)
 .bss           0x01014494        0x0 /home/nick/altera/13.0sp1/nios2eds/bin/gnu/H-i686-pc-linux-gnu/bin/../lib/gcc/nios2-elf/4.1.2/../../../../nios2-elf/lib/libc.a(lib_a-closer.o)
 .bss           0x01014494        0x0 /home/nick/altera/13.0sp1/nios2eds/bin/gnu/H-i686-pc-linux-gnu/bin/../lib/gcc/nios2-elf/4.1.2/../../../../nios2-elf/lib/libc.a(lib_a-fclose.o)
 .bss           0x01014494        0x0 /home/nick/altera/13.0sp1/nios2eds/bin/gnu/H-i686-pc-linux-gnu/bin/../lib/gcc/nios2-elf/4.1.2/../../../../nios2-elf/lib/libc.a(lib_a-fstatr.o)
 .bss           0x01014494        0x0 /home/nick/altera/13.0sp1/nios2eds/bin/gnu/H-i686-pc-linux-gnu/bin/../lib/gcc/nios2-elf/4.1.2/../../../../nios2-elf/lib/libc.a(lib_a-isattyr.o)
 .bss           0x01014494        0x0 /home/nick/altera/13.0sp1/nios2eds/bin/gnu/H-i686-pc-linux-gnu/bin/../lib/gcc/nios2-elf/4.1.2/../../../../nios2-elf/lib/libc.a(lib_a-lseekr.o)
 .bss           0x01014494        0x0 /home/nick/altera/13.0sp1/nios2eds/bin/gnu/H-i686-pc-linux-gnu/bin/../lib/gcc/nios2-elf/4.1.2/../../../../nios2-elf/lib/libc.a(lib_a-readr.o)
 .bss           0x01014494        0x0 ../exercise1_7_bsp//libhal_bsp.a(alt_close.o)
 .bss           0x01014494        0x0 ../exercise1_7_bsp//libhal_bsp.a(alt_dev.o)
 .bss           0x01014494        0x0 ../exercise1_7_bsp//libhal_bsp.a(alt_errno.o)
 .bss           0x01014494        0x0 ../exercise1_7_bsp//libhal_bsp.a(alt_fstat.o)
 .bss           0x01014494        0x0 ../exercise1_7_bsp//libhal_bsp.a(alt_isatty.o)
 .bss           0x01014494        0x0 ../exercise1_7_bsp//libhal_bsp.a(alt_load.o)
 .bss           0x01014494        0x0 ../exercise1_7_bsp//libhal_bsp.a(alt_lseek.o)
 .bss           0x01014494        0x0 ../exercise1_7_bsp//libhal_bsp.a(alt_main.o)
 .bss           0x01014494        0x0 ../exercise1_7_bsp//libhal_bsp.a(alt_malloc_lock.o)
 .bss           0x01014494        0x0 ../exercise1_7_bsp//libhal_bsp.a(alt_read.o)
 .bss           0x01014494        0x0 ../exercise1_7_bsp//libhal_bsp.a(alt_release_fd.o)
 .bss           0x01014494        0x0 ../exercise1_7_bsp//libhal_bsp.a(alt_sbrk.o)
 .bss           0x01014494        0x0 ../exercise1_7_bsp//libhal_bsp.a(alt_write.o)
 .bss           0x01014494        0x0 ../exercise1_7_bsp//libhal_bsp.a(alt_sys_init.o)
 .bss           0x01014494        0x0 ../exercise1_7_bsp//libhal_bsp.a(altera_avalon_jtag_uart_fd.o)
 .bss           0x01014494        0x0 ../exercise1_7_bsp//libhal_bsp.a(altera_avalon_jtag_uart_init.o)
 .bss           0x01014494        0x0 ../exercise1_7_bsp//libhal_bsp.a(altera_avalon_jtag_uart_ioctl.o)
 .bss           0x01014494        0x0 ../exercise1_7_bsp//libhal_bsp.a(altera_avalon_jtag_uart_read.o)
 .bss           0x01014494        0x0 ../exercise1_7_bsp//libhal_bsp.a(altera_avalon_jtag_uart_write.o)
 .bss           0x01014494        0x0 ../exercise1_7_bsp//libhal_bsp.a(altera_avalon_timer_sc.o)
 .bss           0x01014494        0x0 ../exercise1_7_bsp//libhal_bsp.a(altera_up_avalon_character_lcd.o)
 .bss           0x01014494        0x0 ../exercise1_7_bsp//libhal_bsp.a(altera_up_avalon_rs232.o)
 .bss           0x01014494        0x0 ../exercise1_7_bsp//libhal_bsp.a(alt_alarm_start.o)
 .bss           0x01014494        0x0 ../exercise1_7_bsp//libhal_bsp.a(alt_dcache_flush_all.o)
 .bss           0x01014494        0x0 ../exercise1_7_bsp//libhal_bsp.a(alt_dev_llist_insert.o)
 .bss           0x01014494        0x0 ../exercise1_7_bsp//libhal_bsp.a(alt_do_ctors.o)
 .bss           0x01014494        0x0 ../exercise1_7_bsp//libhal_bsp.a(alt_do_dtors.o)
 .bss           0x01014494        0x0 ../exercise1_7_bsp//libhal_bsp.a(alt_find_dev.o)
 .bss           0x01014494        0x0 ../exercise1_7_bsp//libhal_bsp.a(alt_icache_flush_all.o)
 .bss           0x01014494        0x0 ../exercise1_7_bsp//libhal_bsp.a(alt_io_redirect.o)
 .bss           0x01014494        0x0 ../exercise1_7_bsp//libhal_bsp.a(alt_irq_register.o)
 .bss           0x01014494        0x0 ../exercise1_7_bsp//libhal_bsp.a(alt_irq_vars.o)
 .bss           0x01014494        0x0 ../exercise1_7_bsp//libhal_bsp.a(alt_open.o)
 .bss           0x01014494        0x0 ../exercise1_7_bsp//libhal_bsp.a(alt_tick.o)
 .bss           0x01014494        0x0 ../exercise1_7_bsp//libhal_bsp.a(altera_nios2_qsys_irq.o)
 .bss           0x01014494        0x0 ../exercise1_7_bsp//libhal_bsp.a(alt_find_file.o)
 .bss           0x01014494        0x0 ../exercise1_7_bsp//libhal_bsp.a(alt_get_fd.o)
 .bss           0x01014494        0x0 ../exercise1_7_bsp//libhal_bsp.a(alt_icache_flush.o)
 .bss           0x01014494        0x0 ../exercise1_7_bsp//libhal_bsp.a(alt_irq_entry.o)
 .bss           0x01014494        0x0 ../exercise1_7_bsp//libhal_bsp.a(alt_irq_handler.o)
 .bss           0x01014494        0x0 ../exercise1_7_bsp//libhal_bsp.a(alt_exception_entry.o)
 .bss           0x01014494        0x0 /home/nick/altera/13.0sp1/nios2eds/bin/gnu/H-i686-pc-linux-gnu/bin/../lib/gcc/nios2-elf/4.1.2/../../../../nios2-elf/lib/libc.a(lib_a-atexit.o)
 .bss           0x01014494        0x0 /home/nick/altera/13.0sp1/nios2eds/bin/gnu/H-i686-pc-linux-gnu/bin/../lib/gcc/nios2-elf/4.1.2/../../../../nios2-elf/lib/libc.a(lib_a-exit.o)
 .bss           0x01014494        0x0 /home/nick/altera/13.0sp1/nios2eds/bin/gnu/H-i686-pc-linux-gnu/bin/../lib/gcc/nios2-elf/4.1.2/../../../../nios2-elf/lib/libc.a(lib_a-memcmp.o)
 .bss           0x01014494        0x0 /home/nick/altera/13.0sp1/nios2eds/bin/gnu/H-i686-pc-linux-gnu/bin/../lib/gcc/nios2-elf/4.1.2/../../../../nios2-elf/lib/libc.a(lib_a-__atexit.o)
 .bss           0x01014494        0x0 /home/nick/altera/13.0sp1/nios2eds/bin/gnu/H-i686-pc-linux-gnu/bin/../lib/gcc/nios2-elf/4.1.2/../../../../nios2-elf/lib/libc.a(lib_a-__call_atexit.o)
 .bss           0x01014494        0x0 ../exercise1_7_bsp//libhal_bsp.a(alt_exit.o)
 *(COMMON)
 COMMON         0x01014494     0x1f40 obj/default/fill.o
                0x01014494                XYStack
 COMMON         0x010163d4      0x100 ../exercise1_7_bsp//libhal_bsp.a(alt_irq_handler.o)
                0x010163d4                alt_irq
 COMMON         0x010164d4      0x190 /home/nick/altera/13.0sp1/nios2eds/bin/gnu/H-i686-pc-linux-gnu/bin/../lib/gcc/nios2-elf/4.1.2/../../../../nios2-elf/lib/libc.a(lib_a-atexit.o)
                0x010164d4                _atexit0
                0x01016664                . = ALIGN (0x4)
                0x01016664                __bss_end = ABSOLUTE (.)

.onchip_memory2_0
                0x00000000        0x0 load address 0x01016664
                0x00000000                PROVIDE (_alt_partition_onchip_memory2_0_start, ABSOLUTE (.))
 *(.onchip_memory2_0. onchip_memory2_0.*)
                0x00000000                . = ALIGN (0x4)
                0x00000000                PROVIDE (_alt_partition_onchip_memory2_0_end, ABSOLUTE (.))
                0x01016664                PROVIDE (_alt_partition_onchip_memory2_0_load_addr, LOADADDR (.onchip_memory2_0))

.new_sdram_controller_0
                0x01016664        0x0
                0x01016664                PROVIDE (_alt_partition_new_sdram_controller_0_start, ABSOLUTE (.))
 *(.new_sdram_controller_0. new_sdram_controller_0.*)
                0x01016664                . = ALIGN (0x4)
                0x01016664                PROVIDE (_alt_partition_new_sdram_controller_0_end, ABSOLUTE (.))
                0x01016664                _end = ABSOLUTE (.)
                0x01016664                end = ABSOLUTE (.)
                0x01016664                __alt_stack_base = ABSOLUTE (.)
                0x01016664                PROVIDE (_alt_partition_new_sdram_controller_0_load_addr, LOADADDR (.new_sdram_controller_0))

.stab
 *(.stab)

.stabstr
 *(.stabstr)

.stab.excl
 *(.stab.excl)

.stab.exclstr
 *(.stab.exclstr)

.stab.index
 *(.stab.index)

.stab.indexstr
 *(.stab.indexstr)

.comment        0x00000000       0x26
 *(.comment)
 .comment       0x00000000       0x26 obj/default/exercise1_7.o
                                 0x27 (size before relaxing)
 .comment       0x00000000       0x27 obj/default/fill.o
 .comment       0x00000000       0x27 obj/default/fonts.o
 .comment       0x00000000       0x27 /home/nick/altera/13.0sp1/nios2eds/bin/gnu/H-i686-pc-linux-gnu/bin/../lib/gcc/nios2-elf/4.1.2/../../../../nios2-elf/lib/libc.a(lib_a-puts.o)
 .comment       0x00000000       0x27 /home/nick/altera/13.0sp1/nios2eds/bin/gnu/H-i686-pc-linux-gnu/bin/../lib/gcc/nios2-elf/4.1.2/../../../../nios2-elf/lib/libc.a(lib_a-strlen.o)
 .comment       0x00000000       0x27 /home/nick/altera/13.0sp1/nios2eds/bin/gnu/H-i686-pc-linux-gnu/bin/../lib/gcc/nios2-elf/4.1.2/../../../../nios2-elf/lib/libc.a(lib_a-fvwrite.o)
 .comment       0x00000000       0x27 /home/nick/altera/13.0sp1/nios2eds/bin/gnu/H-i686-pc-linux-gnu/bin/../lib/gcc/nios2-elf/4.1.2/../../../../nios2-elf/lib/libc.a(lib_a-impure.o)
 .comment       0x00000000       0x27 /home/nick/altera/13.0sp1/nios2eds/bin/gnu/H-i686-pc-linux-gnu/bin/../lib/gcc/nios2-elf/4.1.2/../../../../nios2-elf/lib/libc.a(lib_a-mallocr.o)
 .comment       0x00000000       0x27 /home/nick/altera/13.0sp1/nios2eds/bin/gnu/H-i686-pc-linux-gnu/bin/../lib/gcc/nios2-elf/4.1.2/../../../../nios2-elf/lib/libc.a(lib_a-memchr.o)
 .comment       0x00000000       0x27 /home/nick/altera/13.0sp1/nios2eds/bin/gnu/H-i686-pc-linux-gnu/bin/../lib/gcc/nios2-elf/4.1.2/../../../../nios2-elf/lib/libc.a(lib_a-memcpy.o)
 .comment       0x00000000       0x27 /home/nick/altera/13.0sp1/nios2eds/bin/gnu/H-i686-pc-linux-gnu/bin/../lib/gcc/nios2-elf/4.1.2/../../../../nios2-elf/lib/libc.a(lib_a-memmove.o)
 .comment       0x00000000       0x27 /home/nick/altera/13.0sp1/nios2eds/bin/gnu/H-i686-pc-linux-gnu/bin/../lib/gcc/nios2-elf/4.1.2/../../../../nios2-elf/lib/libc.a(lib_a-reallocr.o)
 .comment       0x00000000       0x27 /home/nick/altera/13.0sp1/nios2eds/bin/gnu/H-i686-pc-linux-gnu/bin/../lib/gcc/nios2-elf/4.1.2/../../../../nios2-elf/lib/libc.a(lib_a-sbrkr.o)
 .comment       0x00000000       0x27 /home/nick/altera/13.0sp1/nios2eds/bin/gnu/H-i686-pc-linux-gnu/bin/../lib/gcc/nios2-elf/4.1.2/../../../../nios2-elf/lib/libc.a(lib_a-wsetup.o)
 .comment       0x00000000       0x27 /home/nick/altera/13.0sp1/nios2eds/bin/gnu/H-i686-pc-linux-gnu/bin/../lib/gcc/nios2-elf/4.1.2/../../../../nios2-elf/lib/libc.a(lib_a-fflush.o)
 .comment       0x00000000       0x27 /home/nick/altera/13.0sp1/nios2eds/bin/gnu/H-i686-pc-linux-gnu/bin/../lib/gcc/nios2-elf/4.1.2/../../../../nios2-elf/lib/libc.a(lib_a-findfp.o)
 .comment       0x00000000       0x27 /home/nick/altera/13.0sp1/nios2eds/bin/gnu/H-i686-pc-linux-gnu/bin/../lib/gcc/nios2-elf/4.1.2/../../../../nios2-elf/lib/libc.a(lib_a-freer.o)
 .comment       0x00000000       0x27 /home/nick/altera/13.0sp1/nios2eds/bin/gnu/H-i686-pc-linux-gnu/bin/../lib/gcc/nios2-elf/4.1.2/../../../../nios2-elf/lib/libc.a(lib_a-fwalk.o)
 .comment       0x00000000       0x27 /home/nick/altera/13.0sp1/nios2eds/bin/gnu/H-i686-pc-linux-gnu/bin/../lib/gcc/nios2-elf/4.1.2/../../../../nios2-elf/lib/libc.a(lib_a-int_errno.o)
 .comment       0x00000000       0x27 /home/nick/altera/13.0sp1/nios2eds/bin/gnu/H-i686-pc-linux-gnu/bin/../lib/gcc/nios2-elf/4.1.2/../../../../nios2-elf/lib/libc.a(lib_a-makebuf.o)
 .comment       0x00000000       0x27 /home/nick/altera/13.0sp1/nios2eds/bin/gnu/H-i686-pc-linux-gnu/bin/../lib/gcc/nios2-elf/4.1.2/../../../../nios2-elf/lib/libc.a(lib_a-memset.o)
 .comment       0x00000000       0x27 /home/nick/altera/13.0sp1/nios2eds/bin/gnu/H-i686-pc-linux-gnu/bin/../lib/gcc/nios2-elf/4.1.2/../../../../nios2-elf/lib/libc.a(lib_a-stdio.o)
 .comment       0x00000000       0x27 /home/nick/altera/13.0sp1/nios2eds/bin/gnu/H-i686-pc-linux-gnu/bin/../lib/gcc/nios2-elf/4.1.2/../../../../nios2-elf/lib/libc.a(lib_a-writer.o)
 .comment       0x00000000       0x27 /home/nick/altera/13.0sp1/nios2eds/bin/gnu/H-i686-pc-linux-gnu/bin/../lib/gcc/nios2-elf/4.1.2/../../../../nios2-elf/lib/libc.a(lib_a-closer.o)
 .comment       0x00000000       0x27 /home/nick/altera/13.0sp1/nios2eds/bin/gnu/H-i686-pc-linux-gnu/bin/../lib/gcc/nios2-elf/4.1.2/../../../../nios2-elf/lib/libc.a(lib_a-fclose.o)
 .comment       0x00000000       0x27 /home/nick/altera/13.0sp1/nios2eds/bin/gnu/H-i686-pc-linux-gnu/bin/../lib/gcc/nios2-elf/4.1.2/../../../../nios2-elf/lib/libc.a(lib_a-fstatr.o)
 .comment       0x00000000       0x27 /home/nick/altera/13.0sp1/nios2eds/bin/gnu/H-i686-pc-linux-gnu/bin/../lib/gcc/nios2-elf/4.1.2/../../../../nios2-elf/lib/libc.a(lib_a-isattyr.o)
 .comment       0x00000000       0x27 /home/nick/altera/13.0sp1/nios2eds/bin/gnu/H-i686-pc-linux-gnu/bin/../lib/gcc/nios2-elf/4.1.2/../../../../nios2-elf/lib/libc.a(lib_a-lseekr.o)
 .comment       0x00000000       0x27 /home/nick/altera/13.0sp1/nios2eds/bin/gnu/H-i686-pc-linux-gnu/bin/../lib/gcc/nios2-elf/4.1.2/../../../../nios2-elf/lib/libc.a(lib_a-readr.o)
 .comment       0x00000000       0x27 ../exercise1_7_bsp//libhal_bsp.a(alt_close.o)
 .comment       0x00000000       0x27 ../exercise1_7_bsp//libhal_bsp.a(alt_dev.o)
 .comment       0x00000000       0x27 ../exercise1_7_bsp//libhal_bsp.a(alt_errno.o)
 .comment       0x00000000       0x27 ../exercise1_7_bsp//libhal_bsp.a(alt_fstat.o)
 .comment       0x00000000       0x27 ../exercise1_7_bsp//libhal_bsp.a(alt_isatty.o)
 .comment       0x00000000       0x27 ../exercise1_7_bsp//libhal_bsp.a(alt_load.o)
 .comment       0x00000000       0x27 ../exercise1_7_bsp//libhal_bsp.a(alt_lseek.o)
 .comment       0x00000000       0x27 ../exercise1_7_bsp//libhal_bsp.a(alt_main.o)
 .comment       0x00000000       0x27 ../exercise1_7_bsp//libhal_bsp.a(alt_malloc_lock.o)
 .comment       0x00000000       0x27 ../exercise1_7_bsp//libhal_bsp.a(alt_read.o)
 .comment       0x00000000       0x27 ../exercise1_7_bsp//libhal_bsp.a(alt_release_fd.o)
 .comment       0x00000000       0x27 ../exercise1_7_bsp//libhal_bsp.a(alt_sbrk.o)
 .comment       0x00000000       0x27 ../exercise1_7_bsp//libhal_bsp.a(alt_write.o)
 .comment       0x00000000       0x27 ../exercise1_7_bsp//libhal_bsp.a(alt_sys_init.o)
 .comment       0x00000000       0x27 ../exercise1_7_bsp//libhal_bsp.a(altera_avalon_jtag_uart_fd.o)
 .comment       0x00000000       0x27 ../exercise1_7_bsp//libhal_bsp.a(altera_avalon_jtag_uart_init.o)
 .comment       0x00000000       0x27 ../exercise1_7_bsp//libhal_bsp.a(altera_avalon_jtag_uart_ioctl.o)
 .comment       0x00000000       0x27 ../exercise1_7_bsp//libhal_bsp.a(altera_avalon_jtag_uart_read.o)
 .comment       0x00000000       0x27 ../exercise1_7_bsp//libhal_bsp.a(altera_avalon_jtag_uart_write.o)
 .comment       0x00000000       0x27 ../exercise1_7_bsp//libhal_bsp.a(altera_avalon_timer_sc.o)
 .comment       0x00000000       0x27 ../exercise1_7_bsp//libhal_bsp.a(altera_up_avalon_character_lcd.o)
 .comment       0x00000000       0x27 ../exercise1_7_bsp//libhal_bsp.a(altera_up_avalon_rs232.o)
 .comment       0x00000000       0x27 ../exercise1_7_bsp//libhal_bsp.a(alt_alarm_start.o)
 .comment       0x00000000       0x27 ../exercise1_7_bsp//libhal_bsp.a(alt_dcache_flush_all.o)
 .comment       0x00000000       0x27 ../exercise1_7_bsp//libhal_bsp.a(alt_dev_llist_insert.o)
 .comment       0x00000000       0x27 ../exercise1_7_bsp//libhal_bsp.a(alt_do_ctors.o)
 .comment       0x00000000       0x27 ../exercise1_7_bsp//libhal_bsp.a(alt_do_dtors.o)
 .comment       0x00000000       0x27 ../exercise1_7_bsp//libhal_bsp.a(alt_find_dev.o)
 .comment       0x00000000       0x27 ../exercise1_7_bsp//libhal_bsp.a(alt_icache_flush_all.o)
 .comment       0x00000000       0x27 ../exercise1_7_bsp//libhal_bsp.a(alt_io_redirect.o)
 .comment       0x00000000       0x27 ../exercise1_7_bsp//libhal_bsp.a(alt_irq_register.o)
 .comment       0x00000000       0x27 ../exercise1_7_bsp//libhal_bsp.a(alt_irq_vars.o)
 .comment       0x00000000       0x27 ../exercise1_7_bsp//libhal_bsp.a(alt_open.o)
 .comment       0x00000000       0x27 ../exercise1_7_bsp//libhal_bsp.a(alt_tick.o)
 .comment       0x00000000       0x27 ../exercise1_7_bsp//libhal_bsp.a(altera_nios2_qsys_irq.o)
 .comment       0x00000000       0x27 ../exercise1_7_bsp//libhal_bsp.a(alt_find_file.o)
 .comment       0x00000000       0x27 ../exercise1_7_bsp//libhal_bsp.a(alt_get_fd.o)
 .comment       0x00000000       0x27 ../exercise1_7_bsp//libhal_bsp.a(alt_icache_flush.o)
 .comment       0x00000000       0x27 ../exercise1_7_bsp//libhal_bsp.a(alt_irq_handler.o)
 .comment       0x00000000       0x27 /home/nick/altera/13.0sp1/nios2eds/bin/gnu/H-i686-pc-linux-gnu/bin/../lib/gcc/nios2-elf/4.1.2/../../../../nios2-elf/lib/libc.a(lib_a-atexit.o)
 .comment       0x00000000       0x27 /home/nick/altera/13.0sp1/nios2eds/bin/gnu/H-i686-pc-linux-gnu/bin/../lib/gcc/nios2-elf/4.1.2/../../../../nios2-elf/lib/libc.a(lib_a-exit.o)
 .comment       0x00000000       0x27 /home/nick/altera/13.0sp1/nios2eds/bin/gnu/H-i686-pc-linux-gnu/bin/../lib/gcc/nios2-elf/4.1.2/../../../../nios2-elf/lib/libc.a(lib_a-memcmp.o)
 .comment       0x00000000       0x27 /home/nick/altera/13.0sp1/nios2eds/bin/gnu/H-i686-pc-linux-gnu/bin/../lib/gcc/nios2-elf/4.1.2/../../../../nios2-elf/lib/libc.a(lib_a-__atexit.o)
 .comment       0x00000000       0x27 /home/nick/altera/13.0sp1/nios2eds/bin/gnu/H-i686-pc-linux-gnu/bin/../lib/gcc/nios2-elf/4.1.2/../../../../nios2-elf/lib/libc.a(lib_a-__call_atexit.o)
 .comment       0x00000000       0x27 ../exercise1_7_bsp//libhal_bsp.a(alt_exit.o)

.debug
 *(.debug)

.line
 *(.line)

.debug_srcinfo
 *(.debug_srcinfo)

.debug_sfnames
 *(.debug_sfnames)

.debug_aranges  0x00000000      0x938
 *(.debug_aranges)
 .debug_aranges
                0x00000000       0x28 ../exercise1_7_bsp//obj/HAL/src/crt0.o
 .debug_aranges
                0x00000028       0x20 obj/default/exercise1_7.o
 .debug_aranges
                0x00000048       0x20 obj/default/fill.o
 .debug_aranges
                0x00000068       0x20 /home/nick/altera/13.0sp1/nios2eds/bin/gnu/H-i686-pc-linux-gnu/bin/../lib/gcc/nios2-elf/4.1.2/../../../../nios2-elf/lib/libc.a(lib_a-puts.o)
 .debug_aranges
                0x00000088       0x20 /home/nick/altera/13.0sp1/nios2eds/bin/gnu/H-i686-pc-linux-gnu/bin/../lib/gcc/nios2-elf/4.1.2/../../../../nios2-elf/lib/libc.a(lib_a-strlen.o)
 .debug_aranges
                0x000000a8       0x20 /home/nick/altera/13.0sp1/nios2eds/bin/gnu/H-i686-pc-linux-gnu/bin/../lib/gcc/nios2-elf/4.1.2/../../../../nios2-elf/lib/libc.a(lib_a-fvwrite.o)
 .debug_aranges
                0x000000c8       0x20 /home/nick/altera/13.0sp1/nios2eds/bin/gnu/H-i686-pc-linux-gnu/bin/../lib/gcc/nios2-elf/4.1.2/../../../../nios2-elf/lib/libc.a(lib_a-mallocr.o)
 .debug_aranges
                0x000000e8       0x20 /home/nick/altera/13.0sp1/nios2eds/bin/gnu/H-i686-pc-linux-gnu/bin/../lib/gcc/nios2-elf/4.1.2/../../../../nios2-elf/lib/libc.a(lib_a-memchr.o)
 .debug_aranges
                0x00000108       0x20 /home/nick/altera/13.0sp1/nios2eds/bin/gnu/H-i686-pc-linux-gnu/bin/../lib/gcc/nios2-elf/4.1.2/../../../../nios2-elf/lib/libc.a(lib_a-memcpy.o)
 .debug_aranges
                0x00000128       0x20 /home/nick/altera/13.0sp1/nios2eds/bin/gnu/H-i686-pc-linux-gnu/bin/../lib/gcc/nios2-elf/4.1.2/../../../../nios2-elf/lib/libc.a(lib_a-memmove.o)
 .debug_aranges
                0x00000148       0x20 /home/nick/altera/13.0sp1/nios2eds/bin/gnu/H-i686-pc-linux-gnu/bin/../lib/gcc/nios2-elf/4.1.2/../../../../nios2-elf/lib/libc.a(lib_a-reallocr.o)
 .debug_aranges
                0x00000168       0x20 /home/nick/altera/13.0sp1/nios2eds/bin/gnu/H-i686-pc-linux-gnu/bin/../lib/gcc/nios2-elf/4.1.2/../../../../nios2-elf/lib/libc.a(lib_a-sbrkr.o)
 .debug_aranges
                0x00000188       0x20 /home/nick/altera/13.0sp1/nios2eds/bin/gnu/H-i686-pc-linux-gnu/bin/../lib/gcc/nios2-elf/4.1.2/../../../../nios2-elf/lib/libc.a(lib_a-wsetup.o)
 .debug_aranges
                0x000001a8       0x20 /home/nick/altera/13.0sp1/nios2eds/bin/gnu/H-i686-pc-linux-gnu/bin/../lib/gcc/nios2-elf/4.1.2/../../../../nios2-elf/lib/libc.a(lib_a-fflush.o)
 .debug_aranges
                0x000001c8       0x20 /home/nick/altera/13.0sp1/nios2eds/bin/gnu/H-i686-pc-linux-gnu/bin/../lib/gcc/nios2-elf/4.1.2/../../../../nios2-elf/lib/libc.a(lib_a-findfp.o)
 .debug_aranges
                0x000001e8       0x20 /home/nick/altera/13.0sp1/nios2eds/bin/gnu/H-i686-pc-linux-gnu/bin/../lib/gcc/nios2-elf/4.1.2/../../../../nios2-elf/lib/libc.a(lib_a-freer.o)
 .debug_aranges
                0x00000208       0x20 /home/nick/altera/13.0sp1/nios2eds/bin/gnu/H-i686-pc-linux-gnu/bin/../lib/gcc/nios2-elf/4.1.2/../../../../nios2-elf/lib/libc.a(lib_a-fwalk.o)
 .debug_aranges
                0x00000228       0x20 /home/nick/altera/13.0sp1/nios2eds/bin/gnu/H-i686-pc-linux-gnu/bin/../lib/gcc/nios2-elf/4.1.2/../../../../nios2-elf/lib/libc.a(lib_a-makebuf.o)
 .debug_aranges
                0x00000248       0x20 /home/nick/altera/13.0sp1/nios2eds/bin/gnu/H-i686-pc-linux-gnu/bin/../lib/gcc/nios2-elf/4.1.2/../../../../nios2-elf/lib/libc.a(lib_a-memset.o)
 .debug_aranges
                0x00000268       0x20 /home/nick/altera/13.0sp1/nios2eds/bin/gnu/H-i686-pc-linux-gnu/bin/../lib/gcc/nios2-elf/4.1.2/../../../../nios2-elf/lib/libc.a(lib_a-stdio.o)
 .debug_aranges
                0x00000288       0x20 /home/nick/altera/13.0sp1/nios2eds/bin/gnu/H-i686-pc-linux-gnu/bin/../lib/gcc/nios2-elf/4.1.2/../../../../nios2-elf/lib/libc.a(lib_a-writer.o)
 .debug_aranges
                0x000002a8       0x20 /home/nick/altera/13.0sp1/nios2eds/bin/gnu/H-i686-pc-linux-gnu/bin/../lib/gcc/nios2-elf/4.1.2/../../../../nios2-elf/lib/libc.a(lib_a-closer.o)
 .debug_aranges
                0x000002c8       0x20 /home/nick/altera/13.0sp1/nios2eds/bin/gnu/H-i686-pc-linux-gnu/bin/../lib/gcc/nios2-elf/4.1.2/../../../../nios2-elf/lib/libc.a(lib_a-fclose.o)
 .debug_aranges
                0x000002e8       0x20 /home/nick/altera/13.0sp1/nios2eds/bin/gnu/H-i686-pc-linux-gnu/bin/../lib/gcc/nios2-elf/4.1.2/../../../../nios2-elf/lib/libc.a(lib_a-fstatr.o)
 .debug_aranges
                0x00000308       0x20 /home/nick/altera/13.0sp1/nios2eds/bin/gnu/H-i686-pc-linux-gnu/bin/../lib/gcc/nios2-elf/4.1.2/../../../../nios2-elf/lib/libc.a(lib_a-isattyr.o)
 .debug_aranges
                0x00000328       0x20 /home/nick/altera/13.0sp1/nios2eds/bin/gnu/H-i686-pc-linux-gnu/bin/../lib/gcc/nios2-elf/4.1.2/../../../../nios2-elf/lib/libc.a(lib_a-lseekr.o)
 .debug_aranges
                0x00000348       0x20 /home/nick/altera/13.0sp1/nios2eds/bin/gnu/H-i686-pc-linux-gnu/bin/../lib/gcc/nios2-elf/4.1.2/../../../../nios2-elf/lib/libc.a(lib_a-readr.o)
 .debug_aranges
                0x00000368       0x20 ../exercise1_7_bsp//libhal_bsp.a(alt_close.o)
 .debug_aranges
                0x00000388       0x20 ../exercise1_7_bsp//libhal_bsp.a(alt_dev.o)
 .debug_aranges
                0x000003a8       0x20 ../exercise1_7_bsp//libhal_bsp.a(alt_fstat.o)
 .debug_aranges
                0x000003c8       0x20 ../exercise1_7_bsp//libhal_bsp.a(alt_isatty.o)
 .debug_aranges
                0x000003e8       0x20 ../exercise1_7_bsp//libhal_bsp.a(alt_load.o)
 .debug_aranges
                0x00000408       0x20 ../exercise1_7_bsp//libhal_bsp.a(alt_lseek.o)
 .debug_aranges
                0x00000428       0x20 ../exercise1_7_bsp//libhal_bsp.a(alt_main.o)
 .debug_aranges
                0x00000448       0x20 ../exercise1_7_bsp//libhal_bsp.a(alt_malloc_lock.o)
 .debug_aranges
                0x00000468       0x20 ../exercise1_7_bsp//libhal_bsp.a(alt_read.o)
 .debug_aranges
                0x00000488       0x20 ../exercise1_7_bsp//libhal_bsp.a(alt_release_fd.o)
 .debug_aranges
                0x000004a8       0x20 ../exercise1_7_bsp//libhal_bsp.a(alt_sbrk.o)
 .debug_aranges
                0x000004c8       0x20 ../exercise1_7_bsp//libhal_bsp.a(alt_write.o)
 .debug_aranges
                0x000004e8       0x20 ../exercise1_7_bsp//libhal_bsp.a(alt_sys_init.o)
 .debug_aranges
                0x00000508       0x20 ../exercise1_7_bsp//libhal_bsp.a(altera_avalon_jtag_uart_fd.o)
 .debug_aranges
                0x00000528       0x20 ../exercise1_7_bsp//libhal_bsp.a(altera_avalon_jtag_uart_init.o)
 .debug_aranges
                0x00000548       0x20 ../exercise1_7_bsp//libhal_bsp.a(altera_avalon_jtag_uart_ioctl.o)
 .debug_aranges
                0x00000568       0x20 ../exercise1_7_bsp//libhal_bsp.a(altera_avalon_jtag_uart_read.o)
 .debug_aranges
                0x00000588       0x20 ../exercise1_7_bsp//libhal_bsp.a(altera_avalon_jtag_uart_write.o)
 .debug_aranges
                0x000005a8       0x20 ../exercise1_7_bsp//libhal_bsp.a(altera_avalon_timer_sc.o)
 .debug_aranges
                0x000005c8       0x20 ../exercise1_7_bsp//libhal_bsp.a(altera_up_avalon_character_lcd.o)
 .debug_aranges
                0x000005e8       0x20 ../exercise1_7_bsp//libhal_bsp.a(altera_up_avalon_rs232.o)
 .debug_aranges
                0x00000608       0x20 ../exercise1_7_bsp//libhal_bsp.a(alt_alarm_start.o)
 .debug_aranges
                0x00000628       0x20 ../exercise1_7_bsp//libhal_bsp.a(alt_dcache_flush_all.o)
 .debug_aranges
                0x00000648       0x20 ../exercise1_7_bsp//libhal_bsp.a(alt_dev_llist_insert.o)
 .debug_aranges
                0x00000668       0x20 ../exercise1_7_bsp//libhal_bsp.a(alt_do_ctors.o)
 .debug_aranges
                0x00000688       0x20 ../exercise1_7_bsp//libhal_bsp.a(alt_do_dtors.o)
 .debug_aranges
                0x000006a8       0x20 ../exercise1_7_bsp//libhal_bsp.a(alt_find_dev.o)
 .debug_aranges
                0x000006c8       0x20 ../exercise1_7_bsp//libhal_bsp.a(alt_icache_flush_all.o)
 .debug_aranges
                0x000006e8       0x20 ../exercise1_7_bsp//libhal_bsp.a(alt_io_redirect.o)
 .debug_aranges
                0x00000708       0x20 ../exercise1_7_bsp//libhal_bsp.a(alt_irq_register.o)
 .debug_aranges
                0x00000728       0x20 ../exercise1_7_bsp//libhal_bsp.a(alt_open.o)
 .debug_aranges
                0x00000748       0x20 ../exercise1_7_bsp//libhal_bsp.a(alt_tick.o)
 .debug_aranges
                0x00000768       0x20 ../exercise1_7_bsp//libhal_bsp.a(altera_nios2_qsys_irq.o)
 .debug_aranges
                0x00000788       0x20 ../exercise1_7_bsp//libhal_bsp.a(alt_find_file.o)
 .debug_aranges
                0x000007a8       0x20 ../exercise1_7_bsp//libhal_bsp.a(alt_get_fd.o)
 .debug_aranges
                0x000007c8       0x20 ../exercise1_7_bsp//libhal_bsp.a(alt_icache_flush.o)
 .debug_aranges
                0x000007e8       0x30 ../exercise1_7_bsp//libhal_bsp.a(alt_irq_entry.o)
 .debug_aranges
                0x00000818       0x28 ../exercise1_7_bsp//libhal_bsp.a(alt_irq_handler.o)
 .debug_aranges
                0x00000840       0x38 ../exercise1_7_bsp//libhal_bsp.a(alt_exception_entry.o)
 .debug_aranges
                0x00000878       0x20 /home/nick/altera/13.0sp1/nios2eds/bin/gnu/H-i686-pc-linux-gnu/bin/../lib/gcc/nios2-elf/4.1.2/../../../../nios2-elf/lib/libc.a(lib_a-atexit.o)
 .debug_aranges
                0x00000898       0x20 /home/nick/altera/13.0sp1/nios2eds/bin/gnu/H-i686-pc-linux-gnu/bin/../lib/gcc/nios2-elf/4.1.2/../../../../nios2-elf/lib/libc.a(lib_a-exit.o)
 .debug_aranges
                0x000008b8       0x20 /home/nick/altera/13.0sp1/nios2eds/bin/gnu/H-i686-pc-linux-gnu/bin/../lib/gcc/nios2-elf/4.1.2/../../../../nios2-elf/lib/libc.a(lib_a-memcmp.o)
 .debug_aranges
                0x000008d8       0x20 /home/nick/altera/13.0sp1/nios2eds/bin/gnu/H-i686-pc-linux-gnu/bin/../lib/gcc/nios2-elf/4.1.2/../../../../nios2-elf/lib/libc.a(lib_a-__atexit.o)
 .debug_aranges
                0x000008f8       0x20 /home/nick/altera/13.0sp1/nios2eds/bin/gnu/H-i686-pc-linux-gnu/bin/../lib/gcc/nios2-elf/4.1.2/../../../../nios2-elf/lib/libc.a(lib_a-__call_atexit.o)
 .debug_aranges
                0x00000918       0x20 ../exercise1_7_bsp//libhal_bsp.a(alt_exit.o)

.debug_pubnames
                0x00000000     0x1121
 *(.debug_pubnames)
 .debug_pubnames
                0x00000000       0x7b obj/default/exercise1_7.o
 .debug_pubnames
                0x0000007b       0x5c obj/default/fill.o
 .debug_pubnames
                0x000000d7       0x56 obj/default/fonts.o
 .debug_pubnames
                0x0000012d       0x27 /home/nick/altera/13.0sp1/nios2eds/bin/gnu/H-i686-pc-linux-gnu/bin/../lib/gcc/nios2-elf/4.1.2/../../../../nios2-elf/lib/libc.a(lib_a-puts.o)
 .debug_pubnames
                0x00000154       0x1d /home/nick/altera/13.0sp1/nios2eds/bin/gnu/H-i686-pc-linux-gnu/bin/../lib/gcc/nios2-elf/4.1.2/../../../../nios2-elf/lib/libc.a(lib_a-strlen.o)
 .debug_pubnames
                0x00000171       0x23 /home/nick/altera/13.0sp1/nios2eds/bin/gnu/H-i686-pc-linux-gnu/bin/../lib/gcc/nios2-elf/4.1.2/../../../../nios2-elf/lib/libc.a(lib_a-fvwrite.o)
 .debug_pubnames
                0x00000194       0x39 /home/nick/altera/13.0sp1/nios2eds/bin/gnu/H-i686-pc-linux-gnu/bin/../lib/gcc/nios2-elf/4.1.2/../../../../nios2-elf/lib/libc.a(lib_a-impure.o)
 .debug_pubnames
                0x000001cd       0xce /home/nick/altera/13.0sp1/nios2eds/bin/gnu/H-i686-pc-linux-gnu/bin/../lib/gcc/nios2-elf/4.1.2/../../../../nios2-elf/lib/libc.a(lib_a-mallocr.o)
 .debug_pubnames
                0x0000029b       0x1d /home/nick/altera/13.0sp1/nios2eds/bin/gnu/H-i686-pc-linux-gnu/bin/../lib/gcc/nios2-elf/4.1.2/../../../../nios2-elf/lib/libc.a(lib_a-memchr.o)
 .debug_pubnames
                0x000002b8       0x1d /home/nick/altera/13.0sp1/nios2eds/bin/gnu/H-i686-pc-linux-gnu/bin/../lib/gcc/nios2-elf/4.1.2/../../../../nios2-elf/lib/libc.a(lib_a-memcpy.o)
 .debug_pubnames
                0x000002d5       0x1e /home/nick/altera/13.0sp1/nios2eds/bin/gnu/H-i686-pc-linux-gnu/bin/../lib/gcc/nios2-elf/4.1.2/../../../../nios2-elf/lib/libc.a(lib_a-memmove.o)
 .debug_pubnames
                0x000002f3       0x21 /home/nick/altera/13.0sp1/nios2eds/bin/gnu/H-i686-pc-linux-gnu/bin/../lib/gcc/nios2-elf/4.1.2/../../../../nios2-elf/lib/libc.a(lib_a-reallocr.o)
 .debug_pubnames
                0x00000314       0x1e /home/nick/altera/13.0sp1/nios2eds/bin/gnu/H-i686-pc-linux-gnu/bin/../lib/gcc/nios2-elf/4.1.2/../../../../nios2-elf/lib/libc.a(lib_a-sbrkr.o)
 .debug_pubnames
                0x00000332       0x22 /home/nick/altera/13.0sp1/nios2eds/bin/gnu/H-i686-pc-linux-gnu/bin/../lib/gcc/nios2-elf/4.1.2/../../../../nios2-elf/lib/libc.a(lib_a-wsetup.o)
 .debug_pubnames
                0x00000354       0x2b /home/nick/altera/13.0sp1/nios2eds/bin/gnu/H-i686-pc-linux-gnu/bin/../lib/gcc/nios2-elf/4.1.2/../../../../nios2-elf/lib/libc.a(lib_a-fflush.o)
 .debug_pubnames
                0x0000037f       0xdb /home/nick/altera/13.0sp1/nios2eds/bin/gnu/H-i686-pc-linux-gnu/bin/../lib/gcc/nios2-elf/4.1.2/../../../../nios2-elf/lib/libc.a(lib_a-findfp.o)
 .debug_pubnames
                0x0000045a       0x31 /home/nick/altera/13.0sp1/nios2eds/bin/gnu/H-i686-pc-linux-gnu/bin/../lib/gcc/nios2-elf/4.1.2/../../../../nios2-elf/lib/libc.a(lib_a-freer.o)
 .debug_pubnames
                0x0000048b       0x2e /home/nick/altera/13.0sp1/nios2eds/bin/gnu/H-i686-pc-linux-gnu/bin/../lib/gcc/nios2-elf/4.1.2/../../../../nios2-elf/lib/libc.a(lib_a-fwalk.o)
 .debug_pubnames
                0x000004b9       0x1c /home/nick/altera/13.0sp1/nios2eds/bin/gnu/H-i686-pc-linux-gnu/bin/../lib/gcc/nios2-elf/4.1.2/../../../../nios2-elf/lib/libc.a(lib_a-int_errno.o)
 .debug_pubnames
                0x000004d5       0x23 /home/nick/altera/13.0sp1/nios2eds/bin/gnu/H-i686-pc-linux-gnu/bin/../lib/gcc/nios2-elf/4.1.2/../../../../nios2-elf/lib/libc.a(lib_a-makebuf.o)
 .debug_pubnames
                0x000004f8       0x1d /home/nick/altera/13.0sp1/nios2eds/bin/gnu/H-i686-pc-linux-gnu/bin/../lib/gcc/nios2-elf/4.1.2/../../../../nios2-elf/lib/libc.a(lib_a-memset.o)
 .debug_pubnames
                0x00000515       0x44 /home/nick/altera/13.0sp1/nios2eds/bin/gnu/H-i686-pc-linux-gnu/bin/../lib/gcc/nios2-elf/4.1.2/../../../../nios2-elf/lib/libc.a(lib_a-stdio.o)
 .debug_pubnames
                0x00000559       0x1f /home/nick/altera/13.0sp1/nios2eds/bin/gnu/H-i686-pc-linux-gnu/bin/../lib/gcc/nios2-elf/4.1.2/../../../../nios2-elf/lib/libc.a(lib_a-writer.o)
 .debug_pubnames
                0x00000578       0x1f /home/nick/altera/13.0sp1/nios2eds/bin/gnu/H-i686-pc-linux-gnu/bin/../lib/gcc/nios2-elf/4.1.2/../../../../nios2-elf/lib/libc.a(lib_a-closer.o)
 .debug_pubnames
                0x00000597       0x2b /home/nick/altera/13.0sp1/nios2eds/bin/gnu/H-i686-pc-linux-gnu/bin/../lib/gcc/nios2-elf/4.1.2/../../../../nios2-elf/lib/libc.a(lib_a-fclose.o)
 .debug_pubnames
                0x000005c2       0x1f /home/nick/altera/13.0sp1/nios2eds/bin/gnu/H-i686-pc-linux-gnu/bin/../lib/gcc/nios2-elf/4.1.2/../../../../nios2-elf/lib/libc.a(lib_a-fstatr.o)
 .debug_pubnames
                0x000005e1       0x20 /home/nick/altera/13.0sp1/nios2eds/bin/gnu/H-i686-pc-linux-gnu/bin/../lib/gcc/nios2-elf/4.1.2/../../../../nios2-elf/lib/libc.a(lib_a-isattyr.o)
 .debug_pubnames
                0x00000601       0x1f /home/nick/altera/13.0sp1/nios2eds/bin/gnu/H-i686-pc-linux-gnu/bin/../lib/gcc/nios2-elf/4.1.2/../../../../nios2-elf/lib/libc.a(lib_a-lseekr.o)
 .debug_pubnames
                0x00000620       0x1e /home/nick/altera/13.0sp1/nios2eds/bin/gnu/H-i686-pc-linux-gnu/bin/../lib/gcc/nios2-elf/4.1.2/../../../../nios2-elf/lib/libc.a(lib_a-readr.o)
 .debug_pubnames
                0x0000063e       0x1c ../exercise1_7_bsp//libhal_bsp.a(alt_close.o)
 .debug_pubnames
                0x0000065a       0x63 ../exercise1_7_bsp//libhal_bsp.a(alt_dev.o)
 .debug_pubnames
                0x000006bd       0x20 ../exercise1_7_bsp//libhal_bsp.a(alt_errno.o)
 .debug_pubnames
                0x000006dd       0x1c ../exercise1_7_bsp//libhal_bsp.a(alt_fstat.o)
 .debug_pubnames
                0x000006f9       0x1d ../exercise1_7_bsp//libhal_bsp.a(alt_isatty.o)
 .debug_pubnames
                0x00000716       0x1f ../exercise1_7_bsp//libhal_bsp.a(alt_load.o)
 .debug_pubnames
                0x00000735       0x1c ../exercise1_7_bsp//libhal_bsp.a(alt_lseek.o)
 .debug_pubnames
                0x00000751       0x46 ../exercise1_7_bsp//libhal_bsp.a(alt_main.o)
 .debug_pubnames
                0x00000797       0x38 ../exercise1_7_bsp//libhal_bsp.a(alt_malloc_lock.o)
 .debug_pubnames
                0x000007cf       0x1b ../exercise1_7_bsp//libhal_bsp.a(alt_read.o)
 .debug_pubnames
                0x000007ea       0x25 ../exercise1_7_bsp//libhal_bsp.a(alt_release_fd.o)
 .debug_pubnames
                0x0000080f       0x1b ../exercise1_7_bsp//libhal_bsp.a(alt_sbrk.o)
 .debug_pubnames
                0x0000082a       0x1c ../exercise1_7_bsp//libhal_bsp.a(alt_write.o)
 .debug_pubnames
                0x00000846       0x34 ../exercise1_7_bsp//libhal_bsp.a(alt_sys_init.o)
 .debug_pubnames
                0x0000087a       0xa5 ../exercise1_7_bsp//libhal_bsp.a(altera_avalon_jtag_uart_fd.o)
 .debug_pubnames
                0x0000091f       0x55 ../exercise1_7_bsp//libhal_bsp.a(altera_avalon_jtag_uart_init.o)
 .debug_pubnames
                0x00000974       0x34 ../exercise1_7_bsp//libhal_bsp.a(altera_avalon_jtag_uart_ioctl.o)
 .debug_pubnames
                0x000009a8       0x33 ../exercise1_7_bsp//libhal_bsp.a(altera_avalon_jtag_uart_read.o)
 .debug_pubnames
                0x000009db       0x34 ../exercise1_7_bsp//libhal_bsp.a(altera_avalon_jtag_uart_write.o)
 .debug_pubnames
                0x00000a0f       0x2f ../exercise1_7_bsp//libhal_bsp.a(altera_avalon_timer_sc.o)
 .debug_pubnames
                0x00000a3e      0x1cd ../exercise1_7_bsp//libhal_bsp.a(altera_up_avalon_character_lcd.o)
 .debug_pubnames
                0x00000c0b      0x163 ../exercise1_7_bsp//libhal_bsp.a(altera_up_avalon_rs232.o)
 .debug_pubnames
                0x00000d6e       0x26 ../exercise1_7_bsp//libhal_bsp.a(alt_alarm_start.o)
 .debug_pubnames
                0x00000d94       0x2b ../exercise1_7_bsp//libhal_bsp.a(alt_dcache_flush_all.o)
 .debug_pubnames
                0x00000dbf       0x2b ../exercise1_7_bsp//libhal_bsp.a(alt_dev_llist_insert.o)
 .debug_pubnames
                0x00000dea       0x20 ../exercise1_7_bsp//libhal_bsp.a(alt_do_ctors.o)
 .debug_pubnames
                0x00000e0a       0x20 ../exercise1_7_bsp//libhal_bsp.a(alt_do_dtors.o)
 .debug_pubnames
                0x00000e2a       0x23 ../exercise1_7_bsp//libhal_bsp.a(alt_find_dev.o)
 .debug_pubnames
                0x00000e4d       0x2b ../exercise1_7_bsp//libhal_bsp.a(alt_icache_flush_all.o)
 .debug_pubnames
                0x00000e78       0x26 ../exercise1_7_bsp//libhal_bsp.a(alt_io_redirect.o)
 .debug_pubnames
                0x00000e9e       0x27 ../exercise1_7_bsp//libhal_bsp.a(alt_irq_register.o)
 .debug_pubnames
                0x00000ec5       0x3b ../exercise1_7_bsp//libhal_bsp.a(alt_irq_vars.o)
 .debug_pubnames
                0x00000f00       0x1b ../exercise1_7_bsp//libhal_bsp.a(alt_open.o)
 .debug_pubnames
                0x00000f1b       0x68 ../exercise1_7_bsp//libhal_bsp.a(alt_tick.o)
 .debug_pubnames
                0x00000f83       0x31 ../exercise1_7_bsp//libhal_bsp.a(altera_nios2_qsys_irq.o)
 .debug_pubnames
                0x00000fb4       0x24 ../exercise1_7_bsp//libhal_bsp.a(alt_find_file.o)
 .debug_pubnames
                0x00000fd8       0x21 ../exercise1_7_bsp//libhal_bsp.a(alt_get_fd.o)
 .debug_pubnames
                0x00000ff9       0x27 ../exercise1_7_bsp//libhal_bsp.a(alt_icache_flush.o)
 .debug_pubnames
                0x00001020       0x32 ../exercise1_7_bsp//libhal_bsp.a(alt_irq_handler.o)
 .debug_pubnames
                0x00001052       0x2a /home/nick/altera/13.0sp1/nios2eds/bin/gnu/H-i686-pc-linux-gnu/bin/../lib/gcc/nios2-elf/4.1.2/../../../../nios2-elf/lib/libc.a(lib_a-atexit.o)
 .debug_pubnames
                0x0000107c       0x1b /home/nick/altera/13.0sp1/nios2eds/bin/gnu/H-i686-pc-linux-gnu/bin/../lib/gcc/nios2-elf/4.1.2/../../../../nios2-elf/lib/libc.a(lib_a-exit.o)
 .debug_pubnames
                0x00001097       0x1d /home/nick/altera/13.0sp1/nios2eds/bin/gnu/H-i686-pc-linux-gnu/bin/../lib/gcc/nios2-elf/4.1.2/../../../../nios2-elf/lib/libc.a(lib_a-memcmp.o)
 .debug_pubnames
                0x000010b4       0x2a /home/nick/altera/13.0sp1/nios2eds/bin/gnu/H-i686-pc-linux-gnu/bin/../lib/gcc/nios2-elf/4.1.2/../../../../nios2-elf/lib/libc.a(lib_a-__atexit.o)
 .debug_pubnames
                0x000010de       0x27 /home/nick/altera/13.0sp1/nios2eds/bin/gnu/H-i686-pc-linux-gnu/bin/../lib/gcc/nios2-elf/4.1.2/../../../../nios2-elf/lib/libc.a(lib_a-__call_atexit.o)
 .debug_pubnames
                0x00001105       0x1c ../exercise1_7_bsp//libhal_bsp.a(alt_exit.o)

.debug_info     0x00000000    0x1b5f7
 *(.debug_info .gnu.linkonce.wi.*)
 .debug_info    0x00000000       0x97 ../exercise1_7_bsp//obj/HAL/src/crt0.o
 .debug_info    0x00000097      0x434 obj/default/exercise1_7.o
 .debug_info    0x000004cb      0x2ce obj/default/fill.o
 .debug_info    0x00000799      0x1bc obj/default/fonts.o
 .debug_info    0x00000955      0xa25 /home/nick/altera/13.0sp1/nios2eds/bin/gnu/H-i686-pc-linux-gnu/bin/../lib/gcc/nios2-elf/4.1.2/../../../../nios2-elf/lib/libc.a(lib_a-puts.o)
 .debug_info    0x0000137a       0xdb /home/nick/altera/13.0sp1/nios2eds/bin/gnu/H-i686-pc-linux-gnu/bin/../lib/gcc/nios2-elf/4.1.2/../../../../nios2-elf/lib/libc.a(lib_a-strlen.o)
 .debug_info    0x00001455      0xa88 /home/nick/altera/13.0sp1/nios2eds/bin/gnu/H-i686-pc-linux-gnu/bin/../lib/gcc/nios2-elf/4.1.2/../../../../nios2-elf/lib/libc.a(lib_a-fvwrite.o)
 .debug_info    0x00001edd      0x93d /home/nick/altera/13.0sp1/nios2eds/bin/gnu/H-i686-pc-linux-gnu/bin/../lib/gcc/nios2-elf/4.1.2/../../../../nios2-elf/lib/libc.a(lib_a-impure.o)
 .debug_info    0x0000281a      0xcd0 /home/nick/altera/13.0sp1/nios2eds/bin/gnu/H-i686-pc-linux-gnu/bin/../lib/gcc/nios2-elf/4.1.2/../../../../nios2-elf/lib/libc.a(lib_a-mallocr.o)
 .debug_info    0x000034ea      0x138 /home/nick/altera/13.0sp1/nios2eds/bin/gnu/H-i686-pc-linux-gnu/bin/../lib/gcc/nios2-elf/4.1.2/../../../../nios2-elf/lib/libc.a(lib_a-memchr.o)
 .debug_info    0x00003622      0x106 /home/nick/altera/13.0sp1/nios2eds/bin/gnu/H-i686-pc-linux-gnu/bin/../lib/gcc/nios2-elf/4.1.2/../../../../nios2-elf/lib/libc.a(lib_a-memcpy.o)
 .debug_info    0x00003728      0x13e /home/nick/altera/13.0sp1/nios2eds/bin/gnu/H-i686-pc-linux-gnu/bin/../lib/gcc/nios2-elf/4.1.2/../../../../nios2-elf/lib/libc.a(lib_a-memmove.o)
 .debug_info    0x00003866      0xbd7 /home/nick/altera/13.0sp1/nios2eds/bin/gnu/H-i686-pc-linux-gnu/bin/../lib/gcc/nios2-elf/4.1.2/../../../../nios2-elf/lib/libc.a(lib_a-reallocr.o)
 .debug_info    0x0000443d      0x962 /home/nick/altera/13.0sp1/nios2eds/bin/gnu/H-i686-pc-linux-gnu/bin/../lib/gcc/nios2-elf/4.1.2/../../../../nios2-elf/lib/libc.a(lib_a-sbrkr.o)
 .debug_info    0x00004d9f      0x95d /home/nick/altera/13.0sp1/nios2eds/bin/gnu/H-i686-pc-linux-gnu/bin/../lib/gcc/nios2-elf/4.1.2/../../../../nios2-elf/lib/libc.a(lib_a-wsetup.o)
 .debug_info    0x000056fc      0x9fe /home/nick/altera/13.0sp1/nios2eds/bin/gnu/H-i686-pc-linux-gnu/bin/../lib/gcc/nios2-elf/4.1.2/../../../../nios2-elf/lib/libc.a(lib_a-fflush.o)
 .debug_info    0x000060fa      0xb72 /home/nick/altera/13.0sp1/nios2eds/bin/gnu/H-i686-pc-linux-gnu/bin/../lib/gcc/nios2-elf/4.1.2/../../../../nios2-elf/lib/libc.a(lib_a-findfp.o)
 .debug_info    0x00006c6c      0xbc9 /home/nick/altera/13.0sp1/nios2eds/bin/gnu/H-i686-pc-linux-gnu/bin/../lib/gcc/nios2-elf/4.1.2/../../../../nios2-elf/lib/libc.a(lib_a-freer.o)
 .debug_info    0x00007835      0xaed /home/nick/altera/13.0sp1/nios2eds/bin/gnu/H-i686-pc-linux-gnu/bin/../lib/gcc/nios2-elf/4.1.2/../../../../nios2-elf/lib/libc.a(lib_a-fwalk.o)
 .debug_info    0x00008322       0x8c /home/nick/altera/13.0sp1/nios2eds/bin/gnu/H-i686-pc-linux-gnu/bin/../lib/gcc/nios2-elf/4.1.2/../../../../nios2-elf/lib/libc.a(lib_a-int_errno.o)
 .debug_info    0x000083ae      0xb1a /home/nick/altera/13.0sp1/nios2eds/bin/gnu/H-i686-pc-linux-gnu/bin/../lib/gcc/nios2-elf/4.1.2/../../../../nios2-elf/lib/libc.a(lib_a-makebuf.o)
 .debug_info    0x00008ec8      0x113 /home/nick/altera/13.0sp1/nios2eds/bin/gnu/H-i686-pc-linux-gnu/bin/../lib/gcc/nios2-elf/4.1.2/../../../../nios2-elf/lib/libc.a(lib_a-memset.o)
 .debug_info    0x00008fdb      0xaac /home/nick/altera/13.0sp1/nios2eds/bin/gnu/H-i686-pc-linux-gnu/bin/../lib/gcc/nios2-elf/4.1.2/../../../../nios2-elf/lib/libc.a(lib_a-stdio.o)
 .debug_info    0x00009a87      0x993 /home/nick/altera/13.0sp1/nios2eds/bin/gnu/H-i686-pc-linux-gnu/bin/../lib/gcc/nios2-elf/4.1.2/../../../../nios2-elf/lib/libc.a(lib_a-writer.o)
 .debug_info    0x0000a41a      0x958 /home/nick/altera/13.0sp1/nios2eds/bin/gnu/H-i686-pc-linux-gnu/bin/../lib/gcc/nios2-elf/4.1.2/../../../../nios2-elf/lib/libc.a(lib_a-closer.o)
 .debug_info    0x0000ad72      0x994 /home/nick/altera/13.0sp1/nios2eds/bin/gnu/H-i686-pc-linux-gnu/bin/../lib/gcc/nios2-elf/4.1.2/../../../../nios2-elf/lib/libc.a(lib_a-fclose.o)
 .debug_info    0x0000b706      0xafc /home/nick/altera/13.0sp1/nios2eds/bin/gnu/H-i686-pc-linux-gnu/bin/../lib/gcc/nios2-elf/4.1.2/../../../../nios2-elf/lib/libc.a(lib_a-fstatr.o)
 .debug_info    0x0000c202      0x958 /home/nick/altera/13.0sp1/nios2eds/bin/gnu/H-i686-pc-linux-gnu/bin/../lib/gcc/nios2-elf/4.1.2/../../../../nios2-elf/lib/libc.a(lib_a-isattyr.o)
 .debug_info    0x0000cb5a      0x981 /home/nick/altera/13.0sp1/nios2eds/bin/gnu/H-i686-pc-linux-gnu/bin/../lib/gcc/nios2-elf/4.1.2/../../../../nios2-elf/lib/libc.a(lib_a-lseekr.o)
 .debug_info    0x0000d4db      0x98c /home/nick/altera/13.0sp1/nios2eds/bin/gnu/H-i686-pc-linux-gnu/bin/../lib/gcc/nios2-elf/4.1.2/../../../../nios2-elf/lib/libc.a(lib_a-readr.o)
 .debug_info    0x0000de67      0x483 ../exercise1_7_bsp//libhal_bsp.a(alt_close.o)
 .debug_info    0x0000e2ea      0x69b ../exercise1_7_bsp//libhal_bsp.a(alt_dev.o)
 .debug_info    0x0000e985      0x180 ../exercise1_7_bsp//libhal_bsp.a(alt_errno.o)
 .debug_info    0x0000eb05      0x67c ../exercise1_7_bsp//libhal_bsp.a(alt_fstat.o)
 .debug_info    0x0000f181      0x682 ../exercise1_7_bsp//libhal_bsp.a(alt_isatty.o)
 .debug_info    0x0000f803      0x2a9 ../exercise1_7_bsp//libhal_bsp.a(alt_load.o)
 .debug_info    0x0000faac      0x4b6 ../exercise1_7_bsp//libhal_bsp.a(alt_lseek.o)
 .debug_info    0x0000ff62      0x288 ../exercise1_7_bsp//libhal_bsp.a(alt_main.o)
 .debug_info    0x000101ea      0xc34 ../exercise1_7_bsp//libhal_bsp.a(alt_malloc_lock.o)
 .debug_info    0x00010e1e      0x6a6 ../exercise1_7_bsp//libhal_bsp.a(alt_read.o)
 .debug_info    0x000114c4      0x40e ../exercise1_7_bsp//libhal_bsp.a(alt_release_fd.o)
 .debug_info    0x000118d2      0x31a ../exercise1_7_bsp//libhal_bsp.a(alt_sbrk.o)
 .debug_info    0x00011bec      0x6af ../exercise1_7_bsp//libhal_bsp.a(alt_write.o)
 .debug_info    0x0001229b      0x80d ../exercise1_7_bsp//libhal_bsp.a(alt_sys_init.o)
 .debug_info    0x00012aa8      0x7f5 ../exercise1_7_bsp//libhal_bsp.a(altera_avalon_jtag_uart_fd.o)
 .debug_info    0x0001329d      0x65d ../exercise1_7_bsp//libhal_bsp.a(altera_avalon_jtag_uart_init.o)
 .debug_info    0x000138fa      0x45f ../exercise1_7_bsp//libhal_bsp.a(altera_avalon_jtag_uart_ioctl.o)
 .debug_info    0x00013d59      0x595 ../exercise1_7_bsp//libhal_bsp.a(altera_avalon_jtag_uart_read.o)
 .debug_info    0x000142ee      0x58d ../exercise1_7_bsp//libhal_bsp.a(altera_avalon_jtag_uart_write.o)
 .debug_info    0x0001487b      0x3e7 ../exercise1_7_bsp//libhal_bsp.a(altera_avalon_timer_sc.o)
 .debug_info    0x00014c62      0x905 ../exercise1_7_bsp//libhal_bsp.a(altera_up_avalon_character_lcd.o)
 .debug_info    0x00015567      0x7fb ../exercise1_7_bsp//libhal_bsp.a(altera_up_avalon_rs232.o)
 .debug_info    0x00015d62      0x491 ../exercise1_7_bsp//libhal_bsp.a(alt_alarm_start.o)
 .debug_info    0x000161f3      0x18b ../exercise1_7_bsp//libhal_bsp.a(alt_dcache_flush_all.o)
 .debug_info    0x0001637e      0x2d3 ../exercise1_7_bsp//libhal_bsp.a(alt_dev_llist_insert.o)
 .debug_info    0x00016651      0x12b ../exercise1_7_bsp//libhal_bsp.a(alt_do_ctors.o)
 .debug_info    0x0001677c      0x12a ../exercise1_7_bsp//libhal_bsp.a(alt_do_dtors.o)
 .debug_info    0x000168a6      0x434 ../exercise1_7_bsp//libhal_bsp.a(alt_find_dev.o)
 .debug_info    0x00016cda      0x178 ../exercise1_7_bsp//libhal_bsp.a(alt_icache_flush_all.o)
 .debug_info    0x00016e52      0x6b1 ../exercise1_7_bsp//libhal_bsp.a(alt_io_redirect.o)
 .debug_info    0x00017503      0x44b ../exercise1_7_bsp//libhal_bsp.a(alt_irq_register.o)
 .debug_info    0x0001794e      0x183 ../exercise1_7_bsp//libhal_bsp.a(alt_irq_vars.o)
 .debug_info    0x00017ad1      0x541 ../exercise1_7_bsp//libhal_bsp.a(alt_open.o)
 .debug_info    0x00018012      0x44d ../exercise1_7_bsp//libhal_bsp.a(alt_tick.o)
 .debug_info    0x0001845f      0x1c6 ../exercise1_7_bsp//libhal_bsp.a(altera_nios2_qsys_irq.o)
 .debug_info    0x00018625      0x43b ../exercise1_7_bsp//libhal_bsp.a(alt_find_file.o)
 .debug_info    0x00018a60      0x47c ../exercise1_7_bsp//libhal_bsp.a(alt_get_fd.o)
 .debug_info    0x00018edc      0x1c0 ../exercise1_7_bsp//libhal_bsp.a(alt_icache_flush.o)
 .debug_info    0x0001909c       0xa0 ../exercise1_7_bsp//libhal_bsp.a(alt_irq_entry.o)
 .debug_info    0x0001913c      0x2ce ../exercise1_7_bsp//libhal_bsp.a(alt_irq_handler.o)
 .debug_info    0x0001940a       0xa6 ../exercise1_7_bsp//libhal_bsp.a(alt_exception_entry.o)
 .debug_info    0x000194b0      0x181 /home/nick/altera/13.0sp1/nios2eds/bin/gnu/H-i686-pc-linux-gnu/bin/../lib/gcc/nios2-elf/4.1.2/../../../../nios2-elf/lib/libc.a(lib_a-atexit.o)
 .debug_info    0x00019631      0x93f /home/nick/altera/13.0sp1/nios2eds/bin/gnu/H-i686-pc-linux-gnu/bin/../lib/gcc/nios2-elf/4.1.2/../../../../nios2-elf/lib/libc.a(lib_a-exit.o)
 .debug_info    0x00019f70      0x115 /home/nick/altera/13.0sp1/nios2eds/bin/gnu/H-i686-pc-linux-gnu/bin/../lib/gcc/nios2-elf/4.1.2/../../../../nios2-elf/lib/libc.a(lib_a-memcmp.o)
 .debug_info    0x0001a085      0x99c /home/nick/altera/13.0sp1/nios2eds/bin/gnu/H-i686-pc-linux-gnu/bin/../lib/gcc/nios2-elf/4.1.2/../../../../nios2-elf/lib/libc.a(lib_a-__atexit.o)
 .debug_info    0x0001aa21      0x9e2 /home/nick/altera/13.0sp1/nios2eds/bin/gnu/H-i686-pc-linux-gnu/bin/../lib/gcc/nios2-elf/4.1.2/../../../../nios2-elf/lib/libc.a(lib_a-__call_atexit.o)
 .debug_info    0x0001b403      0x1f4 ../exercise1_7_bsp//libhal_bsp.a(alt_exit.o)

.debug_abbrev   0x00000000     0x5297
 *(.debug_abbrev)
 .debug_abbrev  0x00000000       0x12 ../exercise1_7_bsp//obj/HAL/src/crt0.o
 .debug_abbrev  0x00000012       0x9c obj/default/exercise1_7.o
 .debug_abbrev  0x000000ae       0xd9 obj/default/fill.o
 .debug_abbrev  0x00000187       0x63 obj/default/fonts.o
 .debug_abbrev  0x000001ea      0x1ac /home/nick/altera/13.0sp1/nios2eds/bin/gnu/H-i686-pc-linux-gnu/bin/../lib/gcc/nios2-elf/4.1.2/../../../../nios2-elf/lib/libc.a(lib_a-puts.o)
 .debug_abbrev  0x00000396       0x8b /home/nick/altera/13.0sp1/nios2eds/bin/gnu/H-i686-pc-linux-gnu/bin/../lib/gcc/nios2-elf/4.1.2/../../../../nios2-elf/lib/libc.a(lib_a-strlen.o)
 .debug_abbrev  0x00000421      0x1a3 /home/nick/altera/13.0sp1/nios2eds/bin/gnu/H-i686-pc-linux-gnu/bin/../lib/gcc/nios2-elf/4.1.2/../../../../nios2-elf/lib/libc.a(lib_a-fvwrite.o)
 .debug_abbrev  0x000005c4      0x157 /home/nick/altera/13.0sp1/nios2eds/bin/gnu/H-i686-pc-linux-gnu/bin/../lib/gcc/nios2-elf/4.1.2/../../../../nios2-elf/lib/libc.a(lib_a-impure.o)
 .debug_abbrev  0x0000071b      0x216 /home/nick/altera/13.0sp1/nios2eds/bin/gnu/H-i686-pc-linux-gnu/bin/../lib/gcc/nios2-elf/4.1.2/../../../../nios2-elf/lib/libc.a(lib_a-mallocr.o)
 .debug_abbrev  0x00000931       0xb5 /home/nick/altera/13.0sp1/nios2eds/bin/gnu/H-i686-pc-linux-gnu/bin/../lib/gcc/nios2-elf/4.1.2/../../../../nios2-elf/lib/libc.a(lib_a-memchr.o)
 .debug_abbrev  0x000009e6       0xb5 /home/nick/altera/13.0sp1/nios2eds/bin/gnu/H-i686-pc-linux-gnu/bin/../lib/gcc/nios2-elf/4.1.2/../../../../nios2-elf/lib/libc.a(lib_a-memcpy.o)
 .debug_abbrev  0x00000a9b       0xb5 /home/nick/altera/13.0sp1/nios2eds/bin/gnu/H-i686-pc-linux-gnu/bin/../lib/gcc/nios2-elf/4.1.2/../../../../nios2-elf/lib/libc.a(lib_a-memmove.o)
 .debug_abbrev  0x00000b50      0x1c3 /home/nick/altera/13.0sp1/nios2eds/bin/gnu/H-i686-pc-linux-gnu/bin/../lib/gcc/nios2-elf/4.1.2/../../../../nios2-elf/lib/libc.a(lib_a-reallocr.o)
 .debug_abbrev  0x00000d13      0x18c /home/nick/altera/13.0sp1/nios2eds/bin/gnu/H-i686-pc-linux-gnu/bin/../lib/gcc/nios2-elf/4.1.2/../../../../nios2-elf/lib/libc.a(lib_a-sbrkr.o)
 .debug_abbrev  0x00000e9f      0x170 /home/nick/altera/13.0sp1/nios2eds/bin/gnu/H-i686-pc-linux-gnu/bin/../lib/gcc/nios2-elf/4.1.2/../../../../nios2-elf/lib/libc.a(lib_a-wsetup.o)
 .debug_abbrev  0x0000100f      0x1c6 /home/nick/altera/13.0sp1/nios2eds/bin/gnu/H-i686-pc-linux-gnu/bin/../lib/gcc/nios2-elf/4.1.2/../../../../nios2-elf/lib/libc.a(lib_a-fflush.o)
 .debug_abbrev  0x000011d5      0x24c /home/nick/altera/13.0sp1/nios2eds/bin/gnu/H-i686-pc-linux-gnu/bin/../lib/gcc/nios2-elf/4.1.2/../../../../nios2-elf/lib/libc.a(lib_a-findfp.o)
 .debug_abbrev  0x00001421      0x1d9 /home/nick/altera/13.0sp1/nios2eds/bin/gnu/H-i686-pc-linux-gnu/bin/../lib/gcc/nios2-elf/4.1.2/../../../../nios2-elf/lib/libc.a(lib_a-freer.o)
 .debug_abbrev  0x000015fa      0x1e3 /home/nick/altera/13.0sp1/nios2eds/bin/gnu/H-i686-pc-linux-gnu/bin/../lib/gcc/nios2-elf/4.1.2/../../../../nios2-elf/lib/libc.a(lib_a-fwalk.o)
 .debug_abbrev  0x000017dd       0x3b /home/nick/altera/13.0sp1/nios2eds/bin/gnu/H-i686-pc-linux-gnu/bin/../lib/gcc/nios2-elf/4.1.2/../../../../nios2-elf/lib/libc.a(lib_a-int_errno.o)